Archive member included to satisfy reference by file (symbol)

libraries/mbedtls/library/libmbedcrypto.a(sha1.c.obj)
                              minerSlave/CMakeFiles/minerSlave.dir/__/utils/duinoCoinUtils.cpp.obj (mbedtls_sha1_init)
libraries/mbedtls/library/libmbedcrypto.a(platform_util.c.obj)
                              libraries/mbedtls/library/libmbedcrypto.a(sha1.c.obj) (mbedtls_platform_zeroize)
/Applications/ARM/bin/../lib/gcc/arm-none-eabi/10.3.1/thumb/v6-m/nofp/libgcc.a(_dvmd_tls.o)
                              minerSlave/CMakeFiles/minerSlave.dir/__/libraries/pico-sdk/src/rp2_common/pico_divider/divider.S.obj (__aeabi_idiv0)
/Applications/ARM/bin/../lib/gcc/arm-none-eabi/10.3.1/../../../../arm-none-eabi/lib/thumb/v6-m/nofp/libg.a(lib_a-atoi.o)
                              minerSlave/CMakeFiles/minerSlave.dir/minerSlave.cpp.obj (atoi)
/Applications/ARM/bin/../lib/gcc/arm-none-eabi/10.3.1/../../../../arm-none-eabi/lib/thumb/v6-m/nofp/libg.a(lib_a-calloc.o)
                              minerSlave/CMakeFiles/minerSlave.dir/__/libraries/pico-sdk/src/rp2_common/pico_malloc/pico_malloc.c.obj (calloc)
/Applications/ARM/bin/../lib/gcc/arm-none-eabi/10.3.1/../../../../arm-none-eabi/lib/thumb/v6-m/nofp/libg.a(lib_a-callocr.o)
                              /Applications/ARM/bin/../lib/gcc/arm-none-eabi/10.3.1/../../../../arm-none-eabi/lib/thumb/v6-m/nofp/libg.a(lib_a-calloc.o) (_calloc_r)
/Applications/ARM/bin/../lib/gcc/arm-none-eabi/10.3.1/../../../../arm-none-eabi/lib/thumb/v6-m/nofp/libg.a(lib_a-errno.o)
                              /Applications/ARM/bin/../lib/gcc/arm-none-eabi/10.3.1/../../../../arm-none-eabi/lib/thumb/v6-m/nofp/libg.a(lib_a-callocr.o) (__errno)
/Applications/ARM/bin/../lib/gcc/arm-none-eabi/10.3.1/../../../../arm-none-eabi/lib/thumb/v6-m/nofp/libg.a(lib_a-impure.o)
                              /Applications/ARM/bin/../lib/gcc/arm-none-eabi/10.3.1/../../../../arm-none-eabi/lib/thumb/v6-m/nofp/libg.a(lib_a-calloc.o) (_impure_ptr)
/Applications/ARM/bin/../lib/gcc/arm-none-eabi/10.3.1/../../../../arm-none-eabi/lib/thumb/v6-m/nofp/libg.a(lib_a-init.o)
                              /Applications/ARM/bin/../lib/gcc/arm-none-eabi/10.3.1/../../../../arm-none-eabi/lib/thumb/v6-m/nofp/crt0.o (__libc_init_array)
/Applications/ARM/bin/../lib/gcc/arm-none-eabi/10.3.1/../../../../arm-none-eabi/lib/thumb/v6-m/nofp/libg.a(lib_a-malloc.o)
                              minerSlave/CMakeFiles/minerSlave.dir/__/libraries/pico-sdk/src/rp2_common/pico_malloc/pico_malloc.c.obj (malloc)
/Applications/ARM/bin/../lib/gcc/arm-none-eabi/10.3.1/../../../../arm-none-eabi/lib/thumb/v6-m/nofp/libg.a(lib_a-mallocr.o)
                              /Applications/ARM/bin/../lib/gcc/arm-none-eabi/10.3.1/../../../../arm-none-eabi/lib/thumb/v6-m/nofp/libg.a(lib_a-callocr.o) (_malloc_r)
/Applications/ARM/bin/../lib/gcc/arm-none-eabi/10.3.1/../../../../arm-none-eabi/lib/thumb/v6-m/nofp/libg.a(lib_a-memcmp.o)
                              minerSlave/CMakeFiles/minerSlave.dir/__/utils/duinoCoinUtils.cpp.obj (memcmp)
/Applications/ARM/bin/../lib/gcc/arm-none-eabi/10.3.1/../../../../arm-none-eabi/lib/thumb/v6-m/nofp/libg.a(lib_a-memmove.o)
                              minerSlave/CMakeFiles/minerSlave.dir/__/utils/charbuffer.cpp.obj (memmove)
/Applications/ARM/bin/../lib/gcc/arm-none-eabi/10.3.1/../../../../arm-none-eabi/lib/thumb/v6-m/nofp/libg.a(lib_a-mlock.o)
                              /Applications/ARM/bin/../lib/gcc/arm-none-eabi/10.3.1/../../../../arm-none-eabi/lib/thumb/v6-m/nofp/libg.a(lib_a-mallocr.o) (__malloc_lock)
/Applications/ARM/bin/../lib/gcc/arm-none-eabi/10.3.1/../../../../arm-none-eabi/lib/thumb/v6-m/nofp/libg.a(lib_a-realloc.o)
                              minerSlave/CMakeFiles/minerSlave.dir/__/libraries/pico-sdk/src/rp2_common/pico_malloc/pico_malloc.c.obj (realloc)
/Applications/ARM/bin/../lib/gcc/arm-none-eabi/10.3.1/../../../../arm-none-eabi/lib/thumb/v6-m/nofp/libg.a(lib_a-reallocr.o)
                              /Applications/ARM/bin/../lib/gcc/arm-none-eabi/10.3.1/../../../../arm-none-eabi/lib/thumb/v6-m/nofp/libg.a(lib_a-realloc.o) (_realloc_r)
/Applications/ARM/bin/../lib/gcc/arm-none-eabi/10.3.1/../../../../arm-none-eabi/lib/thumb/v6-m/nofp/libg.a(lib_a-sbrkr.o)
                              /Applications/ARM/bin/../lib/gcc/arm-none-eabi/10.3.1/../../../../arm-none-eabi/lib/thumb/v6-m/nofp/libg.a(lib_a-mallocr.o) (_sbrk_r)
/Applications/ARM/bin/../lib/gcc/arm-none-eabi/10.3.1/../../../../arm-none-eabi/lib/thumb/v6-m/nofp/libg.a(lib_a-strchr.o)
                              minerSlave/CMakeFiles/minerSlave.dir/__/utils/charbuffer.cpp.obj (strchr)
/Applications/ARM/bin/../lib/gcc/arm-none-eabi/10.3.1/../../../../arm-none-eabi/lib/thumb/v6-m/nofp/libg.a(lib_a-strlen-stub.o)
                              minerSlave/CMakeFiles/minerSlave.dir/__/libraries/pico-sdk/src/rp2_common/pico_stdio/stdio.c.obj (strlen)
[...]
Memory Configuration

Name             Origin             Length             Attributes
FLASH            0x0000000010000000 0x0000000000200000 xr
RAM              0x0000000020000000 0x0000000000040000 xrw
SCRATCH_X        0x0000000020040000 0x0000000000001000 xrw
SCRATCH_Y        0x0000000020041000 0x0000000000001000 xrw
*default*        0x0000000000000000 0xffffffffffffffff

Linker script and memory map

LOAD /Applications/ARM/bin/../lib/gcc/arm-none-eabi/10.3.1/thumb/v6-m/nofp/crti.o
LOAD /Applications/ARM/bin/../lib/gcc/arm-none-eabi/10.3.1/thumb/v6-m/nofp/crtbegin.o
LOAD /Applications/ARM/bin/../lib/gcc/arm-none-eabi/10.3.1/../../../../arm-none-eabi/lib/thumb/v6-m/nofp/crt0.o

.flash_begin    0x0000000010000000        0x0
                0x0000000010000000                __flash_binary_start = .

.boot2          0x0000000010000000      0x100
                0x0000000010000000                __boot2_start__ = .
 *(.boot2)
 .boot2         0x0000000010000000      0x100 /var/folders/7z/r4r2qbgd4bb_p1x_wcg8qx4c0000gn/T//ccbltUiD.o
                0x0000000010000100                __boot2_end__ = .
                0x0000000000000001                ASSERT (((__boot2_end__ - __boot2_start__) == 0x100), ERROR: Pico second stage bootloader must be 256 bytes in size)

.text           0x0000000010000100     0x7f98
                0x0000000010000100                __logical_binary_start = .
 *(.vectors)
 .vectors       0x0000000010000100       0xd4 minerSlave/CMakeFiles/minerSlave.dir/__/libraries/pico-sdk/src/rp2_common/pico_standard_link/crt0.S.obj
                0x0000000010000100                __VECTOR_TABLE
                0x0000000010000100                __vectors
                0x00000000100001c0                __default_isrs_start
                0x00000000100001c0                isr_invalid
                0x00000000100001c2                isr_nmi
                0x00000000100001c4                isr_hardfault
                0x00000000100001c6                isr_svcall
                0x00000000100001c8                isr_pendsv
                0x00000000100001ca                isr_systick
                0x00000000100001cc                isr_irq28
                0x00000000100001cc                isr_irq19
                0x00000000100001cc                isr_irq0
                0x00000000100001cc                isr_irq6
                0x00000000100001cc                isr_irq22
                0x00000000100001cc                isr_irq17
                0x00000000100001cc                isr_irq14
                0x00000000100001cc                isr_irq2
                0x00000000100001cc                isr_irq10
                0x00000000100001cc                isr_irq8
                0x00000000100001cc                isr_irq24
                0x00000000100001cc                isr_irq1
                0x00000000100001cc                isr_irq7
                0x00000000100001cc                isr_irq21
                0x00000000100001cc                isr_irq20
                0x00000000100001cc                isr_irq15
                0x00000000100001cc                isr_irq25
                0x00000000100001cc                isr_irq4
                0x00000000100001cc                isr_irq16
                0x00000000100001cc                isr_irq29
                0x00000000100001cc                isr_irq26
                0x00000000100001cc                __default_isrs_end
                0x00000000100001cc                isr_irq3
                0x00000000100001cc                isr_irq9
                0x00000000100001cc                __unhandled_user_irq
                0x00000000100001cc                isr_irq13
                0x00000000100001cc                isr_irq27
                0x00000000100001cc                isr_irq31
                0x00000000100001cc                isr_irq5
                0x00000000100001cc                isr_irq11
                0x00000000100001cc                isr_irq23
                0x00000000100001cc                isr_irq18
                0x00000000100001cc                isr_irq30
                0x00000000100001cc                isr_irq12
                0x00000000100001d2                unhandled_user_irq_num_in_r0
 *(.binary_info_header)
 .binary_info_header
                0x00000000100001d4       0x14 minerSlave/CMakeFiles/minerSlave.dir/__/libraries/pico-sdk/src/rp2_common/pico_standard_link/crt0.S.obj
                0x00000000100001e8                __binary_info_header_end = .
 *(.reset)
 .reset         0x00000000100001e8       0xa8 minerSlave/CMakeFiles/minerSlave.dir/__/libraries/pico-sdk/src/rp2_common/pico_standard_link/crt0.S.obj
                0x00000000100001e8                _entry_point
                0x0000000010000266                __get_current_exception
 .reset         0x0000000010000290       0x30 minerSlave/CMakeFiles/minerSlave.dir/__/libraries/pico-sdk/src/rp2_common/pico_standard_link/binary_info.c.obj
 *(.init)
 .init          0x00000000100002c0        0x4 /Applications/ARM/bin/../lib/gcc/arm-none-eabi/10.3.1/thumb/v6-m/nofp/crti.o
                0x00000000100002c0                _init
 *(EXCLUDE_FILE(*libm.a: *libc.a:*lib_a-mem*.o *libgcc.a:) .text*)
 .text          0x00000000100002c4       0x48 /Applications/ARM/bin/../lib/gcc/arm-none-eabi/10.3.1/thumb/v6-m/nofp/crtbegin.o
 .text._Z14slaveLoopCore1v
                0x000000001000030c      0x134 minerSlave/CMakeFiles/minerSlave.dir/minerSlave.cpp.obj
                0x000000001000030c                slaveLoopCore1()
 .text._ZL16slave_on_requestv
                0x0000000010000440       0x1c minerSlave/CMakeFiles/minerSlave.dir/minerSlave.cpp.obj
 .text._ZL9slaveLoopv
                0x000000001000045c      0x134 minerSlave/CMakeFiles/minerSlave.dir/minerSlave.cpp.obj
 .text._Z41__static_initialization_and_destruction_0ii
                0x0000000010000590       0x44 minerSlave/CMakeFiles/minerSlave.dir/minerSlave.cpp.obj
 .text._ZL16slave_on_receivei
                0x00000000100005d4      0x3dc minerSlave/CMakeFiles/minerSlave.dir/minerSlave.cpp.obj
 .text.main     0x00000000100009b0       0x60 minerSlave/CMakeFiles/minerSlave.dir/minerSlave.cpp.obj
                0x00000000100009b0                main
 .text._GLOBAL__sub_I_receiveBuffer
                0x0000000010000a10       0x10 minerSlave/CMakeFiles/minerSlave.dir/minerSlave.cpp.obj
 .text.core1_trampoline
                0x0000000010000a20        0x2 minerSlave/CMakeFiles/minerSlave.dir/__/libraries/pico-sdk/src/rp2_common/pico_multicore/multicore.c.obj
 .text.core1_wrapper
                0x0000000010000a22        0xc minerSlave/CMakeFiles/minerSlave.dir/__/libraries/pico-sdk/src/rp2_common/pico_multicore/multicore.c.obj
                0x0000000010000a22                core1_wrapper
 .text.multicore_fifo_push_blocking
                0x0000000010000a2e       0x14 minerSlave/CMakeFiles/minerSlave.dir/__/libraries/pico-sdk/src/rp2_common/pico_multicore/multicore.c.obj
                0x0000000010000a2e                multicore_fifo_push_blocking
 .text.multicore_fifo_pop_blocking
                0x0000000010000a42       0x16 minerSlave/CMakeFiles/minerSlave.dir/__/libraries/pico-sdk/src/rp2_common/pico_multicore/multicore.c.obj
                0x0000000010000a42                multicore_fifo_pop_blocking
 .text.multicore_launch_core1_raw
                0x0000000010000a58       0x6e minerSlave/CMakeFiles/minerSlave.dir/__/libraries/pico-sdk/src/rp2_common/pico_multicore/multicore.c.obj
                0x0000000010000a58                multicore_launch_core1_raw
 *fill*         0x0000000010000ac6        0x2 
 .text.multicore_launch_core1_with_stack
                0x0000000010000ac8       0x50 minerSlave/CMakeFiles/minerSlave.dir/__/libraries/pico-sdk/src/rp2_common/pico_multicore/multicore.c.obj
                0x0000000010000ac8                multicore_launch_core1_with_stack
 .text.multicore_launch_core1
                0x0000000010000b18       0x24 minerSlave/CMakeFiles/minerSlave.dir/__/libraries/pico-sdk/src/rp2_common/pico_multicore/multicore.c.obj
                0x0000000010000b18                multicore_launch_core1
 .text.lock_init
                0x0000000010000b3c       0x10 minerSlave/CMakeFiles/minerSlave.dir/__/libraries/pico-sdk/src/common/pico_sync/lock_core.c.obj
                0x0000000010000b3c                lock_init
 .text.spin_locks_reset
                0x0000000010000b4c       0x20 minerSlave/CMakeFiles/minerSlave.dir/__/libraries/pico-sdk/src/rp2_common/hardware_sync/sync.c.obj
                0x0000000010000b4c                spin_locks_reset
 .text.next_striped_spin_lock_num
                0x0000000010000b6c       0x1c minerSlave/CMakeFiles/minerSlave.dir/__/libraries/pico-sdk/src/rp2_common/hardware_sync/sync.c.obj
                0x0000000010000b6c                next_striped_spin_lock_num
 .text.hw_claim_lock
                0x0000000010000b88       0x18 minerSlave/CMakeFiles/minerSlave.dir/__/libraries/pico-sdk/src/rp2_common/hardware_claim/claim.c.obj
                0x0000000010000b88                hw_claim_lock
 .text.hw_claim_unlock
                0x0000000010000ba0       0x14 minerSlave/CMakeFiles/minerSlave.dir/__/libraries/pico-sdk/src/rp2_common/hardware_claim/claim.c.obj
                0x0000000010000ba0                hw_claim_unlock
 .text.hw_claim_or_assert
                0x0000000010000bb4       0x32 minerSlave/CMakeFiles/minerSlave.dir/__/libraries/pico-sdk/src/rp2_common/hardware_claim/claim.c.obj
                0x0000000010000bb4                hw_claim_or_assert
 *fill*         0x0000000010000be6        0x2 
 .text.running_on_fpga
                0x0000000010000be8       0x14 minerSlave/CMakeFiles/minerSlave.dir/__/libraries/pico-sdk/src/rp2_common/pico_platform/platform.c.obj
                0x0000000010000be8                running_on_fpga
 .text.alarm_pool_post_alloc_init
                0x0000000010000bfc       0x40 minerSlave/CMakeFiles/minerSlave.dir/__/libraries/pico-sdk/src/common/pico_time/time.c.obj
 .text.sleep_until_callback
                0x0000000010000c3c       0x30 minerSlave/CMakeFiles/minerSlave.dir/__/libraries/pico-sdk/src/common/pico_time/time.c.obj
 .text.timer_pool_entry_comparator
                0x0000000010000c6c       0x7c minerSlave/CMakeFiles/minerSlave.dir/__/libraries/pico-sdk/src/common/pico_time/time.c.obj
                0x0000000010000c6c                timer_pool_entry_comparator
 .text.ph_add_child_node
                0x0000000010000ce8       0xa4 minerSlave/CMakeFiles/minerSlave.dir/__/libraries/pico-sdk/src/common/pico_time/time.c.obj
 .text.ph_merge_nodes
                0x0000000010000d8c       0x3e minerSlave/CMakeFiles/minerSlave.dir/__/libraries/pico-sdk/src/common/pico_time/time.c.obj
 *fill*         0x0000000010000dca        0x2 
 .text.add_alarm_under_lock
                0x0000000010000dcc      0x174 minerSlave/CMakeFiles/minerSlave.dir/__/libraries/pico-sdk/src/common/pico_time/time.c.obj
 .text.alarm_pool_alarm_callback
                0x0000000010000f40      0x328 minerSlave/CMakeFiles/minerSlave.dir/__/libraries/pico-sdk/src/common/pico_time/time.c.obj
 .text.alarm_pool_init_default
                0x0000000010001268       0x38 minerSlave/CMakeFiles/minerSlave.dir/__/libraries/pico-sdk/src/common/pico_time/time.c.obj
                0x0000000010001268                alarm_pool_init_default
 .text.alarm_pool_get_default
                0x00000000100012a0       0x2c minerSlave/CMakeFiles/minerSlave.dir/__/libraries/pico-sdk/src/common/pico_time/time.c.obj
                0x00000000100012a0                alarm_pool_get_default
 .text.alarm_pool_add_alarm_at
                0x00000000100012cc      0x170 minerSlave/CMakeFiles/minerSlave.dir/__/libraries/pico-sdk/src/common/pico_time/time.c.obj
                0x00000000100012cc                alarm_pool_add_alarm_at
 .text.sleep_until
                0x000000001000143c       0xfc minerSlave/CMakeFiles/minerSlave.dir/__/libraries/pico-sdk/src/common/pico_time/time.c.obj
                0x000000001000143c                sleep_until
 .text.sleep_us
                0x0000000010001538       0x58 minerSlave/CMakeFiles/minerSlave.dir/__/libraries/pico-sdk/src/common/pico_time/time.c.obj
                0x0000000010001538                sleep_us
 .text.sleep_ms
                0x0000000010001590       0x14 minerSlave/CMakeFiles/minerSlave.dir/__/libraries/pico-sdk/src/common/pico_time/time.c.obj
                0x0000000010001590                sleep_ms
 .text.hardware_alarm_irq_handler
                0x00000000100015a4       0x8c minerSlave/CMakeFiles/minerSlave.dir/__/libraries/pico-sdk/src/rp2_common/hardware_timer/timer.c.obj
 .text.hardware_alarm_claim
                0x0000000010001630       0x18 minerSlave/CMakeFiles/minerSlave.dir/__/libraries/pico-sdk/src/rp2_common/hardware_timer/timer.c.obj
                0x0000000010001630                hardware_alarm_claim
 .text.time_us_64
                0x0000000010001648       0x18 minerSlave/CMakeFiles/minerSlave.dir/__/libraries/pico-sdk/src/rp2_common/hardware_timer/timer.c.obj
                0x0000000010001648                time_us_64
 .text.busy_wait_until
                0x0000000010001660       0x28 minerSlave/CMakeFiles/minerSlave.dir/__/libraries/pico-sdk/src/rp2_common/hardware_timer/timer.c.obj
                0x0000000010001660                busy_wait_until
 .text.hardware_alarm_set_callback
                0x0000000010001688       0x90 minerSlave/CMakeFiles/minerSlave.dir/__/libraries/pico-sdk/src/rp2_common/hardware_timer/timer.c.obj
                0x0000000010001688                hardware_alarm_set_callback
 .text.hardware_alarm_set_target
                0x0000000010001718       0xe8 minerSlave/CMakeFiles/minerSlave.dir/__/libraries/pico-sdk/src/rp2_common/hardware_timer/timer.c.obj
                0x0000000010001718                hardware_alarm_set_target
 .text.hardware_alarm_cancel
                0x0000000010001800       0x40 minerSlave/CMakeFiles/minerSlave.dir/__/libraries/pico-sdk/src/rp2_common/hardware_timer/timer.c.obj
                0x0000000010001800                hardware_alarm_cancel
 .text.ph_add_child_node
                0x0000000010001840       0xa4 minerSlave/CMakeFiles/minerSlave.dir/__/libraries/pico-sdk/src/common/pico_util/pheap.c.obj
 .text.ph_merge_nodes
                0x00000000100018e4       0x3e minerSlave/CMakeFiles/minerSlave.dir/__/libraries/pico-sdk/src/common/pico_util/pheap.c.obj
 *fill*         0x0000000010001922        0x2 
 .text.ph_clear
                0x0000000010001924       0x70 minerSlave/CMakeFiles/minerSlave.dir/__/libraries/pico-sdk/src/common/pico_util/pheap.c.obj
                0x0000000010001924                ph_clear
 .text.ph_post_alloc_init
                0x0000000010001994        0xe minerSlave/CMakeFiles/minerSlave.dir/__/libraries/pico-sdk/src/common/pico_util/pheap.c.obj
                0x0000000010001994                ph_post_alloc_init
 *fill*         0x00000000100019a2        0x2 
 .text.ph_merge_two_pass
                0x00000000100019a4       0xa8 minerSlave/CMakeFiles/minerSlave.dir/__/libraries/pico-sdk/src/common/pico_util/pheap.c.obj
                0x00000000100019a4                ph_merge_two_pass
 .text.ph_remove_any_head
                0x0000000010001a4c      0x108 minerSlave/CMakeFiles/minerSlave.dir/__/libraries/pico-sdk/src/common/pico_util/pheap.c.obj
 .text.ph_remove_head
                0x0000000010001b54       0x14 minerSlave/CMakeFiles/minerSlave.dir/__/libraries/pico-sdk/src/common/pico_util/pheap.c.obj
                0x0000000010001b54                ph_remove_head
 .text.ph_remove_and_free_node
                0x0000000010001b68       0xf8 minerSlave/CMakeFiles/minerSlave.dir/__/libraries/pico-sdk/src/common/pico_util/pheap.c.obj
                0x0000000010001b68                ph_remove_and_free_node
 .text.mutex_init
                0x0000000010001c60       0x1a minerSlave/CMakeFiles/minerSlave.dir/__/libraries/pico-sdk/src/common/pico_sync/mutex.c.obj
                0x0000000010001c60                mutex_init
 .text.recursive_mutex_init
                0x0000000010001c7a       0x1e minerSlave/CMakeFiles/minerSlave.dir/__/libraries/pico-sdk/src/common/pico_sync/mutex.c.obj
                0x0000000010001c7a                recursive_mutex_init
 .text.set_raw_irq_handler_and_unlock
                0x0000000010001c98       0x28 minerSlave/CMakeFiles/minerSlave.dir/__/libraries/pico-sdk/src/rp2_common/hardware_irq/irq.c.obj
 .text.make_branch
                0x0000000010001cc0       0x48 minerSlave/CMakeFiles/minerSlave.dir/__/libraries/pico-sdk/src/rp2_common/hardware_irq/irq.c.obj
 .text.insert_branch_and_link
                0x0000000010001d08       0x40 minerSlave/CMakeFiles/minerSlave.dir/__/libraries/pico-sdk/src/rp2_common/hardware_irq/irq.c.obj
 .text.irq_is_enabled
                0x0000000010001d48       0x18 minerSlave/CMakeFiles/minerSlave.dir/__/libraries/pico-sdk/src/rp2_common/hardware_irq/irq.c.obj
                0x0000000010001d48                irq_is_enabled
 .text.irq_set_mask_enabled
                0x0000000010001d60       0x20 minerSlave/CMakeFiles/minerSlave.dir/__/libraries/pico-sdk/src/rp2_common/hardware_irq/irq.c.obj
                0x0000000010001d60                irq_set_mask_enabled
 .text.irq_set_enabled
                0x0000000010001d80        0xe minerSlave/CMakeFiles/minerSlave.dir/__/libraries/pico-sdk/src/rp2_common/hardware_irq/irq.c.obj
                0x0000000010001d80                irq_set_enabled
 *fill*         0x0000000010001d8e        0x2 
 .text.irq_get_vtable_handler
                0x0000000010001d90       0x10 minerSlave/CMakeFiles/minerSlave.dir/__/libraries/pico-sdk/src/rp2_common/hardware_irq/irq.c.obj
                0x0000000010001d90                irq_get_vtable_handler
 .text.irq_set_exclusive_handler
                0x0000000010001da0       0x54 minerSlave/CMakeFiles/minerSlave.dir/__/libraries/pico-sdk/src/rp2_common/hardware_irq/irq.c.obj
                0x0000000010001da0                irq_set_exclusive_handler
 .text.irq_remove_handler
                0x0000000010001df4      0x1a8 minerSlave/CMakeFiles/minerSlave.dir/__/libraries/pico-sdk/src/rp2_common/hardware_irq/irq.c.obj
                0x0000000010001df4                irq_remove_handler
 .text.irq_add_tail_to_free_list
                0x0000000010001f9c       0xf0 minerSlave/CMakeFiles/minerSlave.dir/__/libraries/pico-sdk/src/rp2_common/hardware_irq/irq.c.obj
                0x0000000010001f9c                irq_add_tail_to_free_list
 .text.irq_init_priorities
                0x000000001000208c       0x1c minerSlave/CMakeFiles/minerSlave.dir/__/libraries/pico-sdk/src/rp2_common/hardware_irq/irq.c.obj
                0x000000001000208c                irq_init_priorities
 .text.i2c_set_baudrate
                0x00000000100020a8       0xf0 minerSlave/CMakeFiles/minerSlave.dir/__/libraries/pico-sdk/src/rp2_common/hardware_i2c/i2c.c.obj
                0x00000000100020a8                i2c_set_baudrate
 .text.i2c_init
                0x0000000010002198       0x58 minerSlave/CMakeFiles/minerSlave.dir/__/libraries/pico-sdk/src/rp2_common/hardware_i2c/i2c.c.obj
                0x0000000010002198                i2c_init
 .text.i2c_set_slave_mode
                0x00000000100021f0       0x48 minerSlave/CMakeFiles/minerSlave.dir/__/libraries/pico-sdk/src/rp2_common/hardware_i2c/i2c.c.obj
                0x00000000100021f0                i2c_set_slave_mode
 .text.i2c_slave_init
                0x0000000010002238       0x98 minerSlave/CMakeFiles/minerSlave.dir/__/i2c_slave/i2c_slave.c.obj
                0x0000000010002238                i2c_slave_init
 .text.i2c_slave_deinit
                0x00000000100022d0       0xa8 minerSlave/CMakeFiles/minerSlave.dir/__/i2c_slave/i2c_slave.c.obj
                0x00000000100022d0                i2c_slave_deinit
 .text.gpio_set_function
                0x0000000010002378       0x30 minerSlave/CMakeFiles/minerSlave.dir/__/libraries/pico-sdk/src/rp2_common/hardware_gpio/gpio.c.obj
                0x0000000010002378                gpio_set_function
 .text.gpio_set_pulls
                0x00000000100023a8       0x34 minerSlave/CMakeFiles/minerSlave.dir/__/libraries/pico-sdk/src/rp2_common/hardware_gpio/gpio.c.obj
                0x00000000100023a8                gpio_set_pulls
 .text.gpio_init
                0x00000000100023dc       0x16 minerSlave/CMakeFiles/minerSlave.dir/__/libraries/pico-sdk/src/rp2_common/hardware_gpio/gpio.c.obj
                0x00000000100023dc                gpio_init
 *fill*         0x00000000100023f2        0x2 
 .text.uart_set_baudrate
                0x00000000100023f4       0x5c minerSlave/CMakeFiles/minerSlave.dir/__/libraries/pico-sdk/src/rp2_common/hardware_uart/uart.c.obj
                0x00000000100023f4                uart_set_baudrate
 .text.uart_set_translate_crlf
                0x0000000010002450       0x28 minerSlave/CMakeFiles/minerSlave.dir/__/libraries/pico-sdk/src/rp2_common/hardware_uart/uart.c.obj
                0x0000000010002450                uart_set_translate_crlf
 .text.uart_init
                0x0000000010002478       0x80 minerSlave/CMakeFiles/minerSlave.dir/__/libraries/pico-sdk/src/rp2_common/hardware_uart/uart.c.obj
                0x0000000010002478                uart_init
 .text._exit    0x00000000100024f8        0x4 minerSlave/CMakeFiles/minerSlave.dir/__/libraries/pico-sdk/src/rp2_common/pico_runtime/runtime.c.obj
                0x00000000100024f8                _exit
 .text.exit     0x00000000100024fc        0x6 minerSlave/CMakeFiles/minerSlave.dir/__/libraries/pico-sdk/src/rp2_common/pico_runtime/runtime.c.obj
                0x00000000100024fc                exit
 *fill*         0x0000000010002502        0x2 
 .text.__assert_func
                0x0000000010002504       0x3c minerSlave/CMakeFiles/minerSlave.dir/__/libraries/pico-sdk/src/rp2_common/pico_runtime/runtime.c.obj
                0x0000000010002504                __assert_func
 .text.runtime_init
                0x0000000010002540       0xf8 minerSlave/CMakeFiles/minerSlave.dir/__/libraries/pico-sdk/src/rp2_common/pico_runtime/runtime.c.obj
                0x0000000010002540                runtime_init
 .text.panic    0x0000000010002638       0x30 minerSlave/CMakeFiles/minerSlave.dir/__/libraries/pico-sdk/src/rp2_common/pico_runtime/runtime.c.obj
                0x0000000010002638                panic
 .text.clock_configure
                0x0000000010002668      0x104 minerSlave/CMakeFiles/minerSlave.dir/__/libraries/pico-sdk/src/rp2_common/hardware_clocks/clocks.c.obj
                0x0000000010002668                clock_configure
 .text.clocks_init
                0x000000001000276c      0x100 minerSlave/CMakeFiles/minerSlave.dir/__/libraries/pico-sdk/src/rp2_common/hardware_clocks/clocks.c.obj
                0x000000001000276c                clocks_init
 .text.clock_get_hz
                0x000000001000286c        0xc minerSlave/CMakeFiles/minerSlave.dir/__/libraries/pico-sdk/src/rp2_common/hardware_clocks/clocks.c.obj
                0x000000001000286c                clock_get_hz
 .text.pll_init
                0x0000000010002878      0x140 minerSlave/CMakeFiles/minerSlave.dir/__/libraries/pico-sdk/src/rp2_common/hardware_pll/pll.c.obj
                0x0000000010002878                pll_init
 .text.watchdog_start_tick
                0x00000000100029b8       0x10 minerSlave/CMakeFiles/minerSlave.dir/__/libraries/pico-sdk/src/rp2_common/hardware_watchdog/watchdog.c.obj
                0x00000000100029b8                watchdog_start_tick
 .text.xosc_init
                0x00000000100029c8       0x28 minerSlave/CMakeFiles/minerSlave.dir/__/libraries/pico-sdk/src/rp2_common/hardware_xosc/xosc.c.obj
                0x00000000100029c8                xosc_init
 .text._out_buffer
                0x00000000100029f0        0x8 minerSlave/CMakeFiles/minerSlave.dir/__/libraries/pico-sdk/src/rp2_common/pico_printf/printf.c.obj
 .text._out_null
                0x00000000100029f8        0x2 minerSlave/CMakeFiles/minerSlave.dir/__/libraries/pico-sdk/src/rp2_common/pico_printf/printf.c.obj
 .text._out_fct
                0x00000000100029fa        0xe minerSlave/CMakeFiles/minerSlave.dir/__/libraries/pico-sdk/src/rp2_common/pico_printf/printf.c.obj
 .text._atoi    0x0000000010002a08       0x24 minerSlave/CMakeFiles/minerSlave.dir/__/libraries/pico-sdk/src/rp2_common/pico_printf/printf.c.obj
 .text._out_rev
                0x0000000010002a2c       0xae minerSlave/CMakeFiles/minerSlave.dir/__/libraries/pico-sdk/src/rp2_common/pico_printf/printf.c.obj
 .text._ntoa_format
                0x0000000010002ada      0x112 minerSlave/CMakeFiles/minerSlave.dir/__/libraries/pico-sdk/src/rp2_common/pico_printf/printf.c.obj
 .text._ntoa_long
                0x0000000010002bec       0xbc minerSlave/CMakeFiles/minerSlave.dir/__/libraries/pico-sdk/src/rp2_common/pico_printf/printf.c.obj
 .text._ntoa_long_long
                0x0000000010002ca8       0xe2 minerSlave/CMakeFiles/minerSlave.dir/__/libraries/pico-sdk/src/rp2_common/pico_printf/printf.c.obj
 *fill*         0x0000000010002d8a        0x2 
 .text._etoa    0x0000000010002d8c      0x414 minerSlave/CMakeFiles/minerSlave.dir/__/libraries/pico-sdk/src/rp2_common/pico_printf/printf.c.obj
 .text._ftoa    0x00000000100031a0      0x354 minerSlave/CMakeFiles/minerSlave.dir/__/libraries/pico-sdk/src/rp2_common/pico_printf/printf.c.obj
 .text._vsnprintf
                0x00000000100034f4      0x624 minerSlave/CMakeFiles/minerSlave.dir/__/libraries/pico-sdk/src/rp2_common/pico_printf/printf.c.obj
 .text.__wrap_sprintf
                0x0000000010003b18       0x28 minerSlave/CMakeFiles/minerSlave.dir/__/libraries/pico-sdk/src/rp2_common/pico_printf/printf.c.obj
                0x0000000010003b18                __wrap_sprintf
 .text.vfctprintf
                0x0000000010003b40       0x20 minerSlave/CMakeFiles/minerSlave.dir/__/libraries/pico-sdk/src/rp2_common/pico_printf/printf.c.obj
                0x0000000010003b40                vfctprintf
 .text          0x0000000010003b60       0x10 minerSlave/CMakeFiles/minerSlave.dir/__/libraries/pico-sdk/src/rp2_common/pico_bit_ops/bit_ops_aeabi.S.obj
 .text.rom_func_lookup
                0x0000000010003b70       0x10 minerSlave/CMakeFiles/minerSlave.dir/__/libraries/pico-sdk/src/rp2_common/pico_bootrom/bootrom.c.obj
                0x0000000010003b70                rom_func_lookup
 .text.rom_data_lookup
                0x0000000010003b80       0x10 minerSlave/CMakeFiles/minerSlave.dir/__/libraries/pico-sdk/src/rp2_common/pico_bootrom/bootrom.c.obj
                0x0000000010003b80                rom_data_lookup
 .text.rom_funcs_lookup
                0x0000000010003b90       0x36 minerSlave/CMakeFiles/minerSlave.dir/__/libraries/pico-sdk/src/rp2_common/pico_bootrom/bootrom.c.obj
                0x0000000010003b90                rom_funcs_lookup
 *fill*         0x0000000010003bc6        0x2 
 .text.__wrap___aeabi_idiv
                0x0000000010003bc8       0x50 minerSlave/CMakeFiles/minerSlave.dir/__/libraries/pico-sdk/src/rp2_common/pico_divider/divider.S.obj
                0x0000000010003bc8                __wrap___aeabi_idivmod
                0x0000000010003bc8                divmod_s32s32
                0x0000000010003bc8                div_s32s32
                0x0000000010003bc8                __wrap___aeabi_idiv
                0x0000000010003bd0                divmod_s32s32_unsafe
                0x0000000010003bfc                divmod_s32s32_savestate
 .text.__wrap___aeabi_uidiv
                0x0000000010003c18       0x4c minerSlave/CMakeFiles/minerSlave.dir/__/libraries/pico-sdk/src/rp2_common/pico_divider/divider.S.obj
                0x0000000010003c18                __wrap___aeabi_uidiv
                0x0000000010003c18                __wrap___aeabi_uidivmod
                0x0000000010003c18                div_u32u32
                0x0000000010003c18                divmod_u32u32
                0x0000000010003c20                divmod_u32u32_unsafe
                0x0000000010003c48                divmod_u32u32_savestate
 .text.__wrap___aeabi_ldiv
                0x0000000010003c64      0x434 minerSlave/CMakeFiles/minerSlave.dir/__/libraries/pico-sdk/src/rp2_common/pico_divider/divider.S.obj
                0x0000000010003c64                __wrap___aeabi_ldivmod
                0x0000000010003c64                div_s64s64
                0x0000000010003c64                divmod_s64s64
                0x0000000010003c9c                divmod_u64u64
                0x0000000010003c9c                div_u64u64
                0x0000000010003c9c                __wrap___aeabi_uldivmod
                0x0000000010003cac                divmod_u64u64_savestate
                0x0000000010003cd4                divmod_s64s64_unsafe
                0x0000000010003d5c                divmod_u64u64_unsafe
 .text.__wrap___aeabi_darithmetic
                0x0000000010004098       0x80 minerSlave/CMakeFiles/minerSlave.dir/__/libraries/pico-sdk/src/rp2_common/pico_double/double_aeabi.S.obj
                0x0000000010004098                __wrap___aeabi_drsub
                0x000000001000409e                __wrap___aeabi_dsub
                0x00000000100040b0                __wrap___aeabi_dadd
                0x00000000100040c2                __wrap___aeabi_ddiv
                0x00000000100040fe                __wrap___aeabi_dmul
 .text.__wrap___aeabi_cdcmple
                0x0000000010004118       0x6c minerSlave/CMakeFiles/minerSlave.dir/__/libraries/pico-sdk/src/rp2_common/pico_double/double_aeabi.S.obj
                0x0000000010004118                __wrap___aeabi_cdrcmple
                0x0000000010004128                __wrap___aeabi_cdcmple
                0x0000000010004128                __wrap___aeabi_cdcmpeq
 .text.__wrap___aeabi_dcmplt
                0x0000000010004184        0xc minerSlave/CMakeFiles/minerSlave.dir/__/libraries/pico-sdk/src/rp2_common/pico_double/double_aeabi.S.obj
                0x0000000010004184                __wrap___aeabi_dcmplt
 .text.__wrap___aeabi_dcmple
                0x0000000010004190       0x10 minerSlave/CMakeFiles/minerSlave.dir/__/libraries/pico-sdk/src/rp2_common/pico_double/double_aeabi.S.obj
                0x0000000010004190                __wrap___aeabi_dcmple
 .text.__wrap___aeabi_dcmpge
                0x00000000100041a0       0x10 minerSlave/CMakeFiles/minerSlave.dir/__/libraries/pico-sdk/src/rp2_common/pico_double/double_aeabi.S.obj
                0x00000000100041a0                __wrap___aeabi_dcmpge
 .text.__wrap___aeabi_dcmpgt
                0x00000000100041b0        0xa minerSlave/CMakeFiles/minerSlave.dir/__/libraries/pico-sdk/src/rp2_common/pico_double/double_aeabi.S.obj
                0x00000000100041b0                __wrap___aeabi_dcmpgt
 .text.__wrap___aeabi_dcmpun
                0x00000000100041ba       0x1c minerSlave/CMakeFiles/minerSlave.dir/__/libraries/pico-sdk/src/rp2_common/pico_double/double_aeabi.S.obj
                0x00000000100041ba                __wrap___aeabi_dcmpun
 *fill*         0x00000000100041d6        0x2 
 .text.__wrap___aeabi_i2d
                0x00000000100041d8       0x38 minerSlave/CMakeFiles/minerSlave.dir/__/libraries/pico-sdk/src/rp2_common/pico_double/double_aeabi.S.obj
                0x00000000100041d8                __wrap___aeabi_ui2d
                0x00000000100041e0                __wrap___aeabi_i2d
 .text.__wrap___aeabi_d2iz
                0x0000000010004210       0x48 minerSlave/CMakeFiles/minerSlave.dir/__/libraries/pico-sdk/src/rp2_common/pico_double/double_aeabi.S.obj
                0x0000000010004210                __wrap___aeabi_d2iz
                0x0000000010004210                double2int_z
 .text.__wrap___aeabi_d2uiz
                0x0000000010004258       0x18 minerSlave/CMakeFiles/minerSlave.dir/__/libraries/pico-sdk/src/rp2_common/pico_double/double_aeabi.S.obj
                0x0000000010004258                double2uint
                0x0000000010004258                __wrap___aeabi_d2uiz
 .text.__aeabi_double_init
                0x0000000010004270       0xc8 minerSlave/CMakeFiles/minerSlave.dir/__/libraries/pico-sdk/src/rp2_common/pico_double/double_init_rom.c.obj
                0x0000000010004270                __aeabi_double_init
 .text.double_table_shim_on_use_helper
                0x0000000010004338       0x34 minerSlave/CMakeFiles/minerSlave.dir/__/libraries/pico-sdk/src/rp2_common/pico_double/double_v1_rom_shim.S.obj
                0x0000000010004338                double_table_shim_on_use_helper
 .text.__wrap___aeabi_dsub
                0x000000001000436c       0x10 minerSlave/CMakeFiles/minerSlave.dir/__/libraries/pico-sdk/src/rp2_common/pico_double/double_v1_rom_shim.S.obj
                0x000000001000436c                drsub_shim
                0x0000000010004372                dsub_shim
 .text.dadd_shim
                0x000000001000437c      0x15c minerSlave/CMakeFiles/minerSlave.dir/__/libraries/pico-sdk/src/rp2_common/pico_double/double_v1_rom_shim.S.obj
                0x000000001000437c                dadd_shim
 .text.dmul_shim
                0x00000000100044d8      0x15c minerSlave/CMakeFiles/minerSlave.dir/__/libraries/pico-sdk/src/rp2_common/pico_double/double_v1_rom_shim.S.obj
                0x00000000100044d8                dmul_shim
 .text.ddiv_shim
                0x0000000010004634      0x1b0 minerSlave/CMakeFiles/minerSlave.dir/__/libraries/pico-sdk/src/rp2_common/pico_double/double_v1_rom_shim.S.obj
                0x0000000010004634                ddiv_shim
 .text.double2uint_shim
                0x00000000100047e4        0xe minerSlave/CMakeFiles/minerSlave.dir/__/libraries/pico-sdk/src/rp2_common/pico_double/double_v1_rom_shim.S.obj
                0x00000000100047e4                double2uint_shim
                0x00000000100047e6                double2ufix_shim
 *fill*         0x00000000100047f2        0x2 
 .text.double2uint64_shim
                0x00000000100047f4       0x70 minerSlave/CMakeFiles/minerSlave.dir/__/libraries/pico-sdk/src/rp2_common/pico_double/double_v1_rom_shim.S.obj
                0x00000000100047f4                double2uint64_shim
                0x00000000100047f6                double2ufix64_shim
                0x0000000010004816                d2fix_a
 .text.dunpacks
                0x0000000010004864       0x3c minerSlave/CMakeFiles/minerSlave.dir/__/libraries/pico-sdk/src/rp2_common/pico_double/double_v1_rom_shim.S.obj
                0x0000000010004864                dunpacks
 .text.__aeabi_lmul
                0x00000000100048a0       0x32 minerSlave/CMakeFiles/minerSlave.dir/__/libraries/pico-sdk/src/rp2_common/pico_int64_ops/pico_int64_ops_aeabi.S.obj
                0x00000000100048a0                __wrap___aeabi_lmul
 *fill*         0x00000000100048d2        0x2 
 .text.__aeabi_float_init
                0x00000000100048d4       0xfc minerSlave/CMakeFiles/minerSlave.dir/__/libraries/pico-sdk/src/rp2_common/pico_float/float_init_rom.c.obj
                0x00000000100048d4                __aeabi_float_init
 .text.float_table_shim_on_use_helper
                0x00000000100049d0       0x34 minerSlave/CMakeFiles/minerSlave.dir/__/libraries/pico-sdk/src/rp2_common/pico_float/float_v1_rom_shim.S.obj
                0x00000000100049d0                float_table_shim_on_use_helper
 .text          0x0000000010004a04       0x10 minerSlave/CMakeFiles/minerSlave.dir/__/libraries/pico-sdk/src/rp2_common/pico_mem_ops/mem_ops_aeabi.S.obj
                0x0000000010004a04                __aeabi_mem_init
 .text.memset   0x0000000010004a14        0xc minerSlave/CMakeFiles/minerSlave.dir/__/libraries/pico-sdk/src/rp2_common/pico_mem_ops/mem_ops_aeabi.S.obj
                0x0000000010004a14                __wrap_memset
 .text.memcpy   0x0000000010004a20        0xc minerSlave/CMakeFiles/minerSlave.dir/__/libraries/pico-sdk/src/rp2_common/pico_mem_ops/mem_ops_aeabi.S.obj
                0x0000000010004a20                __wrap___aeabi_memcpy
                0x0000000010004a20                __wrap_memcpy
 .text.stdio_out_chars_no_crlf
                0x0000000010004a2c        0xe minerSlave/CMakeFiles/minerSlave.dir/__/libraries/pico-sdk/src/rp2_common/pico_stdio/stdio.c.obj
 *fill*         0x0000000010004a3a        0x2 
 .text.stdio_out_chars_crlf
                0x0000000010004a3c       0x80 minerSlave/CMakeFiles/minerSlave.dir/__/libraries/pico-sdk/src/rp2_common/pico_stdio/stdio.c.obj
 .text.stdio_stack_buffer_flush
                0x0000000010004abc       0x44 minerSlave/CMakeFiles/minerSlave.dir/__/libraries/pico-sdk/src/rp2_common/pico_stdio/stdio.c.obj
 .text.stdio_buffered_printer
                0x0000000010004b00       0x20 minerSlave/CMakeFiles/minerSlave.dir/__/libraries/pico-sdk/src/rp2_common/pico_stdio/stdio.c.obj
 .text.stdout_serialize_begin
                0x0000000010004b20       0x30 minerSlave/CMakeFiles/minerSlave.dir/__/libraries/pico-sdk/src/rp2_common/pico_stdio/stdio.c.obj
                0x0000000010004b20                stdout_serialize_begin
 .text.stdout_serialize_end
                0x0000000010004b50       0x10 minerSlave/CMakeFiles/minerSlave.dir/__/libraries/pico-sdk/src/rp2_common/pico_stdio/stdio.c.obj
                0x0000000010004b50                stdout_serialize_end
 .text.stdio_put_string
                0x0000000010004b60       0x98 minerSlave/CMakeFiles/minerSlave.dir/__/libraries/pico-sdk/src/rp2_common/pico_stdio/stdio.c.obj
 .text.__wrap_putchar
                0x0000000010004bf8       0x1c minerSlave/CMakeFiles/minerSlave.dir/__/libraries/pico-sdk/src/rp2_common/pico_stdio/stdio.c.obj
                0x0000000010004bf8                __wrap_putchar
 .text.stdio_set_driver_enabled
                0x0000000010004c14       0x2c minerSlave/CMakeFiles/minerSlave.dir/__/libraries/pico-sdk/src/rp2_common/pico_stdio/stdio.c.obj
                0x0000000010004c14                stdio_set_driver_enabled
 .text.stdio_flush
                0x0000000010004c40       0x20 minerSlave/CMakeFiles/minerSlave.dir/__/libraries/pico-sdk/src/rp2_common/pico_stdio/stdio.c.obj
                0x0000000010004c40                stdio_flush
 .text.__wrap_puts
                0x0000000010004c60       0x1e minerSlave/CMakeFiles/minerSlave.dir/__/libraries/pico-sdk/src/rp2_common/pico_stdio/stdio.c.obj
                0x0000000010004c60                __wrap_puts
 *fill*         0x0000000010004c7e        0x2 
 .text.__wrap_vprintf
                0x0000000010004c80       0x44 minerSlave/CMakeFiles/minerSlave.dir/__/libraries/pico-sdk/src/rp2_common/pico_stdio/stdio.c.obj
                0x0000000010004c80                __wrap_vprintf
 .text.__wrap_printf
                0x0000000010004cc4       0x18 minerSlave/CMakeFiles/minerSlave.dir/__/libraries/pico-sdk/src/rp2_common/pico_stdio/stdio.c.obj
                0x0000000010004cc4                __wrap_printf
 .text.stdio_init_all
                0x0000000010004cdc        0x8 minerSlave/CMakeFiles/minerSlave.dir/__/libraries/pico-sdk/src/rp2_common/pico_stdio/stdio.c.obj
                0x0000000010004cdc                stdio_init_all
 .text.stdio_uart_out_chars
                0x0000000010004ce4       0x74 minerSlave/CMakeFiles/minerSlave.dir/__/libraries/pico-sdk/src/rp2_common/pico_stdio_uart/stdio_uart.c.obj
 .text.stdio_uart_in_chars
                0x0000000010004d58       0x58 minerSlave/CMakeFiles/minerSlave.dir/__/libraries/pico-sdk/src/rp2_common/pico_stdio_uart/stdio_uart.c.obj
                0x0000000010004d58                stdio_uart_in_chars
 .text.stdio_uart_init_full
                0x0000000010004db0       0x3c minerSlave/CMakeFiles/minerSlave.dir/__/libraries/pico-sdk/src/rp2_common/pico_stdio_uart/stdio_uart.c.obj
                0x0000000010004db0                stdio_uart_init_full
 .text.stdio_uart_init
                0x0000000010004dec       0x28 minerSlave/CMakeFiles/minerSlave.dir/__/libraries/pico-sdk/src/rp2_common/pico_stdio_uart/stdio_uart.c.obj
                0x0000000010004dec                stdio_uart_init
 .text._retrieve_unique_id_on_boot
                0x0000000010004e14       0x10 minerSlave/CMakeFiles/minerSlave.dir/__/libraries/pico-sdk/src/rp2_common/pico_unique_id/unique_id.c.obj
 .text.flash_get_unique_id
                0x0000000010004e24       0x46 minerSlave/CMakeFiles/minerSlave.dir/__/libraries/pico-sdk/src/rp2_common/hardware_flash/flash.c.obj
                0x0000000010004e24                flash_get_unique_id
 .text._ZN7TwoWireC2Ev
                0x0000000010004e6a       0x18 minerSlave/CMakeFiles/minerSlave.dir/__/utils/Wire.cpp.obj
                0x0000000010004e6a                TwoWire::TwoWire()
                0x0000000010004e6a                TwoWire::TwoWire()
 *fill*         0x0000000010004e82        0x2 
 .text._Z41__static_initialization_and_destruction_0ii
                0x0000000010004e84       0x28 minerSlave/CMakeFiles/minerSlave.dir/__/utils/Wire.cpp.obj
 .text._ZNK7TwoWire3i2cEv
                0x0000000010004eac       0x44 minerSlave/CMakeFiles/minerSlave.dir/__/utils/Wire.cpp.obj
                0x0000000010004eac                TwoWire::i2c() const
 .text._ZN7TwoWire5beginEh
                0x0000000010004ef0       0x5c minerSlave/CMakeFiles/minerSlave.dir/__/utils/Wire.cpp.obj
                0x0000000010004ef0                TwoWire::begin(unsigned char)
 .text._ZN7TwoWire5writeEh
                0x0000000010004f4c       0x80 minerSlave/CMakeFiles/minerSlave.dir/__/utils/Wire.cpp.obj
                0x0000000010004f4c                TwoWire::write(unsigned char)
 .text._ZN7TwoWire9onReceiveEPFviE
                0x0000000010004fcc        0x4 minerSlave/CMakeFiles/minerSlave.dir/__/utils/Wire.cpp.obj
                0x0000000010004fcc                TwoWire::onReceive(void (*)(int))
 .text._ZN7TwoWire9onRequestEPFvvE
                0x0000000010004fd0        0x4 minerSlave/CMakeFiles/minerSlave.dir/__/utils/Wire.cpp.obj
                0x0000000010004fd0                TwoWire::onRequest(void (*)())
 .text._GLOBAL__sub_I_Wire
                0x0000000010004fd4       0x10 minerSlave/CMakeFiles/minerSlave.dir/__/utils/Wire.cpp.obj
 .text._ZN10CharBufferC2Ev
                0x0000000010004fe4        0xa minerSlave/CMakeFiles/minerSlave.dir/__/utils/charbuffer.cpp.obj
                0x0000000010004fe4                CharBuffer::CharBuffer()
                0x0000000010004fe4                CharBuffer::CharBuffer()
 .text._ZN10CharBufferD2Ev
                0x0000000010004fee        0x2 minerSlave/CMakeFiles/minerSlave.dir/__/utils/charbuffer.cpp.obj
                0x0000000010004fee                CharBuffer::~CharBuffer()
                0x0000000010004fee                CharBuffer::~CharBuffer()
 .text._ZN10CharBuffer3bufEv
                0x0000000010004ff0        0x2 minerSlave/CMakeFiles/minerSlave.dir/__/utils/charbuffer.cpp.obj
                0x0000000010004ff0                CharBuffer::buf()
 .text._ZN10CharBuffer7isEmptyEv
                0x0000000010004ff2       0x12 minerSlave/CMakeFiles/minerSlave.dir/__/utils/charbuffer.cpp.obj
                0x0000000010004ff2                CharBuffer::isEmpty()
 .text._ZN10CharBuffer5writeEc
                0x0000000010005004       0x2e minerSlave/CMakeFiles/minerSlave.dir/__/utils/charbuffer.cpp.obj
                0x0000000010005004                CharBuffer::write(char)
 .text._ZN10CharBuffer4readEv
                0x0000000010005032       0x3a minerSlave/CMakeFiles/minerSlave.dir/__/utils/charbuffer.cpp.obj
                0x0000000010005032                CharBuffer::read()
 .text._ZN10CharBuffer7indexOfEi
                0x000000001000506c       0x16 minerSlave/CMakeFiles/minerSlave.dir/__/utils/charbuffer.cpp.obj
                0x000000001000506c                CharBuffer::indexOf(int)
 .text._ZN10CharBuffer15readStringUntilEiPc
                0x0000000010005082       0x5c minerSlave/CMakeFiles/minerSlave.dir/__/utils/charbuffer.cpp.obj
                0x0000000010005082                CharBuffer::readStringUntil(int, char*)
 .text._ZN10CharBuffer9setBufferEPci
                0x00000000100050de       0x30 minerSlave/CMakeFiles/minerSlave.dir/__/utils/charbuffer.cpp.obj
                0x00000000100050de                CharBuffer::setBuffer(char*, int)
 .text._ZN10CharBuffer5clearEv
                0x000000001000510e       0x1c minerSlave/CMakeFiles/minerSlave.dir/__/utils/charbuffer.cpp.obj
                0x000000001000510e                CharBuffer::clear()
 *fill*         0x000000001000512a        0x2 
 .text.hardwareInit
                0x000000001000512c       0x84 minerSlave/CMakeFiles/minerSlave.dir/__/utils/hwSetupUtils.c.obj
                0x000000001000512c                hardwareInit
 .text.getAddress
                0x00000000100051b0       0x3c minerSlave/CMakeFiles/minerSlave.dir/__/utils/hwSetupUtils.c.obj
                0x00000000100051b0                getAddress
 .text.onBoardLedToggle
                0x00000000100051ec       0x22 minerSlave/CMakeFiles/minerSlave.dir/__/utils/hwSetupUtils.c.obj
                0x00000000100051ec                onBoardLedToggle
 .text.str_to_array
                0x000000001000520e       0x8a minerSlave/CMakeFiles/minerSlave.dir/__/utils/duinoCoinUtils.cpp.obj
 .text.calculateHashCore0
                0x0000000010005298      0x15c minerSlave/CMakeFiles/minerSlave.dir/__/utils/duinoCoinUtils.cpp.obj
                0x0000000010005298                calculateHashCore0
 .text.calculateHashCore1
                0x00000000100053f4      0x15c minerSlave/CMakeFiles/minerSlave.dir/__/utils/duinoCoinUtils.cpp.obj
                0x00000000100053f4                calculateHashCore1
 .text          0x0000000010005550     0x270c libraries/mbedtls/library/libmbedcrypto.a(sha1.c.obj)
                0x0000000010005550                mbedtls_sha1_init
                0x000000001000556c                mbedtls_sha1_free
                0x000000001000558e                mbedtls_sha1_clone
                0x00000000100055b0                mbedtls_sha1_starts
                0x0000000010005600                mbedtls_internal_sha1_process
                0x00000000100078ba                mbedtls_sha1_update
                0x00000000100079b6                mbedtls_sha1_finish
                0x0000000010007bea                mbedtls_sha1
 .text          0x0000000010007c5c       0x28 libraries/mbedtls/library/libmbedcrypto.a(platform_util.c.obj)
                0x0000000010007c5c                mbedtls_platform_zeroize
 .text.atoi     0x0000000010007c84        0xc /Applications/ARM/bin/../lib/gcc/arm-none-eabi/10.3.1/../../../../arm-none-eabi/lib/thumb/v6-m/nofp/libg.a(lib_a-atoi.o)
                0x0000000010007c84                atoi
 .text.__errno  0x0000000010007c90        0xc /Applications/ARM/bin/../lib/gcc/arm-none-eabi/10.3.1/../../../../arm-none-eabi/lib/thumb/v6-m/nofp/libg.a(lib_a-errno.o)
                0x0000000010007c90                __errno
 .text.memcmp   0x0000000010007c9c       0x48 /Applications/ARM/bin/../lib/gcc/arm-none-eabi/10.3.1/../../../../arm-none-eabi/lib/thumb/v6-m/nofp/libg.a(lib_a-memcmp.o)
                0x0000000010007c9c                memcmp
 .text.memmove  0x0000000010007ce4       0xac /Applications/ARM/bin/../lib/gcc/arm-none-eabi/10.3.1/../../../../arm-none-eabi/lib/thumb/v6-m/nofp/libg.a(lib_a-memmove.o)
                0x0000000010007ce4                memmove
 .text.strchr   0x0000000010007d90       0xc0 /Applications/ARM/bin/../lib/gcc/arm-none-eabi/10.3.1/../../../../arm-none-eabi/lib/thumb/v6-m/nofp/libg.a(lib_a-strchr.o)
                0x0000000010007d90                strchr
 .text.strlen   0x0000000010007e50       0x5c /Applications/ARM/bin/../lib/gcc/arm-none-eabi/10.3.1/../../../../arm-none-eabi/lib/thumb/v6-m/nofp/libg.a(lib_a-strlen-stub.o)
                0x0000000010007e50                strlen
 .text._strtol_l.part.0
                0x0000000010007eac      0x144 /Applications/ARM/bin/../lib/gcc/arm-none-eabi/10.3.1/../../../../arm-none-eabi/lib/thumb/v6-m/nofp/libg.a(lib_a-strtol.o)
 .text.strtol   0x0000000010007ff0       0x2c /Applications/ARM/bin/../lib/gcc/arm-none-eabi/10.3.1/../../../../arm-none-eabi/lib/thumb/v6-m/nofp/libg.a(lib_a-strtol.o)
                0x0000000010007ff0                strtol
 .text.toupper  0x000000001000801c       0x14 /Applications/ARM/bin/../lib/gcc/arm-none-eabi/10.3.1/../../../../arm-none-eabi/lib/thumb/v6-m/nofp/libg.a(lib_a-toupper.o)
                0x000000001000801c                toupper
 *(.fini)
 .fini          0x0000000010008030        0x4 /Applications/ARM/bin/../lib/gcc/arm-none-eabi/10.3.1/thumb/v6-m/nofp/crti.o
                0x0000000010008030                _fini
 *fill*         0x0000000010008034        0x4 
 .fini.__stub   0x0000000010008038       0x60 linker stubs
 *crtbegin.o(.ctors)
 *crtbegin?.o(.ctors)
 *(EXCLUDE_FILE(*crtend.o *crtend?.o) .ctors)
 *(SORT_BY_NAME(.ctors.*))
 *(.ctors)
 *crtbegin.o(.dtors)
 *crtbegin?.o(.dtors)
 *(EXCLUDE_FILE(*crtend.o *crtend?.o) .dtors)
 *(SORT_BY_NAME(.dtors.*))
 *(.dtors)
 *(.eh_frame*)
 .eh_frame      0x0000000010008098        0x0 /Applications/ARM/bin/../lib/gcc/arm-none-eabi/10.3.1/thumb/v6-m/nofp/crtbegin.o
                0x0000000010008098                . = ALIGN (0x4)

.glue_7         0x0000000010008098        0x0
 .glue_7        0x0000000010008098        0x0 linker stubs

.glue_7t        0x0000000010008098        0x0
 .glue_7t       0x0000000010008098        0x0 linker stubs

.vfp11_veneer   0x0000000010008098        0x0
 .vfp11_veneer  0x0000000010008098        0x0 linker stubs

.v4_bx          0x0000000010008098        0x0
 .v4_bx         0x0000000010008098        0x0 linker stubs

.iplt           0x0000000010008098        0x0
 .iplt          0x0000000010008098        0x0 /Applications/ARM/bin/../lib/gcc/arm-none-eabi/10.3.1/thumb/v6-m/nofp/crtbegin.o

.rodata         0x0000000010008098     0x1c68
 *(EXCLUDE_FILE(*libm.a: *libc.a:*lib_a-mem*.o *libgcc.a:) .rodata*)
 .rodata._Z14slaveLoopCore1v.str1.4
                0x0000000010008098       0xcf minerSlave/CMakeFiles/minerSlave.dir/minerSlave.cpp.obj
 *fill*         0x0000000010008167        0x1 
 .rodata._ZL9slaveLoopv.str1.4
                0x0000000010008168       0xc3 minerSlave/CMakeFiles/minerSlave.dir/minerSlave.cpp.obj
 *fill*         0x000000001000822b        0x1 
 .rodata._ZL16slave_on_receivei.str1.4
                0x000000001000822c      0x139 minerSlave/CMakeFiles/minerSlave.dir/minerSlave.cpp.obj
 *fill*         0x0000000010008365        0x3 
 .rodata.main.str1.4
                0x0000000010008368       0x22 minerSlave/CMakeFiles/minerSlave.dir/minerSlave.cpp.obj
 *fill*         0x000000001000838a        0x2 
 .rodata.str1.4
                0x000000001000838c       0x58 minerSlave/CMakeFiles/minerSlave.dir/minerSlave.cpp.obj
 .rodata._ZZ4mainE8__bi_203
                0x00000000100083e4        0xc minerSlave/CMakeFiles/minerSlave.dir/minerSlave.cpp.obj
 .rodata._ZZ4mainE8__bi_204
                0x00000000100083f0        0xc minerSlave/CMakeFiles/minerSlave.dir/minerSlave.cpp.obj
 .rodata.multicore_lockout_start_block_until.str1.4
                0x00000000100083fc       0x87 minerSlave/CMakeFiles/minerSlave.dir/__/libraries/pico-sdk/src/rp2_common/pico_multicore/multicore.c.obj
 *fill*         0x0000000010008483        0x1 
 .rodata.multicore_launch_core1_with_stack.str1.4
                0x0000000010008484       0x19 minerSlave/CMakeFiles/minerSlave.dir/__/libraries/pico-sdk/src/rp2_common/pico_multicore/multicore.c.obj
 *fill*         0x000000001000849d        0x3 
 .rodata.__func__.2
                0x00000000100084a0       0x22 minerSlave/CMakeFiles/minerSlave.dir/__/libraries/pico-sdk/src/rp2_common/pico_multicore/multicore.c.obj
 *fill*         0x00000000100084c2        0x2 
 .rodata.repeating_timer_callback.str1.4
                0x00000000100084c4       0x75 minerSlave/CMakeFiles/minerSlave.dir/__/libraries/pico-sdk/src/common/pico_time/time.c.obj
 *fill*         0x0000000010008539        0x3 
 .rodata.alarm_pool_dump_key.str1.4
                0x000000001000853c       0x33 minerSlave/CMakeFiles/minerSlave.dir/__/libraries/pico-sdk/src/common/pico_time/time.c.obj
 *fill*         0x000000001000856f        0x1 
 .rodata.ph_add_child_node.str1.4
                0x0000000010008570       0xbe minerSlave/CMakeFiles/minerSlave.dir/__/libraries/pico-sdk/src/common/pico_time/time.c.obj
 *fill*         0x000000001000862e        0x2 
 .rodata.add_alarm_under_lock.str1.4
                0x0000000010008630       0x28 minerSlave/CMakeFiles/minerSlave.dir/__/libraries/pico-sdk/src/common/pico_time/time.c.obj
                                         0x2b (size before relaxing)
 .rodata.alarm_pool_alarm_callback.str1.4
                0x0000000010008658      0x10e minerSlave/CMakeFiles/minerSlave.dir/__/libraries/pico-sdk/src/common/pico_time/time.c.obj
 *fill*         0x0000000010008766        0x2 
 .rodata.alarm_pool_get_default.str1.4
                0x0000000010008768       0x21 minerSlave/CMakeFiles/minerSlave.dir/__/libraries/pico-sdk/src/common/pico_time/time.c.obj
 *fill*         0x0000000010008789        0x3 
 .rodata.sleep_until.str1.4
                0x000000001000878c       0x4d minerSlave/CMakeFiles/minerSlave.dir/__/libraries/pico-sdk/src/common/pico_time/time.c.obj
 *fill*         0x00000000100087d9        0x3 
 .rodata.__func__.10
                0x00000000100087dc       0x15 minerSlave/CMakeFiles/minerSlave.dir/__/libraries/pico-sdk/src/common/pico_time/time.c.obj
 *fill*         0x00000000100087f1        0x3 
 .rodata.__func__.11
                0x00000000100087f4       0x1a minerSlave/CMakeFiles/minerSlave.dir/__/libraries/pico-sdk/src/common/pico_time/time.c.obj
 *fill*         0x000000001000880e        0x2 
 .rodata.__func__.12
                0x0000000010008810        0xa minerSlave/CMakeFiles/minerSlave.dir/__/libraries/pico-sdk/src/common/pico_time/time.c.obj
 *fill*         0x000000001000881a        0x2 
 .rodata.__func__.3
                0x000000001000881c       0x17 minerSlave/CMakeFiles/minerSlave.dir/__/libraries/pico-sdk/src/common/pico_time/time.c.obj
 *fill*         0x0000000010008833        0x1 
 .rodata.__func__.4
                0x0000000010008834       0x12 minerSlave/CMakeFiles/minerSlave.dir/__/libraries/pico-sdk/src/common/pico_time/time.c.obj
 *fill*         0x0000000010008846        0x2 
 .rodata.__func__.5
                0x0000000010008848        0xd minerSlave/CMakeFiles/minerSlave.dir/__/libraries/pico-sdk/src/common/pico_time/time.c.obj
 *fill*         0x0000000010008855        0x3 
 .rodata.__func__.6
                0x0000000010008858       0x12 minerSlave/CMakeFiles/minerSlave.dir/__/libraries/pico-sdk/src/common/pico_time/time.c.obj
 *fill*         0x000000001000886a        0x2 
 .rodata.__func__.7
                0x000000001000886c        0xf minerSlave/CMakeFiles/minerSlave.dir/__/libraries/pico-sdk/src/common/pico_time/time.c.obj
 *fill*         0x000000001000887b        0x1 
 .rodata.__func__.8
                0x000000001000887c        0xc minerSlave/CMakeFiles/minerSlave.dir/__/libraries/pico-sdk/src/common/pico_time/time.c.obj
 .rodata.__func__.9
                0x0000000010008888       0x15 minerSlave/CMakeFiles/minerSlave.dir/__/libraries/pico-sdk/src/common/pico_time/time.c.obj
 *fill*         0x000000001000889d        0x3 
 .rodata.hardware_alarm_claim.str1.4
                0x00000000100088a0       0x22 minerSlave/CMakeFiles/minerSlave.dir/__/libraries/pico-sdk/src/rp2_common/hardware_timer/timer.c.obj
 *fill*         0x00000000100088c2        0x2 
 .rodata.hardware_alarm_set_target.str1.4
                0x00000000100088c4       0x8f minerSlave/CMakeFiles/minerSlave.dir/__/libraries/pico-sdk/src/rp2_common/hardware_timer/timer.c.obj
 *fill*         0x0000000010008953        0x1 
 .rodata.__func__.0
                0x0000000010008954       0x1a minerSlave/CMakeFiles/minerSlave.dir/__/libraries/pico-sdk/src/rp2_common/hardware_timer/timer.c.obj
 .rodata.ph_add_child_node.str1.4
                0x000000001000896e       0xbe minerSlave/CMakeFiles/minerSlave.dir/__/libraries/pico-sdk/src/common/pico_util/pheap.c.obj
 *fill*         0x000000001000896e        0x2 
 .rodata.ph_remove_any_head.str1.4
                0x0000000010008970       0xb8 minerSlave/CMakeFiles/minerSlave.dir/__/libraries/pico-sdk/src/common/pico_util/pheap.c.obj
 .rodata.ph_remove_and_free_node.str1.4
                0x0000000010008a28       0x26 minerSlave/CMakeFiles/minerSlave.dir/__/libraries/pico-sdk/src/common/pico_util/pheap.c.obj
 *fill*         0x0000000010008a4e        0x2 
 .rodata.__func__.0
                0x0000000010008a50       0x18 minerSlave/CMakeFiles/minerSlave.dir/__/libraries/pico-sdk/src/common/pico_util/pheap.c.obj
 .rodata.__func__.1
                0x0000000010008a68       0x13 minerSlave/CMakeFiles/minerSlave.dir/__/libraries/pico-sdk/src/common/pico_util/pheap.c.obj
 *fill*         0x0000000010008a7b        0x1 
 .rodata.__func__.2
                0x0000000010008a7c       0x12 minerSlave/CMakeFiles/minerSlave.dir/__/libraries/pico-sdk/src/common/pico_util/pheap.c.obj
 *fill*         0x0000000010008a8e        0x2 
 .rodata.__func__.3
                0x0000000010008a90        0xc minerSlave/CMakeFiles/minerSlave.dir/__/libraries/pico-sdk/src/common/pico_util/pheap.c.obj
 .rodata.str1.4
                0x0000000010008a9c       0xb5 minerSlave/CMakeFiles/minerSlave.dir/__/libraries/pico-sdk/src/common/pico_sync/mutex.c.obj
                                        0x141 (size before relaxing)
 *fill*         0x0000000010008b51        0x3 
 .rodata.__func__.1
                0x0000000010008b54        0xb minerSlave/CMakeFiles/minerSlave.dir/__/libraries/pico-sdk/src/common/pico_sync/mutex.c.obj
 *fill*         0x0000000010008b5f        0x1 
 .rodata.make_branch.str1.4
                0x0000000010008b60       0x97 minerSlave/CMakeFiles/minerSlave.dir/__/libraries/pico-sdk/src/rp2_common/hardware_irq/irq.c.obj
 *fill*         0x0000000010008bf7        0x1 
 .rodata.insert_branch_and_link.str1.4
                0x0000000010008bf8       0x10 minerSlave/CMakeFiles/minerSlave.dir/__/libraries/pico-sdk/src/rp2_common/hardware_irq/irq.c.obj
 .rodata.irq_set_exclusive_handler.str1.4
                0x0000000010008c08       0x36 minerSlave/CMakeFiles/minerSlave.dir/__/libraries/pico-sdk/src/rp2_common/hardware_irq/irq.c.obj
 *fill*         0x0000000010008c3e        0x2 
 .rodata.irq_add_shared_handler.str1.4
                0x0000000010008c40       0xd9 minerSlave/CMakeFiles/minerSlave.dir/__/libraries/pico-sdk/src/rp2_common/hardware_irq/irq.c.obj
 *fill*         0x0000000010008d19        0x3 
 .rodata.irq_remove_handler.str1.4
                0x0000000010008d1c       0x2a minerSlave/CMakeFiles/minerSlave.dir/__/libraries/pico-sdk/src/rp2_common/hardware_irq/irq.c.obj
 *fill*         0x0000000010008d46        0x2 
 .rodata.irq_add_tail_to_free_list.str1.4
                0x0000000010008d48       0x32 minerSlave/CMakeFiles/minerSlave.dir/__/libraries/pico-sdk/src/rp2_common/hardware_irq/irq.c.obj
                                         0x3a (size before relaxing)
 *fill*         0x0000000010008d7a        0x2 
 .rodata.__func__.0
                0x0000000010008d7c       0x1a minerSlave/CMakeFiles/minerSlave.dir/__/libraries/pico-sdk/src/rp2_common/hardware_irq/irq.c.obj
 *fill*         0x0000000010008d96        0x2 
 .rodata.__func__.1
                0x0000000010008d98       0x17 minerSlave/CMakeFiles/minerSlave.dir/__/libraries/pico-sdk/src/rp2_common/hardware_irq/irq.c.obj
 *fill*         0x0000000010008daf        0x1 
 .rodata.__func__.2
                0x0000000010008db0       0x13 minerSlave/CMakeFiles/minerSlave.dir/__/libraries/pico-sdk/src/rp2_common/hardware_irq/irq.c.obj
 *fill*         0x0000000010008dc3        0x1 
 .rodata.__func__.3
                0x0000000010008dc4        0xc minerSlave/CMakeFiles/minerSlave.dir/__/libraries/pico-sdk/src/rp2_common/hardware_irq/irq.c.obj
 .rodata.__func__.4
                0x0000000010008dd0        0xf minerSlave/CMakeFiles/minerSlave.dir/__/libraries/pico-sdk/src/rp2_common/hardware_irq/irq.c.obj
 *fill*         0x0000000010008ddf        0x1 
 .rodata.__func__.6
                0x0000000010008de0       0x1a minerSlave/CMakeFiles/minerSlave.dir/__/libraries/pico-sdk/src/rp2_common/hardware_irq/irq.c.obj
 *fill*         0x0000000010008dfa        0x2 
 .rodata.i2c_set_baudrate.str1.4
                0x0000000010008dfc       0x87 minerSlave/CMakeFiles/minerSlave.dir/__/libraries/pico-sdk/src/rp2_common/hardware_i2c/i2c.c.obj
 *fill*         0x0000000010008e83        0x1 
 .rodata.__func__.0
                0x0000000010008e84       0x11 minerSlave/CMakeFiles/minerSlave.dir/__/libraries/pico-sdk/src/rp2_common/hardware_i2c/i2c.c.obj
 *fill*         0x0000000010008e95        0x3 
 .rodata.i2c_slave_init.str1.4
                0x0000000010008e98       0x74 minerSlave/CMakeFiles/minerSlave.dir/__/i2c_slave/i2c_slave.c.obj
 .rodata.i2c_slave_deinit.str1.4
                0x0000000010008f0c       0x12 minerSlave/CMakeFiles/minerSlave.dir/__/i2c_slave/i2c_slave.c.obj
 *fill*         0x0000000010008f1e        0x2 
 .rodata.__func__.0
                0x0000000010008f20       0x11 minerSlave/CMakeFiles/minerSlave.dir/__/i2c_slave/i2c_slave.c.obj
 *fill*         0x0000000010008f31        0x3 
 .rodata.__func__.1
                0x0000000010008f34        0xf minerSlave/CMakeFiles/minerSlave.dir/__/i2c_slave/i2c_slave.c.obj
 *fill*         0x0000000010008f43        0x1 
 .rodata.__assert_func.str1.4
                0x0000000010008f44       0x3f minerSlave/CMakeFiles/minerSlave.dir/__/libraries/pico-sdk/src/rp2_common/pico_runtime/runtime.c.obj
                                         0x43 (size before relaxing)
 *fill*         0x0000000010008f83        0x1 
 .rodata.runtime_init.str1.4
                0x0000000010008f84       0x8b minerSlave/CMakeFiles/minerSlave.dir/__/libraries/pico-sdk/src/rp2_common/pico_runtime/runtime.c.obj
 *fill*         0x000000001000900f        0x1 
 .rodata.panic.str1.4
                0x0000000010009010       0x10 minerSlave/CMakeFiles/minerSlave.dir/__/libraries/pico-sdk/src/rp2_common/pico_runtime/runtime.c.obj
                                         0x12 (size before relaxing)
 .rodata.__func__.1
                0x0000000010009020        0xd minerSlave/CMakeFiles/minerSlave.dir/__/libraries/pico-sdk/src/rp2_common/pico_runtime/runtime.c.obj
 *fill*         0x000000001000902d        0x3 
 .rodata.clock_configure.str1.4
                0x0000000010009030       0x81 minerSlave/CMakeFiles/minerSlave.dir/__/libraries/pico-sdk/src/rp2_common/hardware_clocks/clocks.c.obj
 *fill*         0x00000000100090b1        0x3 
 .rodata.__func__.1
                0x00000000100090b4       0x10 minerSlave/CMakeFiles/minerSlave.dir/__/libraries/pico-sdk/src/rp2_common/hardware_clocks/clocks.c.obj
 .rodata.pll_init.str1.4
                0x00000000100090c4      0x163 minerSlave/CMakeFiles/minerSlave.dir/__/libraries/pico-sdk/src/rp2_common/hardware_pll/pll.c.obj
 *fill*         0x0000000010009227        0x1 
 .rodata.__func__.0
                0x0000000010009228        0x9 minerSlave/CMakeFiles/minerSlave.dir/__/libraries/pico-sdk/src/rp2_common/hardware_pll/pll.c.obj
 *fill*         0x0000000010009231        0x3 
 .rodata._ftoa.str1.4
                0x0000000010009234       0x15 minerSlave/CMakeFiles/minerSlave.dir/__/libraries/pico-sdk/src/rp2_common/pico_printf/printf.c.obj
 *fill*         0x0000000010009249        0x3 
 .rodata._vsnprintf
                0x000000001000924c      0x1e0 minerSlave/CMakeFiles/minerSlave.dir/__/libraries/pico-sdk/src/rp2_common/pico_printf/printf.c.obj
 *fill*         0x000000001000942c        0x4 
 .rodata.pow10.0
                0x0000000010009430       0x50 minerSlave/CMakeFiles/minerSlave.dir/__/libraries/pico-sdk/src/rp2_common/pico_printf/printf.c.obj
 .rodata.__aeabi_double_init.str1.4
                0x0000000010009480       0xd2 minerSlave/CMakeFiles/minerSlave.dir/__/libraries/pico-sdk/src/rp2_common/pico_double/double_init_rom.c.obj
 *fill*         0x0000000010009552        0x2 
 .rodata.__func__.0
                0x0000000010009554       0x14 minerSlave/CMakeFiles/minerSlave.dir/__/libraries/pico-sdk/src/rp2_common/pico_double/double_init_rom.c.obj
 .rodata.__aeabi_float_init.str1.4
                0x0000000010009568       0xa4 minerSlave/CMakeFiles/minerSlave.dir/__/libraries/pico-sdk/src/rp2_common/pico_float/float_init_rom.c.obj
                                         0xa8 (size before relaxing)
 .rodata.__func__.0
                0x000000001000960c       0x13 minerSlave/CMakeFiles/minerSlave.dir/__/libraries/pico-sdk/src/rp2_common/pico_float/float_init_rom.c.obj
 *fill*         0x000000001000961f        0x1 
 .rodata.str1.4
                0x0000000010009620       0x40 minerSlave/CMakeFiles/minerSlave.dir/__/libraries/pico-sdk/src/rp2_common/pico_standard_link/binary_info.c.obj
 .rodata.__bi_44
                0x0000000010009660        0xc minerSlave/CMakeFiles/minerSlave.dir/__/libraries/pico-sdk/src/rp2_common/pico_standard_link/binary_info.c.obj
 .rodata.__bi_75
                0x000000001000966c        0xc minerSlave/CMakeFiles/minerSlave.dir/__/libraries/pico-sdk/src/rp2_common/pico_standard_link/binary_info.c.obj
 .rodata.__bi_81
                0x0000000010009678        0xc minerSlave/CMakeFiles/minerSlave.dir/__/libraries/pico-sdk/src/rp2_common/pico_standard_link/binary_info.c.obj
 .rodata.crlf_str.3
                0x0000000010009684        0x2 minerSlave/CMakeFiles/minerSlave.dir/__/libraries/pico-sdk/src/rp2_common/pico_stdio/stdio.c.obj
 *fill*         0x0000000010009686        0x2 
 .rodata.str1.4
                0x0000000010009688       0x2c minerSlave/CMakeFiles/minerSlave.dir/__/libraries/pico-sdk/src/rp2_common/pico_stdio_uart/stdio_uart.c.obj
 .rodata.__bi_28.4
                0x00000000100096b4        0xc minerSlave/CMakeFiles/minerSlave.dir/__/libraries/pico-sdk/src/rp2_common/pico_stdio_uart/stdio_uart.c.obj
 .rodata.__bi_29.5
                0x00000000100096c0        0x8 minerSlave/CMakeFiles/minerSlave.dir/__/libraries/pico-sdk/src/rp2_common/pico_stdio_uart/stdio_uart.c.obj
 .rodata.str1.4
                0x00000000100096c8      0x182 minerSlave/CMakeFiles/minerSlave.dir/__/libraries/pico-sdk/src/rp2_common/hardware_flash/flash.c.obj
 *fill*         0x000000001000984a        0x2 
 .rodata.__func__.0
                0x000000001000984c        0xd minerSlave/CMakeFiles/minerSlave.dir/__/libraries/pico-sdk/src/rp2_common/hardware_flash/flash.c.obj
 *fill*         0x0000000010009859        0x3 
 .rodata.str1.4
                0x000000001000985c      0x16e minerSlave/CMakeFiles/minerSlave.dir/__/utils/Wire.cpp.obj
 *fill*         0x00000000100099ca        0x2 
 .rodata._ZNK7TwoWire3i2cEv.str1.4
                0x00000000100099cc       0x41 minerSlave/CMakeFiles/minerSlave.dir/__/utils/Wire.cpp.obj
 *fill*         0x0000000010009a0d        0x3 
 .rodata._ZN7TwoWire5beginEv.str1.4
                0x0000000010009a10       0x16 minerSlave/CMakeFiles/minerSlave.dir/__/utils/Wire.cpp.obj
                                         0x32 (size before relaxing)
 *fill*         0x0000000010009a26        0x2 
 .rodata._ZN7TwoWire5beginEh.str1.4
                0x0000000010009a28       0x1d minerSlave/CMakeFiles/minerSlave.dir/__/utils/Wire.cpp.obj
 *fill*         0x0000000010009a45        0x3 
 .rodata._ZN7TwoWire15endTransmissionEb.str1.4
                0x0000000010009a48       0x51 minerSlave/CMakeFiles/minerSlave.dir/__/utils/Wire.cpp.obj
 *fill*         0x0000000010009a99        0x3 
 .rodata._ZN7TwoWire5writeEh.str1.4
                0x0000000010009a9c       0x72 minerSlave/CMakeFiles/minerSlave.dir/__/utils/Wire.cpp.obj
                                         0x86 (size before relaxing)
 *fill*         0x0000000010009b0e        0x2 
 .rodata.calculateHashCore0.str1.4
                0x0000000010009b10       0xb7 minerSlave/CMakeFiles/minerSlave.dir/__/utils/duinoCoinUtils.cpp.obj
 *fill*         0x0000000010009bc7        0x1 
 .rodata.calculateHashCore1.str1.4
                0x0000000010009bc8       0x34 minerSlave/CMakeFiles/minerSlave.dir/__/utils/duinoCoinUtils.cpp.obj
 .rodata._ctype_
                0x0000000010009bfc      0x101 /Applications/ARM/bin/../lib/gcc/arm-none-eabi/10.3.1/../../../../arm-none-eabi/lib/thumb/v6-m/nofp/libg.a(lib_a-ctype_.o)
                0x0000000010009bfc                _ctype_
                0x0000000010009d00                . = ALIGN (0x4)
 *fill*         0x0000000010009cfd        0x3 
 *(SORT_BY_ALIGNMENT(SORT_BY_NAME(.flashdata*)))
                0x0000000010009d00                . = ALIGN (0x4)

.rel.dyn        0x0000000010009d00        0x0
 .rel.iplt      0x0000000010009d00        0x0 /Applications/ARM/bin/../lib/gcc/arm-none-eabi/10.3.1/thumb/v6-m/nofp/crtbegin.o

.ARM.extab
 *(.ARM.extab* .gnu.linkonce.armextab.*)
                0x0000000010009d00                __exidx_start = .

.ARM.exidx
 *(.ARM.exidx* .gnu.linkonce.armexidx.*)
                0x0000000010009d00                __exidx_end = .
                0x0000000010009d00                . = ALIGN (0x4)
                0x0000000010009d00                __binary_info_start = .

.binary_info    0x0000000010009d00       0x2c
 *(.binary_info.keep.*)
 .binary_info.keep.__bi_ptr203
                0x0000000010009d00        0x4 minerSlave/CMakeFiles/minerSlave.dir/minerSlave.cpp.obj
 .binary_info.keep.__bi_ptr204
                0x0000000010009d04        0x4 minerSlave/CMakeFiles/minerSlave.dir/minerSlave.cpp.obj
 .binary_info.keep.__bi_ptr22
                0x0000000010009d08        0x4 minerSlave/CMakeFiles/minerSlave.dir/__/libraries/pico-sdk/src/rp2_common/pico_standard_link/binary_info.c.obj
 .binary_info.keep.__bi_ptr30
                0x0000000010009d0c        0x4 minerSlave/CMakeFiles/minerSlave.dir/__/libraries/pico-sdk/src/rp2_common/pico_standard_link/binary_info.c.obj
 .binary_info.keep.__bi_ptr38
                0x0000000010009d10        0x4 minerSlave/CMakeFiles/minerSlave.dir/__/libraries/pico-sdk/src/rp2_common/pico_standard_link/binary_info.c.obj
 .binary_info.keep.__bi_ptr44
                0x0000000010009d14        0x4 minerSlave/CMakeFiles/minerSlave.dir/__/libraries/pico-sdk/src/rp2_common/pico_standard_link/binary_info.c.obj
 .binary_info.keep.__bi_ptr50
                0x0000000010009d18        0x4 minerSlave/CMakeFiles/minerSlave.dir/__/libraries/pico-sdk/src/rp2_common/pico_standard_link/binary_info.c.obj
 .binary_info.keep.__bi_ptr75
                0x0000000010009d1c        0x4 minerSlave/CMakeFiles/minerSlave.dir/__/libraries/pico-sdk/src/rp2_common/pico_standard_link/binary_info.c.obj
 .binary_info.keep.__bi_ptr81
                0x0000000010009d20        0x4 minerSlave/CMakeFiles/minerSlave.dir/__/libraries/pico-sdk/src/rp2_common/pico_standard_link/binary_info.c.obj
 *(.binary_info.*)
 .binary_info.__bi_ptr28
                0x0000000010009d24        0x4 minerSlave/CMakeFiles/minerSlave.dir/__/libraries/pico-sdk/src/rp2_common/pico_stdio_uart/stdio_uart.c.obj
 .binary_info.__bi_ptr29
                0x0000000010009d28        0x4 minerSlave/CMakeFiles/minerSlave.dir/__/libraries/pico-sdk/src/rp2_common/pico_stdio_uart/stdio_uart.c.obj
                0x0000000010009d2c                __binary_info_end = .
                0x0000000010009d2c                . = ALIGN (0x4)
                0x0000000010009d2c                __etext = .

.ram_vector_table
                0x0000000020000000       0xc0
 *(.ram_vector_table)
 .ram_vector_table
                0x0000000020000000       0xc0 minerSlave/CMakeFiles/minerSlave.dir/__/libraries/pico-sdk/src/rp2_common/pico_runtime/runtime.c.obj
                0x0000000020000000                ram_vector_table

.data           0x00000000200000c0      0x8e8 load address 0x0000000010009d2c
                0x00000000200000c0                __data_start__ = .
 *(vtable)
 *(.time_critical*)
 .time_critical.mutex_enter_blocking
                0x00000000200000c0       0x48 minerSlave/CMakeFiles/minerSlave.dir/__/libraries/pico-sdk/src/common/pico_sync/mutex.c.obj
                0x00000000200000c0                mutex_enter_blocking
 .time_critical.mutex_try_enter
                0x0000000020000108       0x46 minerSlave/CMakeFiles/minerSlave.dir/__/libraries/pico-sdk/src/common/pico_sync/mutex.c.obj
                0x0000000020000108                mutex_try_enter
 *fill*         0x000000002000014e        0x2 
 .time_critical.mutex_exit
                0x0000000020000150       0x4c minerSlave/CMakeFiles/minerSlave.dir/__/libraries/pico-sdk/src/common/pico_sync/mutex.c.obj
                0x0000000020000150                mutex_exit
 .time_critical.i2c_slave_irq_handler
                0x000000002000019c       0x80 minerSlave/CMakeFiles/minerSlave.dir/__/i2c_slave/i2c_slave.c.obj
 .time_critical.i2c0_slave_irq_handler
                0x000000002000021c       0x10 minerSlave/CMakeFiles/minerSlave.dir/__/i2c_slave/i2c_slave.c.obj
 .time_critical.i2c1_slave_irq_handler
                0x000000002000022c       0x10 minerSlave/CMakeFiles/minerSlave.dir/__/i2c_slave/i2c_slave.c.obj
 .time_critical.flash_init_boot2_copyout
                0x000000002000023c       0x30 minerSlave/CMakeFiles/minerSlave.dir/__/libraries/pico-sdk/src/rp2_common/hardware_flash/flash.c.obj
 .time_critical.flash_enable_xip_via_boot2
                0x000000002000026c       0x10 minerSlave/CMakeFiles/minerSlave.dir/__/libraries/pico-sdk/src/rp2_common/hardware_flash/flash.c.obj
 .time_critical.flash_cs_force
                0x000000002000027c       0x28 minerSlave/CMakeFiles/minerSlave.dir/__/libraries/pico-sdk/src/rp2_common/hardware_flash/flash.c.obj
 .time_critical.flash_do_cmd
                0x00000000200002a4       0xd8 minerSlave/CMakeFiles/minerSlave.dir/__/libraries/pico-sdk/src/rp2_common/hardware_flash/flash.c.obj
                0x00000000200002a4                flash_do_cmd
 .time_critical.TwoWire::handleEvent
                0x000000002000037c       0xf8 minerSlave/CMakeFiles/minerSlave.dir/__/utils/Wire.cpp.obj
                0x000000002000037c                TwoWire::handleEvent(i2c_inst*, i2c_slave_event_t)
 *(.text*)
 .text          0x0000000020000474        0x4 /Applications/ARM/bin/../lib/gcc/arm-none-eabi/10.3.1/thumb/v6-m/nofp/libgcc.a(_dvmd_tls.o)
                0x0000000020000474                __aeabi_ldiv0
                0x0000000020000474                __aeabi_idiv0
 .text.__stub   0x0000000020000478       0x10 linker stubs
                0x0000000020000488                . = ALIGN (0x4)
 *(.rodata*)
                0x0000000020000488                . = ALIGN (0x4)
 *(.data*)
 .data._ZL18HashCalStatusCore0
                0x0000000020000488        0x1 minerSlave/CMakeFiles/minerSlave.dir/minerSlave.cpp.obj
 .data._ZL18HashCalStatusCore1
                0x0000000020000489        0x1 minerSlave/CMakeFiles/minerSlave.dir/minerSlave.cpp.obj
 .data.striped_spin_lock_num
                0x000000002000048a        0x1 minerSlave/CMakeFiles/minerSlave.dir/__/libraries/pico-sdk/src/rp2_common/hardware_sync/sync.c.obj
 *fill*         0x000000002000048b        0x1 
 .data.default_alarm_pool
                0x000000002000048c       0x18 minerSlave/CMakeFiles/minerSlave.dir/__/libraries/pico-sdk/src/common/pico_time/time.c.obj
 .data.default_alarm_pool_heap
                0x00000000200004a4       0x10 minerSlave/CMakeFiles/minerSlave.dir/__/libraries/pico-sdk/src/common/pico_time/time.c.obj
 .data          0x00000000200004b4       0x48 minerSlave/CMakeFiles/minerSlave.dir/__/libraries/pico-sdk/src/rp2_common/hardware_irq/irq_handler_chain.S.obj
                0x00000000200004b4                irq_handler_chain_slots
                0x00000000200004e4                irq_handler_chain_first_slot
                0x00000000200004ee                irq_handler_chain_remove_tail
 .data.i2c0_inst
                0x00000000200004fc        0x8 minerSlave/CMakeFiles/minerSlave.dir/__/libraries/pico-sdk/src/rp2_common/hardware_i2c/i2c.c.obj
                0x00000000200004fc                i2c0_inst
 .data.i2c1_inst
                0x0000000020000504        0x8 minerSlave/CMakeFiles/minerSlave.dir/__/libraries/pico-sdk/src/rp2_common/hardware_i2c/i2c.c.obj
                0x0000000020000504                i2c1_inst
 *fill*         0x000000002000050c        0x4 
 .data.aeabi_bits_funcs
                0x0000000020000510       0x10 minerSlave/CMakeFiles/minerSlave.dir/__/libraries/pico-sdk/src/rp2_common/pico_bit_ops/bit_ops_aeabi.S.obj
                0x0000000020000510                aeabi_bits_funcs
                0x0000000020000520                aeabi_bits_funcs_end
 .data.aeabi_mem_funcs
                0x0000000020000520       0x10 minerSlave/CMakeFiles/minerSlave.dir/__/libraries/pico-sdk/src/rp2_common/pico_mem_ops/mem_ops_aeabi.S.obj
                0x0000000020000520                aeabi_mem_funcs
                0x0000000020000530                aeabi_mem_funcs_end
 .data.stdio_uart
                0x0000000020000530       0x14 minerSlave/CMakeFiles/minerSlave.dir/__/libraries/pico-sdk/src/rp2_common/pico_stdio_uart/stdio_uart.c.obj
                0x0000000020000530                stdio_uart
 .data          0x0000000020000544        0x4 libraries/mbedtls/library/libmbedcrypto.a(platform_util.c.obj)
 .data._impure_ptr
                0x0000000020000548        0x4 /Applications/ARM/bin/../lib/gcc/arm-none-eabi/10.3.1/../../../../arm-none-eabi/lib/thumb/v6-m/nofp/libg.a(lib_a-impure.o)
                0x0000000020000548                _impure_ptr
 *fill*         0x000000002000054c        0x4 
 .data.impure_data
                0x0000000020000550      0x428 /Applications/ARM/bin/../lib/gcc/arm-none-eabi/10.3.1/../../../../arm-none-eabi/lib/thumb/v6-m/nofp/libg.a(lib_a-impure.o)
                0x0000000020000978                . = ALIGN (0x4)
 *(.after_data.*)
                0x0000000020000978                . = ALIGN (0x4)
                0x0000000020000978                PROVIDE (__mutex_array_start = .)
 *(SORT_BY_NAME(.mutex_array.*))
 *(.mutex_array)
 .mutex_array   0x0000000020000978        0x8 minerSlave/CMakeFiles/minerSlave.dir/__/libraries/pico-sdk/src/rp2_common/pico_malloc/pico_malloc.c.obj
 .mutex_array   0x0000000020000980        0x8 minerSlave/CMakeFiles/minerSlave.dir/__/libraries/pico-sdk/src/rp2_common/pico_stdio/stdio.c.obj
                0x0000000020000988                PROVIDE (__mutex_array_end = .)
                0x0000000020000988                . = ALIGN (0x4)
                0x0000000020000988                PROVIDE (__preinit_array_start = .)
 *(SORT_BY_NAME(.preinit_array.*))
 .preinit_array.00001
                0x0000000020000988        0x4 minerSlave/CMakeFiles/minerSlave.dir/__/libraries/pico-sdk/src/rp2_common/pico_mem_ops/mem_ops_aeabi.S.obj
 .preinit_array.00010
                0x000000002000098c        0x4 minerSlave/CMakeFiles/minerSlave.dir/__/libraries/pico-sdk/src/rp2_common/pico_bit_ops/bit_ops_aeabi.S.obj
 .preinit_array.00020
                0x0000000020000990        0x4 minerSlave/CMakeFiles/minerSlave.dir/__/libraries/pico-sdk/src/rp2_common/pico_double/double_aeabi.S.obj
 .preinit_array.00020
                0x0000000020000994        0x4 minerSlave/CMakeFiles/minerSlave.dir/__/libraries/pico-sdk/src/rp2_common/pico_float/float_aeabi.S.obj
 *(.preinit_array)
                0x0000000020000998                PROVIDE (__preinit_array_end = .)
                0x0000000020000998                . = ALIGN (0x4)
                0x0000000020000998                PROVIDE (__init_array_start = .)
 *(SORT_BY_NAME(.init_array.*))
 *(.init_array)
 .init_array    0x0000000020000998        0x4 /Applications/ARM/bin/../lib/gcc/arm-none-eabi/10.3.1/thumb/v6-m/nofp/crtbegin.o
 .init_array    0x000000002000099c        0x4 minerSlave/CMakeFiles/minerSlave.dir/minerSlave.cpp.obj
 .init_array    0x00000000200009a0        0x4 minerSlave/CMakeFiles/minerSlave.dir/__/libraries/pico-sdk/src/rp2_common/pico_unique_id/unique_id.c.obj
 .init_array    0x00000000200009a4        0x4 minerSlave/CMakeFiles/minerSlave.dir/__/utils/Wire.cpp.obj
                0x00000000200009a8                PROVIDE (__init_array_end = .)
                0x00000000200009a8                . = ALIGN (0x4)
                [!provide]                        PROVIDE (__fini_array_start = .)
 *(SORT_BY_NAME(.fini_array.*))
 *(.fini_array)
                [!provide]                        PROVIDE (__fini_array_end = .)
 *(.jcr)
                0x00000000200009a8                . = ALIGN (0x4)
                0x00000000200009a8                __data_end__ = .

.igot.plt       0x00000000200009a8        0x0 load address 0x000000001000a614
 .igot.plt      0x00000000200009a8        0x0 /Applications/ARM/bin/../lib/gcc/arm-none-eabi/10.3.1/thumb/v6-m/nofp/crtbegin.o

.uninitialized_data
                0x00000000200009a8        0x0 load address 0x000000001000a614
                0x00000000200009a8                . = ALIGN (0x4)
 *(.uninitialized_data*)

.scratch_x      0x0000000020040000        0x0 load address 0x000000001000a614
                0x0000000020040000                __scratch_x_start__ = .
 *(.scratch_x.*)
                0x0000000020040000                . = ALIGN (0x4)
                0x0000000020040000                __scratch_x_end__ = .
                0x000000001000a614                __scratch_x_source__ = LOADADDR (.scratch_x)

.scratch_y      0x0000000020041000        0x0 load address 0x000000001000a614
                0x0000000020041000                __scratch_y_start__ = .
 *(.scratch_y.*)
                0x0000000020041000                . = ALIGN (0x4)
                0x0000000020041000                __scratch_y_end__ = .
                0x000000001000a614                __scratch_y_source__ = LOADADDR (.scratch_y)

.bss            0x00000000200009a8      0xcf4
                0x00000000200009a8                . = ALIGN (0x4)
                0x00000000200009a8                __bss_start__ = .
 *(SORT_BY_ALIGNMENT(SORT_BY_NAME(.bss*)))
 .bss.default_alarm_pool_entries
                0x00000000200009a8      0x100 minerSlave/CMakeFiles/minerSlave.dir/__/libraries/pico-sdk/src/common/pico_time/time.c.obj
 .bss           0x0000000020000aa8       0x1c /Applications/ARM/bin/../lib/gcc/arm-none-eabi/10.3.1/thumb/v6-m/nofp/crtbegin.o
 .bss.TempBufferCore0
                0x0000000020000ac4      0x100 minerSlave/CMakeFiles/minerSlave.dir/minerSlave.cpp.obj
                0x0000000020000ac4                TempBufferCore0
 .bss.TempBufferCore1
                0x0000000020000bc4      0x100 minerSlave/CMakeFiles/minerSlave.dir/minerSlave.cpp.obj
                0x0000000020000bc4                TempBufferCore1
 .bss.Wire      0x0000000020000cc4      0x10c minerSlave/CMakeFiles/minerSlave.dir/__/utils/Wire.cpp.obj
                0x0000000020000cc4                Wire
 .bss.Wire1     0x0000000020000dd0      0x10c minerSlave/CMakeFiles/minerSlave.dir/__/utils/Wire.cpp.obj
                0x0000000020000dd0                Wire1
 .bss._ZL14core0_sha1_ctx
                0x0000000020000edc       0x5c minerSlave/CMakeFiles/minerSlave.dir/__/utils/duinoCoinUtils.cpp.obj
 .bss._ZL14core1_sha1_ctx
                0x0000000020000f38       0x5c minerSlave/CMakeFiles/minerSlave.dir/__/utils/duinoCoinUtils.cpp.obj
 .bss._ZL19core0_sha1_ctx_base
                0x0000000020000f94       0x5c minerSlave/CMakeFiles/minerSlave.dir/__/utils/duinoCoinUtils.cpp.obj
 .bss._ZL19core1_sha1_ctx_base
                0x0000000020000ff0       0x5c minerSlave/CMakeFiles/minerSlave.dir/__/utils/duinoCoinUtils.cpp.obj
 .bss._ZZ18calculateHashCore0E11hash_result
                0x000000002000104c       0x14 minerSlave/CMakeFiles/minerSlave.dir/__/utils/duinoCoinUtils.cpp.obj
 .bss._ZZ18calculateHashCore0E18expected_hash_arry
                0x0000000020001060       0x14 minerSlave/CMakeFiles/minerSlave.dir/__/utils/duinoCoinUtils.cpp.obj
 .bss._ZZ18calculateHashCore0E23duco_numeric_result_str
                0x0000000020001074       0x10 minerSlave/CMakeFiles/minerSlave.dir/__/utils/duinoCoinUtils.cpp.obj
 .bss._ZZ18calculateHashCore1E11hash_result
                0x0000000020001084       0x14 minerSlave/CMakeFiles/minerSlave.dir/__/utils/duinoCoinUtils.cpp.obj
 .bss._ZZ18calculateHashCore1E18expected_hash_arry
                0x0000000020001098       0x14 minerSlave/CMakeFiles/minerSlave.dir/__/utils/duinoCoinUtils.cpp.obj
 .bss._ZZ18calculateHashCore1E23duco_numeric_result_str
                0x00000000200010ac       0x10 minerSlave/CMakeFiles/minerSlave.dir/__/utils/duinoCoinUtils.cpp.obj
 .bss.alarm_callbacks
                0x00000000200010bc       0x10 minerSlave/CMakeFiles/minerSlave.dir/__/libraries/pico-sdk/src/rp2_common/hardware_timer/timer.c.obj
 .bss.boot2_copyout
                0x00000000200010cc      0x100 minerSlave/CMakeFiles/minerSlave.dir/__/libraries/pico-sdk/src/rp2_common/hardware_flash/flash.c.obj
 .bss.configured_freq
                0x00000000200011cc       0x28 minerSlave/CMakeFiles/minerSlave.dir/__/libraries/pico-sdk/src/rp2_common/hardware_clocks/clocks.c.obj
 .bss.default_alarm_pool_entry_ids_high
                0x00000000200011f4       0x10 minerSlave/CMakeFiles/minerSlave.dir/__/libraries/pico-sdk/src/common/pico_time/time.c.obj
 .bss.default_alarm_pool_heap_nodes
                0x0000000020001204       0x30 minerSlave/CMakeFiles/minerSlave.dir/__/libraries/pico-sdk/src/common/pico_time/time.c.obj
 .bss.drivers   0x0000000020001234        0x4 minerSlave/CMakeFiles/minerSlave.dir/__/libraries/pico-sdk/src/rp2_common/pico_stdio/stdio.c.obj
 .bss.filter    0x0000000020001238        0x4 minerSlave/CMakeFiles/minerSlave.dir/__/libraries/pico-sdk/src/rp2_common/pico_stdio/stdio.c.obj
 .bss.i2c_slaves
                0x000000002000123c       0x18 minerSlave/CMakeFiles/minerSlave.dir/__/i2c_slave/i2c_slave.c.obj
 .bss.pools     0x0000000020001254       0x10 minerSlave/CMakeFiles/minerSlave.dir/__/libraries/pico-sdk/src/common/pico_time/time.c.obj
 .bss.receiveBuffer
                0x0000000020001264      0x104 minerSlave/CMakeFiles/minerSlave.dir/minerSlave.cpp.obj
                0x0000000020001264                receiveBuffer
 .bss.requestBuffer
                0x0000000020001368      0x104 minerSlave/CMakeFiles/minerSlave.dir/minerSlave.cpp.obj
                0x0000000020001368                requestBuffer
 .bss.retrieved_id
                0x000000002000146c        0x8 minerSlave/CMakeFiles/minerSlave.dir/__/libraries/pico-sdk/src/rp2_common/pico_unique_id/unique_id.c.obj
 .bss.sd_table  0x0000000020001474      0x100 minerSlave/CMakeFiles/minerSlave.dir/__/libraries/pico-sdk/src/rp2_common/pico_double/double_init_rom.c.obj
                0x0000000020001474                sd_table
 .bss.sf_clz_func
                0x0000000020001574        0x4 minerSlave/CMakeFiles/minerSlave.dir/__/libraries/pico-sdk/src/rp2_common/pico_double/double_init_rom.c.obj
                0x0000000020001574                sf_clz_func
 .bss.sf_table  0x0000000020001578      0x100 minerSlave/CMakeFiles/minerSlave.dir/__/libraries/pico-sdk/src/rp2_common/pico_float/float_init_rom.c.obj
                0x0000000020001578                sf_table
 .bss.sleep_notifier
                0x0000000020001678        0x4 minerSlave/CMakeFiles/minerSlave.dir/__/libraries/pico-sdk/src/common/pico_time/time.c.obj
 .bss.target_hi
                0x000000002000167c       0x10 minerSlave/CMakeFiles/minerSlave.dir/__/libraries/pico-sdk/src/rp2_common/hardware_timer/timer.c.obj
 .bss.uart_char_to_line_feed
                0x000000002000168c        0x4 minerSlave/CMakeFiles/minerSlave.dir/__/libraries/pico-sdk/src/rp2_common/hardware_uart/uart.c.obj
                0x000000002000168c                uart_char_to_line_feed
 .bss.uart_instance
                0x0000000020001690        0x4 minerSlave/CMakeFiles/minerSlave.dir/__/libraries/pico-sdk/src/rp2_common/pico_stdio_uart/stdio_uart.c.obj
 .bss.Core1Trigger
                0x0000000020001694        0x1 minerSlave/CMakeFiles/minerSlave.dir/minerSlave.cpp.obj
                0x0000000020001694                Core1Trigger
 .bss.boot2_copyout_valid
                0x0000000020001695        0x1 minerSlave/CMakeFiles/minerSlave.dir/__/libraries/pico-sdk/src/rp2_common/hardware_flash/flash.c.obj
 .bss.claimed   0x0000000020001696        0x1 minerSlave/CMakeFiles/minerSlave.dir/__/libraries/pico-sdk/src/rp2_common/hardware_timer/timer.c.obj
 .bss.irq_hander_chain_free_slot_head
                0x0000000020001697        0x1 minerSlave/CMakeFiles/minerSlave.dir/__/libraries/pico-sdk/src/rp2_common/hardware_irq/irq.c.obj
 .bss.timer_callbacks_pending
                0x0000000020001698        0x1 minerSlave/CMakeFiles/minerSlave.dir/__/libraries/pico-sdk/src/rp2_common/hardware_timer/timer.c.obj
 *(COMMON)
                0x000000002000169c                . = ALIGN (0x4)
 *fill*         0x0000000020001699        0x3 
                0x000000002000169c                __bss_end__ = .

.heap           0x000000002000169c      0x800
                0x000000002000169c                __end__ = .
                0x000000002000169c                end = __end__
 *(.heap*)
 .heap          0x000000002000169c      0x800 minerSlave/CMakeFiles/minerSlave.dir/__/libraries/pico-sdk/src/rp2_common/pico_standard_link/crt0.S.obj
                0x0000000020001e9c                __HeapLimit = .

.stack1_dummy   0x0000000020040000      0x800
 *(.stack1*)
 .stack1        0x0000000020040000      0x800 minerSlave/CMakeFiles/minerSlave.dir/__/libraries/pico-sdk/src/rp2_common/pico_multicore/multicore.c.obj

.stack_dummy    0x0000000020041000      0x800
 *(.stack*)
 .stack         0x0000000020041000      0x800 minerSlave/CMakeFiles/minerSlave.dir/__/libraries/pico-sdk/src/rp2_common/pico_standard_link/crt0.S.obj

.flash_end      0x000000001000a614        0x0
                0x000000001000a614                __flash_binary_end = .
                0x0000000020040000                __StackLimit = (ORIGIN (RAM) + LENGTH (RAM))
                0x0000000020041000                __StackOneTop = (ORIGIN (SCRATCH_X) + LENGTH (SCRATCH_X))
                0x0000000020042000                __StackTop = (ORIGIN (SCRATCH_Y) + LENGTH (SCRATCH_Y))
                0x0000000020040800                __StackOneBottom = (__StackOneTop - SIZEOF (.stack1_dummy))
                0x0000000020041800                __StackBottom = (__StackTop - SIZEOF (.stack_dummy))
                0x0000000020042000                PROVIDE (__stack = __StackTop)
                0x0000000000000001                ASSERT ((__StackLimit >= __HeapLimit), region RAM overflowed)
                0x0000000000000001                ASSERT (((__binary_info_header_end - __logical_binary_start) <= 0x100), Binary info must be in first 256 bytes of the binary)
LOAD minerSlave/CMakeFiles/minerSlave.dir/minerSlave.cpp.obj
LOAD minerSlave/CMakeFiles/minerSlave.dir/__/libraries/pico-sdk/src/rp2_common/pico_multicore/multicore.c.obj
LOAD minerSlave/CMakeFiles/minerSlave.dir/__/libraries/pico-sdk/src/common/pico_sync/sem.c.obj
LOAD minerSlave/CMakeFiles/minerSlave.dir/__/libraries/pico-sdk/src/common/pico_sync/lock_core.c.obj
LOAD minerSlave/CMakeFiles/minerSlave.dir/__/libraries/pico-sdk/src/rp2_common/hardware_sync/sync.c.obj
LOAD minerSlave/CMakeFiles/minerSlave.dir/__/libraries/pico-sdk/src/rp2_common/hardware_claim/claim.c.obj
LOAD minerSlave/CMakeFiles/minerSlave.dir/__/libraries/pico-sdk/src/rp2_common/pico_platform/platform.c.obj
LOAD minerSlave/CMakeFiles/minerSlave.dir/__/libraries/pico-sdk/src/common/pico_time/time.c.obj
LOAD minerSlave/CMakeFiles/minerSlave.dir/__/libraries/pico-sdk/src/common/pico_time/timeout_helper.c.obj
LOAD minerSlave/CMakeFiles/minerSlave.dir/__/libraries/pico-sdk/src/rp2_common/hardware_timer/timer.c.obj
LOAD minerSlave/CMakeFiles/minerSlave.dir/__/libraries/pico-sdk/src/common/pico_util/datetime.c.obj
LOAD minerSlave/CMakeFiles/minerSlave.dir/__/libraries/pico-sdk/src/common/pico_util/pheap.c.obj
LOAD minerSlave/CMakeFiles/minerSlave.dir/__/libraries/pico-sdk/src/common/pico_util/queue.c.obj
LOAD minerSlave/CMakeFiles/minerSlave.dir/__/libraries/pico-sdk/src/common/pico_sync/mutex.c.obj
LOAD minerSlave/CMakeFiles/minerSlave.dir/__/libraries/pico-sdk/src/common/pico_sync/critical_section.c.obj
LOAD minerSlave/CMakeFiles/minerSlave.dir/__/libraries/pico-sdk/src/rp2_common/hardware_irq/irq.c.obj
LOAD minerSlave/CMakeFiles/minerSlave.dir/__/libraries/pico-sdk/src/rp2_common/hardware_irq/irq_handler_chain.S.obj
LOAD minerSlave/CMakeFiles/minerSlave.dir/__/libraries/pico-sdk/src/rp2_common/hardware_i2c/i2c.c.obj
LOAD minerSlave/CMakeFiles/minerSlave.dir/__/i2c_slave/i2c_slave.c.obj
LOAD minerSlave/CMakeFiles/minerSlave.dir/__/libraries/pico-sdk/src/rp2_common/pico_stdlib/stdlib.c.obj
LOAD minerSlave/CMakeFiles/minerSlave.dir/__/libraries/pico-sdk/src/rp2_common/hardware_gpio/gpio.c.obj
LOAD minerSlave/CMakeFiles/minerSlave.dir/__/libraries/pico-sdk/src/rp2_common/hardware_uart/uart.c.obj
LOAD minerSlave/CMakeFiles/minerSlave.dir/__/libraries/pico-sdk/src/rp2_common/hardware_divider/divider.S.obj
LOAD minerSlave/CMakeFiles/minerSlave.dir/__/libraries/pico-sdk/src/rp2_common/pico_runtime/runtime.c.obj
LOAD minerSlave/CMakeFiles/minerSlave.dir/__/libraries/pico-sdk/src/rp2_common/hardware_clocks/clocks.c.obj
LOAD minerSlave/CMakeFiles/minerSlave.dir/__/libraries/pico-sdk/src/rp2_common/hardware_pll/pll.c.obj
LOAD minerSlave/CMakeFiles/minerSlave.dir/__/libraries/pico-sdk/src/rp2_common/hardware_vreg/vreg.c.obj
LOAD minerSlave/CMakeFiles/minerSlave.dir/__/libraries/pico-sdk/src/rp2_common/hardware_watchdog/watchdog.c.obj
LOAD minerSlave/CMakeFiles/minerSlave.dir/__/libraries/pico-sdk/src/rp2_common/hardware_xosc/xosc.c.obj
LOAD minerSlave/CMakeFiles/minerSlave.dir/__/libraries/pico-sdk/src/rp2_common/pico_printf/printf.c.obj
LOAD minerSlave/CMakeFiles/minerSlave.dir/__/libraries/pico-sdk/src/rp2_common/pico_bit_ops/bit_ops_aeabi.S.obj
LOAD minerSlave/CMakeFiles/minerSlave.dir/__/libraries/pico-sdk/src/rp2_common/pico_bootrom/bootrom.c.obj
LOAD minerSlave/CMakeFiles/minerSlave.dir/__/libraries/pico-sdk/src/rp2_common/pico_divider/divider.S.obj
LOAD minerSlave/CMakeFiles/minerSlave.dir/__/libraries/pico-sdk/src/rp2_common/pico_double/double_aeabi.S.obj
LOAD minerSlave/CMakeFiles/minerSlave.dir/__/libraries/pico-sdk/src/rp2_common/pico_double/double_init_rom.c.obj
LOAD minerSlave/CMakeFiles/minerSlave.dir/__/libraries/pico-sdk/src/rp2_common/pico_double/double_math.c.obj
LOAD minerSlave/CMakeFiles/minerSlave.dir/__/libraries/pico-sdk/src/rp2_common/pico_double/double_v1_rom_shim.S.obj