Archive member included to satisfy reference by file (symbol)

/Applications/ARM/bin/../lib/gcc/arm-none-eabi/10.3.1/thumb/v6-m/nofp/libgcc.a(_dvmd_tls.o)
                              minerMaster/CMakeFiles/minerMaster.dir/__/libraries/pico-sdk/src/rp2_common/pico_divider/divider.S.obj (__aeabi_idiv0)
/Applications/ARM/bin/../lib/gcc/arm-none-eabi/10.3.1/../../../../arm-none-eabi/lib/thumb/v6-m/nofp/libg.a(lib_a-calloc.o)
                              minerMaster/CMakeFiles/minerMaster.dir/__/libraries/pico-sdk/src/rp2_common/pico_malloc/pico_malloc.c.obj (calloc)
/Applications/ARM/bin/../lib/gcc/arm-none-eabi/10.3.1/../../../../arm-none-eabi/lib/thumb/v6-m/nofp/libg.a(lib_a-callocr.o)
                              /Applications/ARM/bin/../lib/gcc/arm-none-eabi/10.3.1/../../../../arm-none-eabi/lib/thumb/v6-m/nofp/libg.a(lib_a-calloc.o) (_calloc_r)
/Applications/ARM/bin/../lib/gcc/arm-none-eabi/10.3.1/../../../../arm-none-eabi/lib/thumb/v6-m/nofp/libg.a(lib_a-errno.o)
                              /Applications/ARM/bin/../lib/gcc/arm-none-eabi/10.3.1/../../../../arm-none-eabi/lib/thumb/v6-m/nofp/libg.a(lib_a-callocr.o) (__errno)
/Applications/ARM/bin/../lib/gcc/arm-none-eabi/10.3.1/../../../../arm-none-eabi/lib/thumb/v6-m/nofp/libg.a(lib_a-impure.o)
                              /Applications/ARM/bin/../lib/gcc/arm-none-eabi/10.3.1/../../../../arm-none-eabi/lib/thumb/v6-m/nofp/libg.a(lib_a-calloc.o) (_impure_ptr)
/Applications/ARM/bin/../lib/gcc/arm-none-eabi/10.3.1/../../../../arm-none-eabi/lib/thumb/v6-m/nofp/libg.a(lib_a-init.o)
                              /Applications/ARM/bin/../lib/gcc/arm-none-eabi/10.3.1/../../../../arm-none-eabi/lib/thumb/v6-m/nofp/crt0.o (__libc_init_array)
/Applications/ARM/bin/../lib/gcc/arm-none-eabi/10.3.1/../../../../arm-none-eabi/lib/thumb/v6-m/nofp/libg.a(lib_a-malloc.o)
                              minerMaster/CMakeFiles/minerMaster.dir/__/libraries/pico-sdk/src/rp2_common/pico_malloc/pico_malloc.c.obj (malloc)
/Applications/ARM/bin/../lib/gcc/arm-none-eabi/10.3.1/../../../../arm-none-eabi/lib/thumb/v6-m/nofp/libg.a(lib_a-mallocr.o)
                              /Applications/ARM/bin/../lib/gcc/arm-none-eabi/10.3.1/../../../../arm-none-eabi/lib/thumb/v6-m/nofp/libg.a(lib_a-callocr.o) (_malloc_r)
/Applications/ARM/bin/../lib/gcc/arm-none-eabi/10.3.1/../../../../arm-none-eabi/lib/thumb/v6-m/nofp/libg.a(lib_a-memmove.o)
                              minerMaster/CMakeFiles/minerMaster.dir/__/utils/charbuffer.cpp.obj (memmove)
/Applications/ARM/bin/../lib/gcc/arm-none-eabi/10.3.1/../../../../arm-none-eabi/lib/thumb/v6-m/nofp/libg.a(lib_a-mlock.o)
                              /Applications/ARM/bin/../lib/gcc/arm-none-eabi/10.3.1/../../../../arm-none-eabi/lib/thumb/v6-m/nofp/libg.a(lib_a-mallocr.o) (__malloc_lock)
/Applications/ARM/bin/../lib/gcc/arm-none-eabi/10.3.1/../../../../arm-none-eabi/lib/thumb/v6-m/nofp/libg.a(lib_a-rand.o)
                              minerMaster/CMakeFiles/minerMaster.dir/minerMaster.cpp.obj (rand)
/Applications/ARM/bin/../lib/gcc/arm-none-eabi/10.3.1/../../../../arm-none-eabi/lib/thumb/v6-m/nofp/libg.a(lib_a-realloc.o)
                              minerMaster/CMakeFiles/minerMaster.dir/__/libraries/pico-sdk/src/rp2_common/pico_malloc/pico_malloc.c.obj (realloc)
/Applications/ARM/bin/../lib/gcc/arm-none-eabi/10.3.1/../../../../arm-none-eabi/lib/thumb/v6-m/nofp/libg.a(lib_a-reallocr.o)
                              /Applications/ARM/bin/../lib/gcc/arm-none-eabi/10.3.1/../../../../arm-none-eabi/lib/thumb/v6-m/nofp/libg.a(lib_a-realloc.o) (_realloc_r)
/Applications/ARM/bin/../lib/gcc/arm-none-eabi/10.3.1/../../../../arm-none-eabi/lib/thumb/v6-m/nofp/libg.a(lib_a-sbrkr.o)
                              /Applications/ARM/bin/../lib/gcc/arm-none-eabi/10.3.1/../../../../arm-none-eabi/lib/thumb/v6-m/nofp/libg.a(lib_a-mallocr.o) (_sbrk_r)
/Applications/ARM/bin/../lib/gcc/arm-none-eabi/10.3.1/../../../../arm-none-eabi/lib/thumb/v6-m/nofp/libg.a(lib_a-strchr.o)
                              minerMaster/CMakeFiles/minerMaster.dir/__/utils/charbuffer.cpp.obj (strchr)
/Applications/ARM/bin/../lib/gcc/arm-none-eabi/10.3.1/../../../../arm-none-eabi/lib/thumb/v6-m/nofp/libg.a(lib_a-strlen-stub.o)
                              minerMaster/CMakeFiles/minerMaster.dir/minerMaster.cpp.obj (strlen)
/Applications/ARM/bin/../lib/gcc/arm-none-eabi/10.3.1/../../../../arm-none-eabi/lib/thumb/v6-m/nofp/libg.a(lib_a-freer.o)
                              /Applications/ARM/bin/../lib/gcc/arm-none-eabi/10.3.1/../../../../arm-none-eabi/lib/thumb/v6-m/nofp/libg.a(lib_a-malloc.o) (_free_r)
/Applications/ARM/bin/../lib/gcc/arm-none-eabi/10.3.1/../../../../arm-none-eabi/lib/thumb/v6-m/nofp/libg.a(lib_a-lock.o)
                              /Applications/ARM/bin/../lib/gcc/arm-none-eabi/10.3.1/../../../../arm-none-eabi/lib/thumb/v6-m/nofp/libg.a(lib_a-mlock.o) (__retarget_lock_acquire_recursive)
[...]
Memory Configuration

Name             Origin             Length             Attributes
FLASH            0x0000000010000000 0x0000000000200000 xr
RAM              0x0000000020000000 0x0000000000040000 xrw
SCRATCH_X        0x0000000020040000 0x0000000000001000 xrw
SCRATCH_Y        0x0000000020041000 0x0000000000001000 xrw
*default*        0x0000000000000000 0xffffffffffffffff

Linker script and memory map

LOAD /Applications/ARM/bin/../lib/gcc/arm-none-eabi/10.3.1/thumb/v6-m/nofp/crti.o
LOAD /Applications/ARM/bin/../lib/gcc/arm-none-eabi/10.3.1/thumb/v6-m/nofp/crtbegin.o
LOAD /Applications/ARM/bin/../lib/gcc/arm-none-eabi/10.3.1/../../../../arm-none-eabi/lib/thumb/v6-m/nofp/crt0.o

.flash_begin    0x0000000010000000        0x0
                0x0000000010000000                __flash_binary_start = .

.boot2          0x0000000010000000      0x100
                0x0000000010000000                __boot2_start__ = .
 *(.boot2)
 .boot2         0x0000000010000000      0x100 /var/folders/7z/r4r2qbgd4bb_p1x_wcg8qx4c0000gn/T//ccPRnQk4.o
                0x0000000010000100                __boot2_end__ = .
                0x0000000000000001                ASSERT (((__boot2_end__ - __boot2_start__) == 0x100), ERROR: Pico second stage bootloader must be 256 bytes in size)

.text           0x0000000010000100     0x5060
                0x0000000010000100                __logical_binary_start = .
 *(.vectors)
 .vectors       0x0000000010000100       0xd4 minerMaster/CMakeFiles/minerMaster.dir/__/libraries/pico-sdk/src/rp2_common/pico_standard_link/crt0.S.obj
                0x0000000010000100                __VECTOR_TABLE
                0x0000000010000100                __vectors
                0x00000000100001c0                __default_isrs_start
                0x00000000100001c0                isr_invalid
                0x00000000100001c2                isr_nmi
                0x00000000100001c4                isr_hardfault
                0x00000000100001c6                isr_svcall
                0x00000000100001c8                isr_pendsv
                0x00000000100001ca                isr_systick
                0x00000000100001cc                isr_irq28
                0x00000000100001cc                isr_irq19
                0x00000000100001cc                isr_irq0
                0x00000000100001cc                isr_irq6
                0x00000000100001cc                isr_irq22
                0x00000000100001cc                isr_irq17
                0x00000000100001cc                isr_irq14
                0x00000000100001cc                isr_irq2
                0x00000000100001cc                isr_irq10
                0x00000000100001cc                isr_irq8
                0x00000000100001cc                isr_irq24
                0x00000000100001cc                isr_irq1
                0x00000000100001cc                isr_irq7
                0x00000000100001cc                isr_irq21
                0x00000000100001cc                isr_irq20
                0x00000000100001cc                isr_irq15
                0x00000000100001cc                isr_irq25
                0x00000000100001cc                isr_irq4
                0x00000000100001cc                isr_irq16
                0x00000000100001cc                isr_irq29
                0x00000000100001cc                isr_irq26
                0x00000000100001cc                __default_isrs_end
                0x00000000100001cc                isr_irq3
                0x00000000100001cc                isr_irq9
                0x00000000100001cc                __unhandled_user_irq
                0x00000000100001cc                isr_irq13
                0x00000000100001cc                isr_irq27
                0x00000000100001cc                isr_irq31
                0x00000000100001cc                isr_irq5
                0x00000000100001cc                isr_irq11
                0x00000000100001cc                isr_irq23
                0x00000000100001cc                isr_irq18
                0x00000000100001cc                isr_irq30
                0x00000000100001cc                isr_irq12
                0x00000000100001d2                unhandled_user_irq_num_in_r0
 *(.binary_info_header)
 .binary_info_header
                0x00000000100001d4       0x14 minerMaster/CMakeFiles/minerMaster.dir/__/libraries/pico-sdk/src/rp2_common/pico_standard_link/crt0.S.obj
                0x00000000100001e8                __binary_info_header_end = .
 *(.reset)
 .reset         0x00000000100001e8       0xa8 minerMaster/CMakeFiles/minerMaster.dir/__/libraries/pico-sdk/src/rp2_common/pico_standard_link/crt0.S.obj
                0x00000000100001e8                _entry_point
                0x0000000010000266                __get_current_exception
 .reset         0x0000000010000290       0x30 minerMaster/CMakeFiles/minerMaster.dir/__/libraries/pico-sdk/src/rp2_common/pico_standard_link/binary_info.c.obj
 *(.init)
 .init          0x00000000100002c0        0x4 /Applications/ARM/bin/../lib/gcc/arm-none-eabi/10.3.1/thumb/v6-m/nofp/crti.o
                0x00000000100002c0                _init
 *(EXCLUDE_FILE(*libm.a: *libc.a:*lib_a-mem*.o *libgcc.a:) .text*)
 .text          0x00000000100002c4       0x48 /Applications/ARM/bin/../lib/gcc/arm-none-eabi/10.3.1/thumb/v6-m/nofp/crtbegin.o
 .text._Z41__static_initialization_and_destruction_0ii
                0x000000001000030c       0x34 minerMaster/CMakeFiles/minerMaster.dir/minerMaster.cpp.obj
 .text._Z13reserved_addrh
                0x0000000010000340       0x1a minerMaster/CMakeFiles/minerMaster.dir/minerMaster.cpp.obj
                0x0000000010000340                reserved_addr(unsigned char)
 *fill*         0x000000001000035a        0x2 
 .text._Z7busScanPh
                0x000000001000035c       0x5c minerMaster/CMakeFiles/minerMaster.dir/minerMaster.cpp.obj
                0x000000001000035c                busScan(unsigned char*)
 .text._Z8writeCmdhhPhm
                0x00000000100003b8       0x38 minerMaster/CMakeFiles/minerMaster.dir/minerMaster.cpp.obj
                0x00000000100003b8                writeCmd(unsigned char, unsigned char, unsigned char*, unsigned long)
 .text._Z8readDatahm
                0x00000000100003f0       0xc4 minerMaster/CMakeFiles/minerMaster.dir/minerMaster.cpp.obj
                0x00000000100003f0                readData(unsigned char, unsigned long)
 .text._Z7readJobPhh
                0x00000000100004b4       0x30 minerMaster/CMakeFiles/minerMaster.dir/minerMaster.cpp.obj
                0x00000000100004b4                readJob(unsigned char*, unsigned char)
 .text._Z10sendResultPh
                0x00000000100004e4       0x14 minerMaster/CMakeFiles/minerMaster.dir/minerMaster.cpp.obj
                0x00000000100004e4                sendResult(unsigned char*)
 .text.main     0x00000000100004f8      0x114 minerMaster/CMakeFiles/minerMaster.dir/minerMaster.cpp.obj
                0x00000000100004f8                main
 .text._GLOBAL__sub_I_ducoSlave
                0x000000001000060c       0x10 minerMaster/CMakeFiles/minerMaster.dir/minerMaster.cpp.obj
 .text.i2c_slave_deinit
                0x000000001000061c       0xa8 minerMaster/CMakeFiles/minerMaster.dir/__/i2c_slave/i2c_slave.c.obj
                0x000000001000061c                i2c_slave_deinit
 .text.i2c_write_blocking_internal
                0x00000000100006c4      0x140 minerMaster/CMakeFiles/minerMaster.dir/__/libraries/pico-sdk/src/rp2_common/hardware_i2c/i2c.c.obj
 .text.i2c_read_blocking_internal
                0x0000000010000804       0xe6 minerMaster/CMakeFiles/minerMaster.dir/__/libraries/pico-sdk/src/rp2_common/hardware_i2c/i2c.c.obj
 *fill*         0x00000000100008ea        0x2 
 .text.i2c_set_baudrate
                0x00000000100008ec       0xf0 minerMaster/CMakeFiles/minerMaster.dir/__/libraries/pico-sdk/src/rp2_common/hardware_i2c/i2c.c.obj
                0x00000000100008ec                i2c_set_baudrate
 .text.i2c_init
                0x00000000100009dc       0x58 minerMaster/CMakeFiles/minerMaster.dir/__/libraries/pico-sdk/src/rp2_common/hardware_i2c/i2c.c.obj
                0x00000000100009dc                i2c_init
 .text.i2c_set_slave_mode
                0x0000000010000a34       0x48 minerMaster/CMakeFiles/minerMaster.dir/__/libraries/pico-sdk/src/rp2_common/hardware_i2c/i2c.c.obj
                0x0000000010000a34                i2c_set_slave_mode
 .text.i2c_write_blocking
                0x0000000010000a7c       0x18 minerMaster/CMakeFiles/minerMaster.dir/__/libraries/pico-sdk/src/rp2_common/hardware_i2c/i2c.c.obj
                0x0000000010000a7c                i2c_write_blocking
 .text.i2c_read_blocking
                0x0000000010000a94       0x18 minerMaster/CMakeFiles/minerMaster.dir/__/libraries/pico-sdk/src/rp2_common/hardware_i2c/i2c.c.obj
                0x0000000010000a94                i2c_read_blocking
 .text.hw_claim_lock
                0x0000000010000aac       0x18 minerMaster/CMakeFiles/minerMaster.dir/__/libraries/pico-sdk/src/rp2_common/hardware_claim/claim.c.obj
                0x0000000010000aac                hw_claim_lock
 .text.hw_claim_unlock
                0x0000000010000ac4       0x14 minerMaster/CMakeFiles/minerMaster.dir/__/libraries/pico-sdk/src/rp2_common/hardware_claim/claim.c.obj
                0x0000000010000ac4                hw_claim_unlock
 .text.hw_claim_or_assert
                0x0000000010000ad8       0x32 minerMaster/CMakeFiles/minerMaster.dir/__/libraries/pico-sdk/src/rp2_common/hardware_claim/claim.c.obj
                0x0000000010000ad8                hw_claim_or_assert
 *fill*         0x0000000010000b0a        0x2 
 .text.running_on_fpga
                0x0000000010000b0c       0x14 minerMaster/CMakeFiles/minerMaster.dir/__/libraries/pico-sdk/src/rp2_common/pico_platform/platform.c.obj
                0x0000000010000b0c                running_on_fpga
 .text.spin_locks_reset
                0x0000000010000b20       0x20 minerMaster/CMakeFiles/minerMaster.dir/__/libraries/pico-sdk/src/rp2_common/hardware_sync/sync.c.obj
                0x0000000010000b20                spin_locks_reset
 .text.next_striped_spin_lock_num
                0x0000000010000b40       0x1c minerMaster/CMakeFiles/minerMaster.dir/__/libraries/pico-sdk/src/rp2_common/hardware_sync/sync.c.obj
                0x0000000010000b40                next_striped_spin_lock_num
 .text.set_raw_irq_handler_and_unlock
                0x0000000010000b5c       0x28 minerMaster/CMakeFiles/minerMaster.dir/__/libraries/pico-sdk/src/rp2_common/hardware_irq/irq.c.obj
 .text.make_branch
                0x0000000010000b84       0x48 minerMaster/CMakeFiles/minerMaster.dir/__/libraries/pico-sdk/src/rp2_common/hardware_irq/irq.c.obj
 .text.insert_branch_and_link
                0x0000000010000bcc       0x40 minerMaster/CMakeFiles/minerMaster.dir/__/libraries/pico-sdk/src/rp2_common/hardware_irq/irq.c.obj
 .text.irq_is_enabled
                0x0000000010000c0c       0x18 minerMaster/CMakeFiles/minerMaster.dir/__/libraries/pico-sdk/src/rp2_common/hardware_irq/irq.c.obj
                0x0000000010000c0c                irq_is_enabled
 .text.irq_set_mask_enabled
                0x0000000010000c24       0x20 minerMaster/CMakeFiles/minerMaster.dir/__/libraries/pico-sdk/src/rp2_common/hardware_irq/irq.c.obj
                0x0000000010000c24                irq_set_mask_enabled
 .text.irq_set_enabled
                0x0000000010000c44        0xe minerMaster/CMakeFiles/minerMaster.dir/__/libraries/pico-sdk/src/rp2_common/hardware_irq/irq.c.obj
                0x0000000010000c44                irq_set_enabled
 *fill*         0x0000000010000c52        0x2 
 .text.irq_get_vtable_handler
                0x0000000010000c54       0x10 minerMaster/CMakeFiles/minerMaster.dir/__/libraries/pico-sdk/src/rp2_common/hardware_irq/irq.c.obj
                0x0000000010000c54                irq_get_vtable_handler
 .text.irq_set_exclusive_handler
                0x0000000010000c64       0x54 minerMaster/CMakeFiles/minerMaster.dir/__/libraries/pico-sdk/src/rp2_common/hardware_irq/irq.c.obj
                0x0000000010000c64                irq_set_exclusive_handler
 .text.irq_remove_handler
                0x0000000010000cb8      0x1a8 minerMaster/CMakeFiles/minerMaster.dir/__/libraries/pico-sdk/src/rp2_common/hardware_irq/irq.c.obj
                0x0000000010000cb8                irq_remove_handler
 .text.irq_add_tail_to_free_list
                0x0000000010000e60       0xf0 minerMaster/CMakeFiles/minerMaster.dir/__/libraries/pico-sdk/src/rp2_common/hardware_irq/irq.c.obj
                0x0000000010000e60                irq_add_tail_to_free_list
 .text.irq_init_priorities
                0x0000000010000f50       0x1c minerMaster/CMakeFiles/minerMaster.dir/__/libraries/pico-sdk/src/rp2_common/hardware_irq/irq.c.obj
                0x0000000010000f50                irq_init_priorities
 .text.lock_init
                0x0000000010000f6c       0x10 minerMaster/CMakeFiles/minerMaster.dir/__/libraries/pico-sdk/src/common/pico_sync/lock_core.c.obj
                0x0000000010000f6c                lock_init
 .text.alarm_pool_post_alloc_init
                0x0000000010000f7c       0x40 minerMaster/CMakeFiles/minerMaster.dir/__/libraries/pico-sdk/src/common/pico_time/time.c.obj
 .text.sleep_until_callback
                0x0000000010000fbc       0x30 minerMaster/CMakeFiles/minerMaster.dir/__/libraries/pico-sdk/src/common/pico_time/time.c.obj
 .text.timer_pool_entry_comparator
                0x0000000010000fec       0x7c minerMaster/CMakeFiles/minerMaster.dir/__/libraries/pico-sdk/src/common/pico_time/time.c.obj
                0x0000000010000fec                timer_pool_entry_comparator
 .text.ph_add_child_node
                0x0000000010001068       0xa4 minerMaster/CMakeFiles/minerMaster.dir/__/libraries/pico-sdk/src/common/pico_time/time.c.obj
 .text.ph_merge_nodes
                0x000000001000110c       0x3e minerMaster/CMakeFiles/minerMaster.dir/__/libraries/pico-sdk/src/common/pico_time/time.c.obj
 *fill*         0x000000001000114a        0x2 
 .text.add_alarm_under_lock
                0x000000001000114c      0x174 minerMaster/CMakeFiles/minerMaster.dir/__/libraries/pico-sdk/src/common/pico_time/time.c.obj
 .text.alarm_pool_alarm_callback
                0x00000000100012c0      0x328 minerMaster/CMakeFiles/minerMaster.dir/__/libraries/pico-sdk/src/common/pico_time/time.c.obj
 .text.alarm_pool_init_default
                0x00000000100015e8       0x38 minerMaster/CMakeFiles/minerMaster.dir/__/libraries/pico-sdk/src/common/pico_time/time.c.obj
                0x00000000100015e8                alarm_pool_init_default
 .text.alarm_pool_get_default
                0x0000000010001620       0x2c minerMaster/CMakeFiles/minerMaster.dir/__/libraries/pico-sdk/src/common/pico_time/time.c.obj
                0x0000000010001620                alarm_pool_get_default
 .text.alarm_pool_add_alarm_at
                0x000000001000164c      0x170 minerMaster/CMakeFiles/minerMaster.dir/__/libraries/pico-sdk/src/common/pico_time/time.c.obj
                0x000000001000164c                alarm_pool_add_alarm_at
 .text.sleep_until
                0x00000000100017bc       0xfc minerMaster/CMakeFiles/minerMaster.dir/__/libraries/pico-sdk/src/common/pico_time/time.c.obj
                0x00000000100017bc                sleep_until
 .text.sleep_us
                0x00000000100018b8       0x58 minerMaster/CMakeFiles/minerMaster.dir/__/libraries/pico-sdk/src/common/pico_time/time.c.obj
                0x00000000100018b8                sleep_us
 .text.sleep_ms
                0x0000000010001910       0x14 minerMaster/CMakeFiles/minerMaster.dir/__/libraries/pico-sdk/src/common/pico_time/time.c.obj
                0x0000000010001910                sleep_ms
 .text.hardware_alarm_irq_handler
                0x0000000010001924       0x8c minerMaster/CMakeFiles/minerMaster.dir/__/libraries/pico-sdk/src/rp2_common/hardware_timer/timer.c.obj
 .text.hardware_alarm_claim
                0x00000000100019b0       0x18 minerMaster/CMakeFiles/minerMaster.dir/__/libraries/pico-sdk/src/rp2_common/hardware_timer/timer.c.obj
                0x00000000100019b0                hardware_alarm_claim
 .text.time_us_64
                0x00000000100019c8       0x18 minerMaster/CMakeFiles/minerMaster.dir/__/libraries/pico-sdk/src/rp2_common/hardware_timer/timer.c.obj
                0x00000000100019c8                time_us_64
 .text.busy_wait_until
                0x00000000100019e0       0x28 minerMaster/CMakeFiles/minerMaster.dir/__/libraries/pico-sdk/src/rp2_common/hardware_timer/timer.c.obj
                0x00000000100019e0                busy_wait_until
 .text.hardware_alarm_set_callback
                0x0000000010001a08       0x90 minerMaster/CMakeFiles/minerMaster.dir/__/libraries/pico-sdk/src/rp2_common/hardware_timer/timer.c.obj
                0x0000000010001a08                hardware_alarm_set_callback
 .text.hardware_alarm_set_target
                0x0000000010001a98       0xe8 minerMaster/CMakeFiles/minerMaster.dir/__/libraries/pico-sdk/src/rp2_common/hardware_timer/timer.c.obj
                0x0000000010001a98                hardware_alarm_set_target
 .text.hardware_alarm_cancel
                0x0000000010001b80       0x40 minerMaster/CMakeFiles/minerMaster.dir/__/libraries/pico-sdk/src/rp2_common/hardware_timer/timer.c.obj
                0x0000000010001b80                hardware_alarm_cancel
 .text.ph_add_child_node
                0x0000000010001bc0       0xa4 minerMaster/CMakeFiles/minerMaster.dir/__/libraries/pico-sdk/src/common/pico_util/pheap.c.obj
 .text.ph_merge_nodes
                0x0000000010001c64       0x3e minerMaster/CMakeFiles/minerMaster.dir/__/libraries/pico-sdk/src/common/pico_util/pheap.c.obj
 *fill*         0x0000000010001ca2        0x2 
 .text.ph_clear
                0x0000000010001ca4       0x70 minerMaster/CMakeFiles/minerMaster.dir/__/libraries/pico-sdk/src/common/pico_util/pheap.c.obj
                0x0000000010001ca4                ph_clear
 .text.ph_post_alloc_init
                0x0000000010001d14        0xe minerMaster/CMakeFiles/minerMaster.dir/__/libraries/pico-sdk/src/common/pico_util/pheap.c.obj
                0x0000000010001d14                ph_post_alloc_init
 *fill*         0x0000000010001d22        0x2 
 .text.ph_merge_two_pass
                0x0000000010001d24       0xa8 minerMaster/CMakeFiles/minerMaster.dir/__/libraries/pico-sdk/src/common/pico_util/pheap.c.obj
                0x0000000010001d24                ph_merge_two_pass
 .text.ph_remove_any_head
                0x0000000010001dcc      0x108 minerMaster/CMakeFiles/minerMaster.dir/__/libraries/pico-sdk/src/common/pico_util/pheap.c.obj
 .text.ph_remove_head
                0x0000000010001ed4       0x14 minerMaster/CMakeFiles/minerMaster.dir/__/libraries/pico-sdk/src/common/pico_util/pheap.c.obj
                0x0000000010001ed4                ph_remove_head
 .text.ph_remove_and_free_node
                0x0000000010001ee8       0xf8 minerMaster/CMakeFiles/minerMaster.dir/__/libraries/pico-sdk/src/common/pico_util/pheap.c.obj
                0x0000000010001ee8                ph_remove_and_free_node
 .text.mutex_init
                0x0000000010001fe0       0x1a minerMaster/CMakeFiles/minerMaster.dir/__/libraries/pico-sdk/src/common/pico_sync/mutex.c.obj
                0x0000000010001fe0                mutex_init
 .text.recursive_mutex_init
                0x0000000010001ffa       0x1e minerMaster/CMakeFiles/minerMaster.dir/__/libraries/pico-sdk/src/common/pico_sync/mutex.c.obj
                0x0000000010001ffa                recursive_mutex_init
 .text.gpio_set_function
                0x0000000010002018       0x30 minerMaster/CMakeFiles/minerMaster.dir/__/libraries/pico-sdk/src/rp2_common/hardware_gpio/gpio.c.obj
                0x0000000010002018                gpio_set_function
 .text.gpio_set_pulls
                0x0000000010002048       0x34 minerMaster/CMakeFiles/minerMaster.dir/__/libraries/pico-sdk/src/rp2_common/hardware_gpio/gpio.c.obj
                0x0000000010002048                gpio_set_pulls
 .text.gpio_init
                0x000000001000207c       0x16 minerMaster/CMakeFiles/minerMaster.dir/__/libraries/pico-sdk/src/rp2_common/hardware_gpio/gpio.c.obj
                0x000000001000207c                gpio_init
 *fill*         0x0000000010002092        0x2 
 .text.uart_set_baudrate
                0x0000000010002094       0x5c minerMaster/CMakeFiles/minerMaster.dir/__/libraries/pico-sdk/src/rp2_common/hardware_uart/uart.c.obj
                0x0000000010002094                uart_set_baudrate
 .text.uart_set_translate_crlf
                0x00000000100020f0       0x28 minerMaster/CMakeFiles/minerMaster.dir/__/libraries/pico-sdk/src/rp2_common/hardware_uart/uart.c.obj
                0x00000000100020f0                uart_set_translate_crlf
 .text.uart_init
                0x0000000010002118       0x80 minerMaster/CMakeFiles/minerMaster.dir/__/libraries/pico-sdk/src/rp2_common/hardware_uart/uart.c.obj
                0x0000000010002118                uart_init
 .text._exit    0x0000000010002198        0x4 minerMaster/CMakeFiles/minerMaster.dir/__/libraries/pico-sdk/src/rp2_common/pico_runtime/runtime.c.obj
                0x0000000010002198                _exit
 .text.exit     0x000000001000219c        0x6 minerMaster/CMakeFiles/minerMaster.dir/__/libraries/pico-sdk/src/rp2_common/pico_runtime/runtime.c.obj
                0x000000001000219c                exit
 *fill*         0x00000000100021a2        0x2 
 .text.__assert_func
                0x00000000100021a4       0x3c minerMaster/CMakeFiles/minerMaster.dir/__/libraries/pico-sdk/src/rp2_common/pico_runtime/runtime.c.obj
                0x00000000100021a4                __assert_func
 .text.runtime_init
                0x00000000100021e0       0xf8 minerMaster/CMakeFiles/minerMaster.dir/__/libraries/pico-sdk/src/rp2_common/pico_runtime/runtime.c.obj
                0x00000000100021e0                runtime_init
 .text.panic    0x00000000100022d8       0x30 minerMaster/CMakeFiles/minerMaster.dir/__/libraries/pico-sdk/src/rp2_common/pico_runtime/runtime.c.obj
                0x00000000100022d8                panic
 .text.clock_configure
                0x0000000010002308      0x104 minerMaster/CMakeFiles/minerMaster.dir/__/libraries/pico-sdk/src/rp2_common/hardware_clocks/clocks.c.obj
                0x0000000010002308                clock_configure
 .text.clocks_init
                0x000000001000240c      0x100 minerMaster/CMakeFiles/minerMaster.dir/__/libraries/pico-sdk/src/rp2_common/hardware_clocks/clocks.c.obj
                0x000000001000240c                clocks_init
 .text.clock_get_hz
                0x000000001000250c        0xc minerMaster/CMakeFiles/minerMaster.dir/__/libraries/pico-sdk/src/rp2_common/hardware_clocks/clocks.c.obj
                0x000000001000250c                clock_get_hz
 .text.pll_init
                0x0000000010002518      0x140 minerMaster/CMakeFiles/minerMaster.dir/__/libraries/pico-sdk/src/rp2_common/hardware_pll/pll.c.obj
                0x0000000010002518                pll_init
 .text.watchdog_start_tick
                0x0000000010002658       0x10 minerMaster/CMakeFiles/minerMaster.dir/__/libraries/pico-sdk/src/rp2_common/hardware_watchdog/watchdog.c.obj
                0x0000000010002658                watchdog_start_tick
 .text.xosc_init
                0x0000000010002668       0x28 minerMaster/CMakeFiles/minerMaster.dir/__/libraries/pico-sdk/src/rp2_common/hardware_xosc/xosc.c.obj
                0x0000000010002668                xosc_init
 .text._out_buffer
                0x0000000010002690        0x8 minerMaster/CMakeFiles/minerMaster.dir/__/libraries/pico-sdk/src/rp2_common/pico_printf/printf.c.obj
 .text._out_null
                0x0000000010002698        0x2 minerMaster/CMakeFiles/minerMaster.dir/__/libraries/pico-sdk/src/rp2_common/pico_printf/printf.c.obj
 .text._out_fct
                0x000000001000269a        0xe minerMaster/CMakeFiles/minerMaster.dir/__/libraries/pico-sdk/src/rp2_common/pico_printf/printf.c.obj
 .text._atoi    0x00000000100026a8       0x24 minerMaster/CMakeFiles/minerMaster.dir/__/libraries/pico-sdk/src/rp2_common/pico_printf/printf.c.obj
 .text._out_rev
                0x00000000100026cc       0xae minerMaster/CMakeFiles/minerMaster.dir/__/libraries/pico-sdk/src/rp2_common/pico_printf/printf.c.obj
 .text._ntoa_format
                0x000000001000277a      0x112 minerMaster/CMakeFiles/minerMaster.dir/__/libraries/pico-sdk/src/rp2_common/pico_printf/printf.c.obj
 .text._ntoa_long
                0x000000001000288c       0xbc minerMaster/CMakeFiles/minerMaster.dir/__/libraries/pico-sdk/src/rp2_common/pico_printf/printf.c.obj
 .text._ntoa_long_long
                0x0000000010002948       0xe2 minerMaster/CMakeFiles/minerMaster.dir/__/libraries/pico-sdk/src/rp2_common/pico_printf/printf.c.obj
 *fill*         0x0000000010002a2a        0x2 
 .text._etoa    0x0000000010002a2c      0x414 minerMaster/CMakeFiles/minerMaster.dir/__/libraries/pico-sdk/src/rp2_common/pico_printf/printf.c.obj
 .text._ftoa    0x0000000010002e40      0x354 minerMaster/CMakeFiles/minerMaster.dir/__/libraries/pico-sdk/src/rp2_common/pico_printf/printf.c.obj
 .text._vsnprintf
                0x0000000010003194      0x624 minerMaster/CMakeFiles/minerMaster.dir/__/libraries/pico-sdk/src/rp2_common/pico_printf/printf.c.obj
 .text.__wrap_sprintf
                0x00000000100037b8       0x28 minerMaster/CMakeFiles/minerMaster.dir/__/libraries/pico-sdk/src/rp2_common/pico_printf/printf.c.obj
                0x00000000100037b8                __wrap_sprintf
 .text.vfctprintf
                0x00000000100037e0       0x20 minerMaster/CMakeFiles/minerMaster.dir/__/libraries/pico-sdk/src/rp2_common/pico_printf/printf.c.obj
                0x00000000100037e0                vfctprintf
 .text          0x0000000010003800       0x10 minerMaster/CMakeFiles/minerMaster.dir/__/libraries/pico-sdk/src/rp2_common/pico_bit_ops/bit_ops_aeabi.S.obj
 .text.rom_func_lookup
                0x0000000010003810       0x10 minerMaster/CMakeFiles/minerMaster.dir/__/libraries/pico-sdk/src/rp2_common/pico_bootrom/bootrom.c.obj
                0x0000000010003810                rom_func_lookup
 .text.rom_data_lookup
                0x0000000010003820       0x10 minerMaster/CMakeFiles/minerMaster.dir/__/libraries/pico-sdk/src/rp2_common/pico_bootrom/bootrom.c.obj
                0x0000000010003820                rom_data_lookup
 .text.rom_funcs_lookup
                0x0000000010003830       0x36 minerMaster/CMakeFiles/minerMaster.dir/__/libraries/pico-sdk/src/rp2_common/pico_bootrom/bootrom.c.obj
                0x0000000010003830                rom_funcs_lookup
 *fill*         0x0000000010003866        0x2 
 .text.__wrap___aeabi_idiv
                0x0000000010003868       0x50 minerMaster/CMakeFiles/minerMaster.dir/__/libraries/pico-sdk/src/rp2_common/pico_divider/divider.S.obj
                0x0000000010003868                __wrap___aeabi_idivmod
                0x0000000010003868                divmod_s32s32
                0x0000000010003868                div_s32s32
                0x0000000010003868                __wrap___aeabi_idiv
                0x0000000010003870                divmod_s32s32_unsafe
                0x000000001000389c                divmod_s32s32_savestate
 .text.__wrap___aeabi_uidiv
                0x00000000100038b8       0x4c minerMaster/CMakeFiles/minerMaster.dir/__/libraries/pico-sdk/src/rp2_common/pico_divider/divider.S.obj
                0x00000000100038b8                __wrap___aeabi_uidiv
                0x00000000100038b8                __wrap___aeabi_uidivmod
                0x00000000100038b8                div_u32u32
                0x00000000100038b8                divmod_u32u32
                0x00000000100038c0                divmod_u32u32_unsafe
                0x00000000100038e8                divmod_u32u32_savestate
 .text.__wrap___aeabi_ldiv
                0x0000000010003904      0x434 minerMaster/CMakeFiles/minerMaster.dir/__/libraries/pico-sdk/src/rp2_common/pico_divider/divider.S.obj
                0x0000000010003904                __wrap___aeabi_ldivmod
                0x0000000010003904                div_s64s64
                0x0000000010003904                divmod_s64s64
                0x000000001000393c                divmod_u64u64
                0x000000001000393c                div_u64u64
                0x000000001000393c                __wrap___aeabi_uldivmod
                0x000000001000394c                divmod_u64u64_savestate
                0x0000000010003974                divmod_s64s64_unsafe
                0x00000000100039fc                divmod_u64u64_unsafe
 .text.__wrap___aeabi_darithmetic
                0x0000000010003d38       0x80 minerMaster/CMakeFiles/minerMaster.dir/__/libraries/pico-sdk/src/rp2_common/pico_double/double_aeabi.S.obj
                0x0000000010003d38                __wrap___aeabi_drsub
                0x0000000010003d3e                __wrap___aeabi_dsub
                0x0000000010003d50                __wrap___aeabi_dadd
                0x0000000010003d62                __wrap___aeabi_ddiv
                0x0000000010003d9e                __wrap___aeabi_dmul
 .text.__wrap___aeabi_cdcmple
                0x0000000010003db8       0x6c minerMaster/CMakeFiles/minerMaster.dir/__/libraries/pico-sdk/src/rp2_common/pico_double/double_aeabi.S.obj
                0x0000000010003db8                __wrap___aeabi_cdrcmple
                0x0000000010003dc8                __wrap___aeabi_cdcmple
                0x0000000010003dc8                __wrap___aeabi_cdcmpeq
 .text.__wrap___aeabi_dcmplt
                0x0000000010003e24        0xc minerMaster/CMakeFiles/minerMaster.dir/__/libraries/pico-sdk/src/rp2_common/pico_double/double_aeabi.S.obj
                0x0000000010003e24                __wrap___aeabi_dcmplt
 .text.__wrap___aeabi_dcmple
                0x0000000010003e30       0x10 minerMaster/CMakeFiles/minerMaster.dir/__/libraries/pico-sdk/src/rp2_common/pico_double/double_aeabi.S.obj
                0x0000000010003e30                __wrap___aeabi_dcmple
 .text.__wrap___aeabi_dcmpge
                0x0000000010003e40       0x10 minerMaster/CMakeFiles/minerMaster.dir/__/libraries/pico-sdk/src/rp2_common/pico_double/double_aeabi.S.obj
                0x0000000010003e40                __wrap___aeabi_dcmpge
 .text.__wrap___aeabi_dcmpgt
                0x0000000010003e50        0xa minerMaster/CMakeFiles/minerMaster.dir/__/libraries/pico-sdk/src/rp2_common/pico_double/double_aeabi.S.obj
                0x0000000010003e50                __wrap___aeabi_dcmpgt
 .text.__wrap___aeabi_dcmpun
                0x0000000010003e5a       0x1c minerMaster/CMakeFiles/minerMaster.dir/__/libraries/pico-sdk/src/rp2_common/pico_double/double_aeabi.S.obj
                0x0000000010003e5a                __wrap___aeabi_dcmpun
 *fill*         0x0000000010003e76        0x2 
 .text.__wrap___aeabi_i2d
                0x0000000010003e78       0x38 minerMaster/CMakeFiles/minerMaster.dir/__/libraries/pico-sdk/src/rp2_common/pico_double/double_aeabi.S.obj
                0x0000000010003e78                __wrap___aeabi_ui2d
                0x0000000010003e80                __wrap___aeabi_i2d
 .text.__wrap___aeabi_d2iz
                0x0000000010003eb0       0x48 minerMaster/CMakeFiles/minerMaster.dir/__/libraries/pico-sdk/src/rp2_common/pico_double/double_aeabi.S.obj
                0x0000000010003eb0                __wrap___aeabi_d2iz
                0x0000000010003eb0                double2int_z
 .text.__wrap___aeabi_d2uiz
                0x0000000010003ef8       0x18 minerMaster/CMakeFiles/minerMaster.dir/__/libraries/pico-sdk/src/rp2_common/pico_double/double_aeabi.S.obj
                0x0000000010003ef8                double2uint
                0x0000000010003ef8                __wrap___aeabi_d2uiz
 .text.__aeabi_double_init
                0x0000000010003f10       0xc8 minerMaster/CMakeFiles/minerMaster.dir/__/libraries/pico-sdk/src/rp2_common/pico_double/double_init_rom.c.obj
                0x0000000010003f10                __aeabi_double_init
 .text.double_table_shim_on_use_helper
                0x0000000010003fd8       0x34 minerMaster/CMakeFiles/minerMaster.dir/__/libraries/pico-sdk/src/rp2_common/pico_double/double_v1_rom_shim.S.obj
                0x0000000010003fd8                double_table_shim_on_use_helper
 .text.__wrap___aeabi_dsub
                0x000000001000400c       0x10 minerMaster/CMakeFiles/minerMaster.dir/__/libraries/pico-sdk/src/rp2_common/pico_double/double_v1_rom_shim.S.obj
                0x000000001000400c                drsub_shim
                0x0000000010004012                dsub_shim
 .text.dadd_shim
                0x000000001000401c      0x15c minerMaster/CMakeFiles/minerMaster.dir/__/libraries/pico-sdk/src/rp2_common/pico_double/double_v1_rom_shim.S.obj
                0x000000001000401c                dadd_shim
 .text.dmul_shim
                0x0000000010004178      0x15c minerMaster/CMakeFiles/minerMaster.dir/__/libraries/pico-sdk/src/rp2_common/pico_double/double_v1_rom_shim.S.obj
                0x0000000010004178                dmul_shim
 .text.ddiv_shim
                0x00000000100042d4      0x1b0 minerMaster/CMakeFiles/minerMaster.dir/__/libraries/pico-sdk/src/rp2_common/pico_double/double_v1_rom_shim.S.obj
                0x00000000100042d4                ddiv_shim
 .text.double2uint_shim
                0x0000000010004484        0xe minerMaster/CMakeFiles/minerMaster.dir/__/libraries/pico-sdk/src/rp2_common/pico_double/double_v1_rom_shim.S.obj
                0x0000000010004484                double2uint_shim
                0x0000000010004486                double2ufix_shim
 *fill*         0x0000000010004492        0x2 
 .text.double2uint64_shim
                0x0000000010004494       0x70 minerMaster/CMakeFiles/minerMaster.dir/__/libraries/pico-sdk/src/rp2_common/pico_double/double_v1_rom_shim.S.obj
                0x0000000010004494                double2uint64_shim
                0x0000000010004496                double2ufix64_shim
                0x00000000100044b6                d2fix_a
 .text.dunpacks
                0x0000000010004504       0x3c minerMaster/CMakeFiles/minerMaster.dir/__/libraries/pico-sdk/src/rp2_common/pico_double/double_v1_rom_shim.S.obj
                0x0000000010004504                dunpacks
 .text.__aeabi_lmul
                0x0000000010004540       0x32 minerMaster/CMakeFiles/minerMaster.dir/__/libraries/pico-sdk/src/rp2_common/pico_int64_ops/pico_int64_ops_aeabi.S.obj
                0x0000000010004540                __wrap___aeabi_lmul
 *fill*         0x0000000010004572        0x2 
 .text.__aeabi_float_init
                0x0000000010004574       0xfc minerMaster/CMakeFiles/minerMaster.dir/__/libraries/pico-sdk/src/rp2_common/pico_float/float_init_rom.c.obj
                0x0000000010004574                __aeabi_float_init
 .text.float_table_shim_on_use_helper
                0x0000000010004670       0x34 minerMaster/CMakeFiles/minerMaster.dir/__/libraries/pico-sdk/src/rp2_common/pico_float/float_v1_rom_shim.S.obj
                0x0000000010004670                float_table_shim_on_use_helper
 .text          0x00000000100046a4       0x10 minerMaster/CMakeFiles/minerMaster.dir/__/libraries/pico-sdk/src/rp2_common/pico_mem_ops/mem_ops_aeabi.S.obj
                0x00000000100046a4                __aeabi_mem_init
 .text.memset   0x00000000100046b4        0xc minerMaster/CMakeFiles/minerMaster.dir/__/libraries/pico-sdk/src/rp2_common/pico_mem_ops/mem_ops_aeabi.S.obj
                0x00000000100046b4                __wrap_memset
 .text.memcpy   0x00000000100046c0        0xc minerMaster/CMakeFiles/minerMaster.dir/__/libraries/pico-sdk/src/rp2_common/pico_mem_ops/mem_ops_aeabi.S.obj
                0x00000000100046c0                __wrap___aeabi_memcpy
                0x00000000100046c0                __wrap_memcpy
 .text.stdio_out_chars_no_crlf
                0x00000000100046cc        0xe minerMaster/CMakeFiles/minerMaster.dir/__/libraries/pico-sdk/src/rp2_common/pico_stdio/stdio.c.obj
 *fill*         0x00000000100046da        0x2 
 .text.stdio_out_chars_crlf
                0x00000000100046dc       0x80 minerMaster/CMakeFiles/minerMaster.dir/__/libraries/pico-sdk/src/rp2_common/pico_stdio/stdio.c.obj
 .text.stdio_stack_buffer_flush
                0x000000001000475c       0x44 minerMaster/CMakeFiles/minerMaster.dir/__/libraries/pico-sdk/src/rp2_common/pico_stdio/stdio.c.obj
 .text.stdio_buffered_printer
                0x00000000100047a0       0x20 minerMaster/CMakeFiles/minerMaster.dir/__/libraries/pico-sdk/src/rp2_common/pico_stdio/stdio.c.obj
 .text.stdout_serialize_begin
                0x00000000100047c0       0x30 minerMaster/CMakeFiles/minerMaster.dir/__/libraries/pico-sdk/src/rp2_common/pico_stdio/stdio.c.obj
                0x00000000100047c0                stdout_serialize_begin
 .text.stdout_serialize_end
                0x00000000100047f0       0x10 minerMaster/CMakeFiles/minerMaster.dir/__/libraries/pico-sdk/src/rp2_common/pico_stdio/stdio.c.obj
                0x00000000100047f0                stdout_serialize_end
 .text.stdio_put_string
                0x0000000010004800       0x98 minerMaster/CMakeFiles/minerMaster.dir/__/libraries/pico-sdk/src/rp2_common/pico_stdio/stdio.c.obj
 .text.stdio_set_driver_enabled
                0x0000000010004898       0x2c minerMaster/CMakeFiles/minerMaster.dir/__/libraries/pico-sdk/src/rp2_common/pico_stdio/stdio.c.obj
                0x0000000010004898                stdio_set_driver_enabled
 .text.stdio_flush
                0x00000000100048c4       0x20 minerMaster/CMakeFiles/minerMaster.dir/__/libraries/pico-sdk/src/rp2_common/pico_stdio/stdio.c.obj
                0x00000000100048c4                stdio_flush
 .text.__wrap_puts
                0x00000000100048e4       0x1e minerMaster/CMakeFiles/minerMaster.dir/__/libraries/pico-sdk/src/rp2_common/pico_stdio/stdio.c.obj
                0x00000000100048e4                __wrap_puts
 *fill*         0x0000000010004902        0x2 
 .text.__wrap_vprintf
                0x0000000010004904       0x44 minerMaster/CMakeFiles/minerMaster.dir/__/libraries/pico-sdk/src/rp2_common/pico_stdio/stdio.c.obj
                0x0000000010004904                __wrap_vprintf
 .text.__wrap_printf
                0x0000000010004948       0x18 minerMaster/CMakeFiles/minerMaster.dir/__/libraries/pico-sdk/src/rp2_common/pico_stdio/stdio.c.obj
                0x0000000010004948                __wrap_printf
 .text.stdio_init_all
                0x0000000010004960        0x8 minerMaster/CMakeFiles/minerMaster.dir/__/libraries/pico-sdk/src/rp2_common/pico_stdio/stdio.c.obj
                0x0000000010004960                stdio_init_all
 .text.stdio_uart_out_chars
                0x0000000010004968       0x74 minerMaster/CMakeFiles/minerMaster.dir/__/libraries/pico-sdk/src/rp2_common/pico_stdio_uart/stdio_uart.c.obj
 .text.stdio_uart_in_chars
                0x00000000100049dc       0x58 minerMaster/CMakeFiles/minerMaster.dir/__/libraries/pico-sdk/src/rp2_common/pico_stdio_uart/stdio_uart.c.obj
                0x00000000100049dc                stdio_uart_in_chars
 .text.stdio_uart_init_full
                0x0000000010004a34       0x3c minerMaster/CMakeFiles/minerMaster.dir/__/libraries/pico-sdk/src/rp2_common/pico_stdio_uart/stdio_uart.c.obj
                0x0000000010004a34                stdio_uart_init_full
 .text.stdio_uart_init
                0x0000000010004a70       0x28 minerMaster/CMakeFiles/minerMaster.dir/__/libraries/pico-sdk/src/rp2_common/pico_stdio_uart/stdio_uart.c.obj
                0x0000000010004a70                stdio_uart_init
 .text._retrieve_unique_id_on_boot
                0x0000000010004a98       0x10 minerMaster/CMakeFiles/minerMaster.dir/__/libraries/pico-sdk/src/rp2_common/pico_unique_id/unique_id.c.obj
 .text.flash_get_unique_id
                0x0000000010004aa8       0x46 minerMaster/CMakeFiles/minerMaster.dir/__/libraries/pico-sdk/src/rp2_common/hardware_flash/flash.c.obj
                0x0000000010004aa8                flash_get_unique_id
 .text._ZN7TwoWireC2Ev
                0x0000000010004aee       0x18 minerMaster/CMakeFiles/minerMaster.dir/__/utils/Wire.cpp.obj
                0x0000000010004aee                TwoWire::TwoWire()
                0x0000000010004aee                TwoWire::TwoWire()
 *fill*         0x0000000010004b06        0x2 
 .text._Z41__static_initialization_and_destruction_0ii
                0x0000000010004b08       0x28 minerMaster/CMakeFiles/minerMaster.dir/__/utils/Wire.cpp.obj
 .text._ZNK7TwoWire3i2cEv
                0x0000000010004b30       0x44 minerMaster/CMakeFiles/minerMaster.dir/__/utils/Wire.cpp.obj
                0x0000000010004b30                TwoWire::i2c() const
 .text._ZN7TwoWire5beginEv
                0x0000000010004b74       0x48 minerMaster/CMakeFiles/minerMaster.dir/__/utils/Wire.cpp.obj
                0x0000000010004b74                TwoWire::begin()
 .text._ZN7TwoWire17beginTransmissionEh
                0x0000000010004bbc       0x5c minerMaster/CMakeFiles/minerMaster.dir/__/utils/Wire.cpp.obj
                0x0000000010004bbc                TwoWire::beginTransmission(unsigned char)
 .text._ZN7TwoWire15endTransmissionEb
                0x0000000010004c18       0x98 minerMaster/CMakeFiles/minerMaster.dir/__/utils/Wire.cpp.obj
                0x0000000010004c18                TwoWire::endTransmission(bool)
 .text._ZN7TwoWire11requestFromEhjb
                0x0000000010004cb0       0x80 minerMaster/CMakeFiles/minerMaster.dir/__/utils/Wire.cpp.obj
                0x0000000010004cb0                TwoWire::requestFrom(unsigned char, unsigned int, bool)
 .text._ZN7TwoWire5writeEh
                0x0000000010004d30       0x80 minerMaster/CMakeFiles/minerMaster.dir/__/utils/Wire.cpp.obj
                0x0000000010004d30                TwoWire::write(unsigned char)
 .text._ZN7TwoWire5writeEPKhj
                0x0000000010004db0       0xac minerMaster/CMakeFiles/minerMaster.dir/__/utils/Wire.cpp.obj
                0x0000000010004db0                TwoWire::write(unsigned char const*, unsigned int)
 .text._GLOBAL__sub_I_Wire
                0x0000000010004e5c       0x10 minerMaster/CMakeFiles/minerMaster.dir/__/utils/Wire.cpp.obj
 .text._ZN10CharBufferC2Ev
                0x0000000010004e6c        0xa minerMaster/CMakeFiles/minerMaster.dir/__/utils/charbuffer.cpp.obj
                0x0000000010004e6c                CharBuffer::CharBuffer()
                0x0000000010004e6c                CharBuffer::CharBuffer()
 .text._ZN10CharBufferD2Ev
                0x0000000010004e76        0x2 minerMaster/CMakeFiles/minerMaster.dir/__/utils/charbuffer.cpp.obj
                0x0000000010004e76                CharBuffer::~CharBuffer()
                0x0000000010004e76                CharBuffer::~CharBuffer()
 .text._ZN10CharBuffer3bufEv
                0x0000000010004e78        0x2 minerMaster/CMakeFiles/minerMaster.dir/__/utils/charbuffer.cpp.obj
                0x0000000010004e78                CharBuffer::buf()
 .text._ZN10CharBuffer6lengthEv
                0x0000000010004e7a        0x8 minerMaster/CMakeFiles/minerMaster.dir/__/utils/charbuffer.cpp.obj
                0x0000000010004e7a                CharBuffer::length()
 .text._ZN10CharBuffer5writeEc
                0x0000000010004e82       0x2e minerMaster/CMakeFiles/minerMaster.dir/__/utils/charbuffer.cpp.obj
                0x0000000010004e82                CharBuffer::write(char)
 .text._ZN10CharBuffer4readEv
                0x0000000010004eb0       0x3a minerMaster/CMakeFiles/minerMaster.dir/__/utils/charbuffer.cpp.obj
                0x0000000010004eb0                CharBuffer::read()
 .text._ZN10CharBuffer5clearEv
                0x0000000010004eea       0x1c minerMaster/CMakeFiles/minerMaster.dir/__/utils/charbuffer.cpp.obj
                0x0000000010004eea                CharBuffer::clear()
 *fill*         0x0000000010004f06        0x2 
 .text.hardwareInit
                0x0000000010004f08       0x84 minerMaster/CMakeFiles/minerMaster.dir/__/utils/hwSetupUtils.c.obj
                0x0000000010004f08                hardwareInit
 .text.onBoardLedToggle
                0x0000000010004f8c       0x22 minerMaster/CMakeFiles/minerMaster.dir/__/utils/hwSetupUtils.c.obj
                0x0000000010004f8c                onBoardLedToggle
 .text.onBoardLedOn
                0x0000000010004fae        0xc minerMaster/CMakeFiles/minerMaster.dir/__/utils/hwSetupUtils.c.obj
                0x0000000010004fae                onBoardLedOn
 *fill*         0x0000000010004fba        0x2 
 .text.memmove  0x0000000010004fbc       0xac /Applications/ARM/bin/../lib/gcc/arm-none-eabi/10.3.1/../../../../arm-none-eabi/lib/thumb/v6-m/nofp/libg.a(lib_a-memmove.o)
                0x0000000010004fbc                memmove
 .text.rand     0x0000000010005068       0x34 /Applications/ARM/bin/../lib/gcc/arm-none-eabi/10.3.1/../../../../arm-none-eabi/lib/thumb/v6-m/nofp/libg.a(lib_a-rand.o)
                0x0000000010005068                rand
 .text.strlen   0x000000001000509c       0x5c /Applications/ARM/bin/../lib/gcc/arm-none-eabi/10.3.1/../../../../arm-none-eabi/lib/thumb/v6-m/nofp/libg.a(lib_a-strlen-stub.o)
                0x000000001000509c                strlen
 *(.fini)
 .fini          0x00000000100050f8        0x4 /Applications/ARM/bin/../lib/gcc/arm-none-eabi/10.3.1/thumb/v6-m/nofp/crti.o
                0x00000000100050f8                _fini
 *fill*         0x00000000100050fc        0x4 
 .fini.__stub   0x0000000010005100       0x60 linker stubs
 *crtbegin.o(.ctors)
 *crtbegin?.o(.ctors)
 *(EXCLUDE_FILE(*crtend.o *crtend?.o) .ctors)
 *(SORT_BY_NAME(.ctors.*))
 *(.ctors)
 *crtbegin.o(.dtors)
 *crtbegin?.o(.dtors)
 *(EXCLUDE_FILE(*crtend.o *crtend?.o) .dtors)
 *(SORT_BY_NAME(.dtors.*))
 *(.dtors)
 *(.eh_frame*)
 .eh_frame      0x0000000010005160        0x0 /Applications/ARM/bin/../lib/gcc/arm-none-eabi/10.3.1/thumb/v6-m/nofp/crtbegin.o
                0x0000000010005160                . = ALIGN (0x4)

.glue_7         0x0000000010005160        0x0
 .glue_7        0x0000000010005160        0x0 linker stubs

.glue_7t        0x0000000010005160        0x0
 .glue_7t       0x0000000010005160        0x0 linker stubs

.vfp11_veneer   0x0000000010005160        0x0
 .vfp11_veneer  0x0000000010005160        0x0 linker stubs

.v4_bx          0x0000000010005160        0x0
 .v4_bx         0x0000000010005160        0x0 linker stubs

.iplt           0x0000000010005160        0x0
 .iplt          0x0000000010005160        0x0 /Applications/ARM/bin/../lib/gcc/arm-none-eabi/10.3.1/thumb/v6-m/nofp/crtbegin.o

.rodata         0x0000000010005160     0x18f8
 *(EXCLUDE_FILE(*libm.a: *libc.a:*lib_a-mem*.o *libgcc.a:) .rodata*)
 .rodata._Z7busScanPh.str1.4
                0x0000000010005160       0x20 minerMaster/CMakeFiles/minerMaster.dir/minerMaster.cpp.obj
 .rodata._Z8readDatahm.str1.4
                0x0000000010005180       0xac minerMaster/CMakeFiles/minerMaster.dir/minerMaster.cpp.obj
 .rodata._Z7readJobPhh.str1.4
                0x000000001000522c       0x61 minerMaster/CMakeFiles/minerMaster.dir/minerMaster.cpp.obj
 *fill*         0x000000001000528d        0x3 
 .rodata._Z10sendResultPh.str1.4
                0x0000000010005290        0xc minerMaster/CMakeFiles/minerMaster.dir/minerMaster.cpp.obj
 .rodata.main.str1.4
                0x000000001000529c       0x75 minerMaster/CMakeFiles/minerMaster.dir/minerMaster.cpp.obj
 *fill*         0x0000000010005311        0x3 
 .rodata.str1.4
                0x0000000010005314       0x56 minerMaster/CMakeFiles/minerMaster.dir/minerMaster.cpp.obj
 *fill*         0x000000001000536a        0x2 
 .rodata._ZZ4mainE7__bi_37
                0x000000001000536c        0xc minerMaster/CMakeFiles/minerMaster.dir/minerMaster.cpp.obj
 .rodata._ZZ4mainE7__bi_38
                0x0000000010005378        0xc minerMaster/CMakeFiles/minerMaster.dir/minerMaster.cpp.obj
 .rodata.i2c_slave_init.str1.4
                0x0000000010005384       0x74 minerMaster/CMakeFiles/minerMaster.dir/__/i2c_slave/i2c_slave.c.obj
 .rodata.i2c_slave_deinit.str1.4
                0x00000000100053f8       0x12 minerMaster/CMakeFiles/minerMaster.dir/__/i2c_slave/i2c_slave.c.obj
 *fill*         0x000000001000540a        0x2 
 .rodata.__func__.0
                0x000000001000540c       0x11 minerMaster/CMakeFiles/minerMaster.dir/__/i2c_slave/i2c_slave.c.obj
 *fill*         0x000000001000541d        0x3 
 .rodata.i2c_set_baudrate.str1.4
                0x0000000010005420       0x87 minerMaster/CMakeFiles/minerMaster.dir/__/libraries/pico-sdk/src/rp2_common/hardware_i2c/i2c.c.obj
 *fill*         0x00000000100054a7        0x1 
 .rodata.__func__.0
                0x00000000100054a8       0x11 minerMaster/CMakeFiles/minerMaster.dir/__/libraries/pico-sdk/src/rp2_common/hardware_i2c/i2c.c.obj
 *fill*         0x00000000100054b9        0x3 
 .rodata.make_branch.str1.4
                0x00000000100054bc       0x97 minerMaster/CMakeFiles/minerMaster.dir/__/libraries/pico-sdk/src/rp2_common/hardware_irq/irq.c.obj
 *fill*         0x0000000010005553        0x1 
 .rodata.insert_branch_and_link.str1.4
                0x0000000010005554       0x10 minerMaster/CMakeFiles/minerMaster.dir/__/libraries/pico-sdk/src/rp2_common/hardware_irq/irq.c.obj
 .rodata.irq_set_exclusive_handler.str1.4
                0x0000000010005564       0x36 minerMaster/CMakeFiles/minerMaster.dir/__/libraries/pico-sdk/src/rp2_common/hardware_irq/irq.c.obj
 *fill*         0x000000001000559a        0x2 
 .rodata.irq_add_shared_handler.str1.4
                0x000000001000559c       0xd9 minerMaster/CMakeFiles/minerMaster.dir/__/libraries/pico-sdk/src/rp2_common/hardware_irq/irq.c.obj
 *fill*         0x0000000010005675        0x3 
 .rodata.irq_remove_handler.str1.4
                0x0000000010005678       0x2a minerMaster/CMakeFiles/minerMaster.dir/__/libraries/pico-sdk/src/rp2_common/hardware_irq/irq.c.obj
 *fill*         0x00000000100056a2        0x2 
 .rodata.irq_add_tail_to_free_list.str1.4
                0x00000000100056a4       0x3a minerMaster/CMakeFiles/minerMaster.dir/__/libraries/pico-sdk/src/rp2_common/hardware_irq/irq.c.obj
 *fill*         0x00000000100056de        0x2 
 .rodata.__func__.0
                0x00000000100056e0       0x1a minerMaster/CMakeFiles/minerMaster.dir/__/libraries/pico-sdk/src/rp2_common/hardware_irq/irq.c.obj
 *fill*         0x00000000100056fa        0x2 
 .rodata.__func__.1
                0x00000000100056fc       0x17 minerMaster/CMakeFiles/minerMaster.dir/__/libraries/pico-sdk/src/rp2_common/hardware_irq/irq.c.obj
 *fill*         0x0000000010005713        0x1 
 .rodata.__func__.2
                0x0000000010005714       0x13 minerMaster/CMakeFiles/minerMaster.dir/__/libraries/pico-sdk/src/rp2_common/hardware_irq/irq.c.obj
 *fill*         0x0000000010005727        0x1 
 .rodata.__func__.3
                0x0000000010005728        0xc minerMaster/CMakeFiles/minerMaster.dir/__/libraries/pico-sdk/src/rp2_common/hardware_irq/irq.c.obj
 .rodata.__func__.4
                0x0000000010005734        0xf minerMaster/CMakeFiles/minerMaster.dir/__/libraries/pico-sdk/src/rp2_common/hardware_irq/irq.c.obj
 *fill*         0x0000000010005743        0x1 
 .rodata.__func__.6
                0x0000000010005744       0x1a minerMaster/CMakeFiles/minerMaster.dir/__/libraries/pico-sdk/src/rp2_common/hardware_irq/irq.c.obj
 *fill*         0x000000001000575e        0x2 
 .rodata.repeating_timer_callback.str1.4
                0x0000000010005760       0x75 minerMaster/CMakeFiles/minerMaster.dir/__/libraries/pico-sdk/src/common/pico_time/time.c.obj
 *fill*         0x00000000100057d5        0x3 
 .rodata.alarm_pool_dump_key.str1.4
                0x00000000100057d8       0x33 minerMaster/CMakeFiles/minerMaster.dir/__/libraries/pico-sdk/src/common/pico_time/time.c.obj
 *fill*         0x000000001000580b        0x1 
 .rodata.ph_add_child_node.str1.4
                0x000000001000580c       0xbe minerMaster/CMakeFiles/minerMaster.dir/__/libraries/pico-sdk/src/common/pico_time/time.c.obj
 *fill*         0x00000000100058ca        0x2 
 .rodata.add_alarm_under_lock.str1.4
                0x00000000100058cc       0x28 minerMaster/CMakeFiles/minerMaster.dir/__/libraries/pico-sdk/src/common/pico_time/time.c.obj
                                         0x2b (size before relaxing)
 .rodata.alarm_pool_alarm_callback.str1.4
                0x00000000100058f4      0x10e minerMaster/CMakeFiles/minerMaster.dir/__/libraries/pico-sdk/src/common/pico_time/time.c.obj
 *fill*         0x0000000010005a02        0x2 
 .rodata.alarm_pool_get_default.str1.4
                0x0000000010005a04       0x21 minerMaster/CMakeFiles/minerMaster.dir/__/libraries/pico-sdk/src/common/pico_time/time.c.obj
 *fill*         0x0000000010005a25        0x3 
 .rodata.sleep_until.str1.4
                0x0000000010005a28       0x4d minerMaster/CMakeFiles/minerMaster.dir/__/libraries/pico-sdk/src/common/pico_time/time.c.obj
 *fill*         0x0000000010005a75        0x3 
 .rodata.__func__.10
                0x0000000010005a78       0x15 minerMaster/CMakeFiles/minerMaster.dir/__/libraries/pico-sdk/src/common/pico_time/time.c.obj
 *fill*         0x0000000010005a8d        0x3 
 .rodata.__func__.11
                0x0000000010005a90       0x1a minerMaster/CMakeFiles/minerMaster.dir/__/libraries/pico-sdk/src/common/pico_time/time.c.obj
 *fill*         0x0000000010005aaa        0x2 
 .rodata.__func__.12
                0x0000000010005aac        0xa minerMaster/CMakeFiles/minerMaster.dir/__/libraries/pico-sdk/src/common/pico_time/time.c.obj
 *fill*         0x0000000010005ab6        0x2 
 .rodata.__func__.3
                0x0000000010005ab8       0x17 minerMaster/CMakeFiles/minerMaster.dir/__/libraries/pico-sdk/src/common/pico_time/time.c.obj
 *fill*         0x0000000010005acf        0x1 
 .rodata.__func__.4
                0x0000000010005ad0       0x12 minerMaster/CMakeFiles/minerMaster.dir/__/libraries/pico-sdk/src/common/pico_time/time.c.obj
 *fill*         0x0000000010005ae2        0x2 
 .rodata.__func__.5
                0x0000000010005ae4        0xd minerMaster/CMakeFiles/minerMaster.dir/__/libraries/pico-sdk/src/common/pico_time/time.c.obj
 *fill*         0x0000000010005af1        0x3 
 .rodata.__func__.6
                0x0000000010005af4       0x12 minerMaster/CMakeFiles/minerMaster.dir/__/libraries/pico-sdk/src/common/pico_time/time.c.obj
 *fill*         0x0000000010005b06        0x2 
 .rodata.__func__.7
                0x0000000010005b08        0xf minerMaster/CMakeFiles/minerMaster.dir/__/libraries/pico-sdk/src/common/pico_time/time.c.obj
 *fill*         0x0000000010005b17        0x1 
 .rodata.__func__.8
                0x0000000010005b18        0xc minerMaster/CMakeFiles/minerMaster.dir/__/libraries/pico-sdk/src/common/pico_time/time.c.obj
 .rodata.__func__.9
                0x0000000010005b24       0x15 minerMaster/CMakeFiles/minerMaster.dir/__/libraries/pico-sdk/src/common/pico_time/time.c.obj
 *fill*         0x0000000010005b39        0x3 
 .rodata.hardware_alarm_claim.str1.4
                0x0000000010005b3c       0x22 minerMaster/CMakeFiles/minerMaster.dir/__/libraries/pico-sdk/src/rp2_common/hardware_timer/timer.c.obj
 *fill*         0x0000000010005b5e        0x2 
 .rodata.hardware_alarm_set_target.str1.4
                0x0000000010005b60       0x8f minerMaster/CMakeFiles/minerMaster.dir/__/libraries/pico-sdk/src/rp2_common/hardware_timer/timer.c.obj
 *fill*         0x0000000010005bef        0x1 
 .rodata.__func__.0
                0x0000000010005bf0       0x1a minerMaster/CMakeFiles/minerMaster.dir/__/libraries/pico-sdk/src/rp2_common/hardware_timer/timer.c.obj
 .rodata.ph_add_child_node.str1.4
                0x0000000010005c0a       0xbe minerMaster/CMakeFiles/minerMaster.dir/__/libraries/pico-sdk/src/common/pico_util/pheap.c.obj
 *fill*         0x0000000010005c0a        0x2 
 .rodata.ph_remove_any_head.str1.4
                0x0000000010005c0c       0xb8 minerMaster/CMakeFiles/minerMaster.dir/__/libraries/pico-sdk/src/common/pico_util/pheap.c.obj
 .rodata.ph_remove_and_free_node.str1.4
                0x0000000010005cc4       0x1e minerMaster/CMakeFiles/minerMaster.dir/__/libraries/pico-sdk/src/common/pico_util/pheap.c.obj
                                         0x26 (size before relaxing)
 *fill*         0x0000000010005ce2        0x2 
 .rodata.__func__.0
                0x0000000010005ce4       0x18 minerMaster/CMakeFiles/minerMaster.dir/__/libraries/pico-sdk/src/common/pico_util/pheap.c.obj
 .rodata.__func__.1
                0x0000000010005cfc       0x13 minerMaster/CMakeFiles/minerMaster.dir/__/libraries/pico-sdk/src/common/pico_util/pheap.c.obj
 *fill*         0x0000000010005d0f        0x1 
 .rodata.__func__.2
                0x0000000010005d10       0x12 minerMaster/CMakeFiles/minerMaster.dir/__/libraries/pico-sdk/src/common/pico_util/pheap.c.obj
 *fill*         0x0000000010005d22        0x2 
 .rodata.__func__.3
                0x0000000010005d24        0xc minerMaster/CMakeFiles/minerMaster.dir/__/libraries/pico-sdk/src/common/pico_util/pheap.c.obj
 .rodata.str1.4
                0x0000000010005d30       0xb5 minerMaster/CMakeFiles/minerMaster.dir/__/libraries/pico-sdk/src/common/pico_sync/mutex.c.obj
                                        0x141 (size before relaxing)
 *fill*         0x0000000010005de5        0x3 
 .rodata.__func__.1
                0x0000000010005de8        0xb minerMaster/CMakeFiles/minerMaster.dir/__/libraries/pico-sdk/src/common/pico_sync/mutex.c.obj
 *fill*         0x0000000010005df3        0x1 
 .rodata.__assert_func.str1.4
                0x0000000010005df4       0x3f minerMaster/CMakeFiles/minerMaster.dir/__/libraries/pico-sdk/src/rp2_common/pico_runtime/runtime.c.obj
                                         0x43 (size before relaxing)
 *fill*         0x0000000010005e33        0x1 
 .rodata.runtime_init.str1.4
                0x0000000010005e34       0x8b minerMaster/CMakeFiles/minerMaster.dir/__/libraries/pico-sdk/src/rp2_common/pico_runtime/runtime.c.obj
 *fill*         0x0000000010005ebf        0x1 
 .rodata.panic.str1.4
                0x0000000010005ec0       0x12 minerMaster/CMakeFiles/minerMaster.dir/__/libraries/pico-sdk/src/rp2_common/pico_runtime/runtime.c.obj
 *fill*         0x0000000010005ed2        0x2 
 .rodata.__func__.1
                0x0000000010005ed4        0xd minerMaster/CMakeFiles/minerMaster.dir/__/libraries/pico-sdk/src/rp2_common/pico_runtime/runtime.c.obj
 *fill*         0x0000000010005ee1        0x3 
 .rodata.clock_configure.str1.4
                0x0000000010005ee4       0x81 minerMaster/CMakeFiles/minerMaster.dir/__/libraries/pico-sdk/src/rp2_common/hardware_clocks/clocks.c.obj
 *fill*         0x0000000010005f65        0x3 
 .rodata.__func__.1
                0x0000000010005f68       0x10 minerMaster/CMakeFiles/minerMaster.dir/__/libraries/pico-sdk/src/rp2_common/hardware_clocks/clocks.c.obj
 .rodata.pll_init.str1.4
                0x0000000010005f78      0x163 minerMaster/CMakeFiles/minerMaster.dir/__/libraries/pico-sdk/src/rp2_common/hardware_pll/pll.c.obj
 *fill*         0x00000000100060db        0x1 
 .rodata.__func__.0
                0x00000000100060dc        0x9 minerMaster/CMakeFiles/minerMaster.dir/__/libraries/pico-sdk/src/rp2_common/hardware_pll/pll.c.obj
 *fill*         0x00000000100060e5        0x3 
 .rodata._ftoa.str1.4
                0x00000000100060e8       0x15 minerMaster/CMakeFiles/minerMaster.dir/__/libraries/pico-sdk/src/rp2_common/pico_printf/printf.c.obj
 *fill*         0x00000000100060fd        0x3 
 .rodata._vsnprintf
                0x0000000010006100      0x1e0 minerMaster/CMakeFiles/minerMaster.dir/__/libraries/pico-sdk/src/rp2_common/pico_printf/printf.c.obj
 .rodata.pow10.0
                0x00000000100062e0       0x50 minerMaster/CMakeFiles/minerMaster.dir/__/libraries/pico-sdk/src/rp2_common/pico_printf/printf.c.obj
 .rodata.__aeabi_double_init.str1.4
                0x0000000010006330       0xd2 minerMaster/CMakeFiles/minerMaster.dir/__/libraries/pico-sdk/src/rp2_common/pico_double/double_init_rom.c.obj
 *fill*         0x0000000010006402        0x2 
 .rodata.__func__.0
                0x0000000010006404       0x14 minerMaster/CMakeFiles/minerMaster.dir/__/libraries/pico-sdk/src/rp2_common/pico_double/double_init_rom.c.obj
 .rodata.__aeabi_float_init.str1.4
                0x0000000010006418       0xa4 minerMaster/CMakeFiles/minerMaster.dir/__/libraries/pico-sdk/src/rp2_common/pico_float/float_init_rom.c.obj
                                         0xa8 (size before relaxing)
 .rodata.__func__.0
                0x00000000100064bc       0x13 minerMaster/CMakeFiles/minerMaster.dir/__/libraries/pico-sdk/src/rp2_common/pico_float/float_init_rom.c.obj
 *fill*         0x00000000100064cf        0x1 
 .rodata.str1.4
                0x00000000100064d0       0x40 minerMaster/CMakeFiles/minerMaster.dir/__/libraries/pico-sdk/src/rp2_common/pico_standard_link/binary_info.c.obj
 .rodata.__bi_44
                0x0000000010006510        0xc minerMaster/CMakeFiles/minerMaster.dir/__/libraries/pico-sdk/src/rp2_common/pico_standard_link/binary_info.c.obj
 .rodata.__bi_75
                0x000000001000651c        0xc minerMaster/CMakeFiles/minerMaster.dir/__/libraries/pico-sdk/src/rp2_common/pico_standard_link/binary_info.c.obj
 .rodata.__bi_81
                0x0000000010006528        0xc minerMaster/CMakeFiles/minerMaster.dir/__/libraries/pico-sdk/src/rp2_common/pico_standard_link/binary_info.c.obj
 .rodata.crlf_str.3
                0x0000000010006534        0x2 minerMaster/CMakeFiles/minerMaster.dir/__/libraries/pico-sdk/src/rp2_common/pico_stdio/stdio.c.obj
 *fill*         0x0000000010006536        0x2 
 .rodata.str1.4
                0x0000000010006538       0x2c minerMaster/CMakeFiles/minerMaster.dir/__/libraries/pico-sdk/src/rp2_common/pico_stdio_uart/stdio_uart.c.obj
 .rodata.__bi_28.4
                0x0000000010006564        0xc minerMaster/CMakeFiles/minerMaster.dir/__/libraries/pico-sdk/src/rp2_common/pico_stdio_uart/stdio_uart.c.obj
 .rodata.__bi_29.5
                0x0000000010006570        0x8 minerMaster/CMakeFiles/minerMaster.dir/__/libraries/pico-sdk/src/rp2_common/pico_stdio_uart/stdio_uart.c.obj
 .rodata.str1.4
                0x0000000010006578      0x182 minerMaster/CMakeFiles/minerMaster.dir/__/libraries/pico-sdk/src/rp2_common/hardware_flash/flash.c.obj
 *fill*         0x00000000100066fa        0x2 
 .rodata.__func__.0
                0x00000000100066fc        0xd minerMaster/CMakeFiles/minerMaster.dir/__/libraries/pico-sdk/src/rp2_common/hardware_flash/flash.c.obj
 *fill*         0x0000000010006709        0x3 
 .rodata.str1.4
                0x000000001000670c      0x16e minerMaster/CMakeFiles/minerMaster.dir/__/utils/Wire.cpp.obj
 *fill*         0x000000001000687a        0x2 
 .rodata._ZNK7TwoWire3i2cEv.str1.4
                0x000000001000687c       0x41 minerMaster/CMakeFiles/minerMaster.dir/__/utils/Wire.cpp.obj
 *fill*         0x00000000100068bd        0x3 
 .rodata._ZN7TwoWire5beginEv.str1.4
                0x00000000100068c0       0x16 minerMaster/CMakeFiles/minerMaster.dir/__/utils/Wire.cpp.obj
                                         0x32 (size before relaxing)
 *fill*         0x00000000100068d6        0x2 
 .rodata._ZN7TwoWire17beginTransmissionEh.str1.4
                0x00000000100068d8       0x52 minerMaster/CMakeFiles/minerMaster.dir/__/utils/Wire.cpp.obj
 *fill*         0x000000001000692a        0x2 
 .rodata._ZN7TwoWire15endTransmissionEb.str1.4
                0x000000001000692c       0x51 minerMaster/CMakeFiles/minerMaster.dir/__/utils/Wire.cpp.obj
 *fill*         0x000000001000697d        0x3 
 .rodata._ZN7TwoWire11requestFromEhjb.str1.4
                0x0000000010006980       0x34 minerMaster/CMakeFiles/minerMaster.dir/__/utils/Wire.cpp.obj
 .rodata._ZN7TwoWire5writeEh.str1.4
                0x00000000100069b4       0x72 minerMaster/CMakeFiles/minerMaster.dir/__/utils/Wire.cpp.obj
                                         0x86 (size before relaxing)
 *fill*         0x0000000010006a26        0x2 
 .rodata._ZN7TwoWire5writeEPKhj.str1.4
                0x0000000010006a28       0x2e minerMaster/CMakeFiles/minerMaster.dir/__/utils/Wire.cpp.obj
                0x0000000010006a58                . = ALIGN (0x4)
 *fill*         0x0000000010006a56        0x2 
 *(SORT_BY_ALIGNMENT(SORT_BY_NAME(.flashdata*)))
                0x0000000010006a58                . = ALIGN (0x4)

.rel.dyn        0x0000000010006a58        0x0
 .rel.iplt      0x0000000010006a58        0x0 /Applications/ARM/bin/../lib/gcc/arm-none-eabi/10.3.1/thumb/v6-m/nofp/crtbegin.o

.ARM.extab
 *(.ARM.extab* .gnu.linkonce.armextab.*)
                0x0000000010006a58                __exidx_start = .

.ARM.exidx
 *(.ARM.exidx* .gnu.linkonce.armexidx.*)
                0x0000000010006a58                __exidx_end = .
                0x0000000010006a58                . = ALIGN (0x4)
                0x0000000010006a58                __binary_info_start = .

.binary_info    0x0000000010006a58       0x2c
 *(.binary_info.keep.*)
 .binary_info.keep.__bi_ptr37
                0x0000000010006a58        0x4 minerMaster/CMakeFiles/minerMaster.dir/minerMaster.cpp.obj
 .binary_info.keep.__bi_ptr38
                0x0000000010006a5c        0x4 minerMaster/CMakeFiles/minerMaster.dir/minerMaster.cpp.obj
 .binary_info.keep.__bi_ptr22
                0x0000000010006a60        0x4 minerMaster/CMakeFiles/minerMaster.dir/__/libraries/pico-sdk/src/rp2_common/pico_standard_link/binary_info.c.obj
 .binary_info.keep.__bi_ptr30
                0x0000000010006a64        0x4 minerMaster/CMakeFiles/minerMaster.dir/__/libraries/pico-sdk/src/rp2_common/pico_standard_link/binary_info.c.obj
 .binary_info.keep.__bi_ptr38
                0x0000000010006a68        0x4 minerMaster/CMakeFiles/minerMaster.dir/__/libraries/pico-sdk/src/rp2_common/pico_standard_link/binary_info.c.obj
 .binary_info.keep.__bi_ptr44
                0x0000000010006a6c        0x4 minerMaster/CMakeFiles/minerMaster.dir/__/libraries/pico-sdk/src/rp2_common/pico_standard_link/binary_info.c.obj
 .binary_info.keep.__bi_ptr50
                0x0000000010006a70        0x4 minerMaster/CMakeFiles/minerMaster.dir/__/libraries/pico-sdk/src/rp2_common/pico_standard_link/binary_info.c.obj
 .binary_info.keep.__bi_ptr75
                0x0000000010006a74        0x4 minerMaster/CMakeFiles/minerMaster.dir/__/libraries/pico-sdk/src/rp2_common/pico_standard_link/binary_info.c.obj
 .binary_info.keep.__bi_ptr81
                0x0000000010006a78        0x4 minerMaster/CMakeFiles/minerMaster.dir/__/libraries/pico-sdk/src/rp2_common/pico_standard_link/binary_info.c.obj
 *(.binary_info.*)
 .binary_info.__bi_ptr28
                0x0000000010006a7c        0x4 minerMaster/CMakeFiles/minerMaster.dir/__/libraries/pico-sdk/src/rp2_common/pico_stdio_uart/stdio_uart.c.obj
 .binary_info.__bi_ptr29
                0x0000000010006a80        0x4 minerMaster/CMakeFiles/minerMaster.dir/__/libraries/pico-sdk/src/rp2_common/pico_stdio_uart/stdio_uart.c.obj
                0x0000000010006a84                __binary_info_end = .
                0x0000000010006a84                . = ALIGN (0x4)
                0x0000000010006a84                __etext = .

.ram_vector_table
                0x0000000020000000       0xc0
 *(.ram_vector_table)
 .ram_vector_table
                0x0000000020000000       0xc0 minerMaster/CMakeFiles/minerMaster.dir/__/libraries/pico-sdk/src/rp2_common/pico_runtime/runtime.c.obj
                0x0000000020000000                ram_vector_table

.data           0x00000000200000c0      0x7e8 load address 0x0000000010006a84
                0x00000000200000c0                __data_start__ = .
 *(vtable)
 *(.time_critical*)
 .time_critical.i2c_slave_irq_handler
                0x00000000200000c0       0x80 minerMaster/CMakeFiles/minerMaster.dir/__/i2c_slave/i2c_slave.c.obj
 .time_critical.i2c0_slave_irq_handler
                0x0000000020000140       0x10 minerMaster/CMakeFiles/minerMaster.dir/__/i2c_slave/i2c_slave.c.obj
 .time_critical.i2c1_slave_irq_handler
                0x0000000020000150       0x10 minerMaster/CMakeFiles/minerMaster.dir/__/i2c_slave/i2c_slave.c.obj
 .time_critical.mutex_enter_blocking
                0x0000000020000160       0x48 minerMaster/CMakeFiles/minerMaster.dir/__/libraries/pico-sdk/src/common/pico_sync/mutex.c.obj
                0x0000000020000160                mutex_enter_blocking
 .time_critical.mutex_try_enter
                0x00000000200001a8       0x46 minerMaster/CMakeFiles/minerMaster.dir/__/libraries/pico-sdk/src/common/pico_sync/mutex.c.obj
                0x00000000200001a8                mutex_try_enter
 *fill*         0x00000000200001ee        0x2 
 .time_critical.mutex_exit
                0x00000000200001f0       0x4c minerMaster/CMakeFiles/minerMaster.dir/__/libraries/pico-sdk/src/common/pico_sync/mutex.c.obj
                0x00000000200001f0                mutex_exit
 .time_critical.flash_init_boot2_copyout
                0x000000002000023c       0x30 minerMaster/CMakeFiles/minerMaster.dir/__/libraries/pico-sdk/src/rp2_common/hardware_flash/flash.c.obj
 .time_critical.flash_enable_xip_via_boot2
                0x000000002000026c       0x10 minerMaster/CMakeFiles/minerMaster.dir/__/libraries/pico-sdk/src/rp2_common/hardware_flash/flash.c.obj
 .time_critical.flash_cs_force
                0x000000002000027c       0x28 minerMaster/CMakeFiles/minerMaster.dir/__/libraries/pico-sdk/src/rp2_common/hardware_flash/flash.c.obj
 .time_critical.flash_do_cmd
                0x00000000200002a4       0xd8 minerMaster/CMakeFiles/minerMaster.dir/__/libraries/pico-sdk/src/rp2_common/hardware_flash/flash.c.obj
                0x00000000200002a4                flash_do_cmd
 *(.text*)
 .text          0x000000002000037c        0x4 /Applications/ARM/bin/../lib/gcc/arm-none-eabi/10.3.1/thumb/v6-m/nofp/libgcc.a(_dvmd_tls.o)
                0x000000002000037c                __aeabi_ldiv0
                0x000000002000037c                __aeabi_idiv0
 .text.__stub   0x0000000020000380       0x10 linker stubs
                0x0000000020000390                . = ALIGN (0x4)
 *(.rodata*)
                0x0000000020000390                . = ALIGN (0x4)
 *(.data*)
 .data.i2c0_inst
                0x0000000020000390        0x8 minerMaster/CMakeFiles/minerMaster.dir/__/libraries/pico-sdk/src/rp2_common/hardware_i2c/i2c.c.obj
                0x0000000020000390                i2c0_inst
 .data.i2c1_inst
                0x0000000020000398        0x8 minerMaster/CMakeFiles/minerMaster.dir/__/libraries/pico-sdk/src/rp2_common/hardware_i2c/i2c.c.obj
                0x0000000020000398                i2c1_inst
 .data.striped_spin_lock_num
                0x00000000200003a0        0x1 minerMaster/CMakeFiles/minerMaster.dir/__/libraries/pico-sdk/src/rp2_common/hardware_sync/sync.c.obj
 *fill*         0x00000000200003a1        0x3 
 .data          0x00000000200003a4       0x48 minerMaster/CMakeFiles/minerMaster.dir/__/libraries/pico-sdk/src/rp2_common/hardware_irq/irq_handler_chain.S.obj
                0x00000000200003a4                irq_handler_chain_slots
                0x00000000200003d4                irq_handler_chain_first_slot
                0x00000000200003de                irq_handler_chain_remove_tail
 .data.default_alarm_pool
                0x00000000200003ec       0x18 minerMaster/CMakeFiles/minerMaster.dir/__/libraries/pico-sdk/src/common/pico_time/time.c.obj
 .data.default_alarm_pool_heap
                0x0000000020000404       0x10 minerMaster/CMakeFiles/minerMaster.dir/__/libraries/pico-sdk/src/common/pico_time/time.c.obj
 *fill*         0x0000000020000414        0xc 
 .data.aeabi_bits_funcs
                0x0000000020000420       0x10 minerMaster/CMakeFiles/minerMaster.dir/__/libraries/pico-sdk/src/rp2_common/pico_bit_ops/bit_ops_aeabi.S.obj
                0x0000000020000420                aeabi_bits_funcs
                0x0000000020000430                aeabi_bits_funcs_end
 .data.aeabi_mem_funcs
                0x0000000020000430       0x10 minerMaster/CMakeFiles/minerMaster.dir/__/libraries/pico-sdk/src/rp2_common/pico_mem_ops/mem_ops_aeabi.S.obj
                0x0000000020000430                aeabi_mem_funcs
                0x0000000020000440                aeabi_mem_funcs_end
 .data.stdio_uart
                0x0000000020000440       0x14 minerMaster/CMakeFiles/minerMaster.dir/__/libraries/pico-sdk/src/rp2_common/pico_stdio_uart/stdio_uart.c.obj
                0x0000000020000440                stdio_uart
 .data._impure_ptr
                0x0000000020000454        0x4 /Applications/ARM/bin/../lib/gcc/arm-none-eabi/10.3.1/../../../../arm-none-eabi/lib/thumb/v6-m/nofp/libg.a(lib_a-impure.o)
                0x0000000020000454                _impure_ptr
 .data.impure_data
                0x0000000020000458      0x428 /Applications/ARM/bin/../lib/gcc/arm-none-eabi/10.3.1/../../../../arm-none-eabi/lib/thumb/v6-m/nofp/libg.a(lib_a-impure.o)
                0x0000000020000880                . = ALIGN (0x4)
 *(.after_data.*)
                0x0000000020000880                . = ALIGN (0x4)
                0x0000000020000880                PROVIDE (__mutex_array_start = .)
 *(SORT_BY_NAME(.mutex_array.*))
 *(.mutex_array)
 .mutex_array   0x0000000020000880        0x8 minerMaster/CMakeFiles/minerMaster.dir/__/libraries/pico-sdk/src/rp2_common/pico_stdio/stdio.c.obj
                0x0000000020000888                PROVIDE (__mutex_array_end = .)
                0x0000000020000888                . = ALIGN (0x4)
                0x0000000020000888                PROVIDE (__preinit_array_start = .)
 *(SORT_BY_NAME(.preinit_array.*))
 .preinit_array.00001
                0x0000000020000888        0x4 minerMaster/CMakeFiles/minerMaster.dir/__/libraries/pico-sdk/src/rp2_common/pico_mem_ops/mem_ops_aeabi.S.obj
 .preinit_array.00010
                0x000000002000088c        0x4 minerMaster/CMakeFiles/minerMaster.dir/__/libraries/pico-sdk/src/rp2_common/pico_bit_ops/bit_ops_aeabi.S.obj
 .preinit_array.00020
                0x0000000020000890        0x4 minerMaster/CMakeFiles/minerMaster.dir/__/libraries/pico-sdk/src/rp2_common/pico_double/double_aeabi.S.obj
 .preinit_array.00020
                0x0000000020000894        0x4 minerMaster/CMakeFiles/minerMaster.dir/__/libraries/pico-sdk/src/rp2_common/pico_float/float_aeabi.S.obj
 *(.preinit_array)
                0x0000000020000898                PROVIDE (__preinit_array_end = .)
                0x0000000020000898                . = ALIGN (0x4)
                0x0000000020000898                PROVIDE (__init_array_start = .)
 *(SORT_BY_NAME(.init_array.*))
 *(.init_array)
 .init_array    0x0000000020000898        0x4 /Applications/ARM/bin/../lib/gcc/arm-none-eabi/10.3.1/thumb/v6-m/nofp/crtbegin.o
 .init_array    0x000000002000089c        0x4 minerMaster/CMakeFiles/minerMaster.dir/minerMaster.cpp.obj
 .init_array    0x00000000200008a0        0x4 minerMaster/CMakeFiles/minerMaster.dir/__/libraries/pico-sdk/src/rp2_common/pico_unique_id/unique_id.c.obj
 .init_array    0x00000000200008a4        0x4 minerMaster/CMakeFiles/minerMaster.dir/__/utils/Wire.cpp.obj
                0x00000000200008a8                PROVIDE (__init_array_end = .)
                0x00000000200008a8                . = ALIGN (0x4)
                [!provide]                        PROVIDE (__fini_array_start = .)
 *(SORT_BY_NAME(.fini_array.*))
 *(.fini_array)
                [!provide]                        PROVIDE (__fini_array_end = .)
 *(.jcr)
                0x00000000200008a8                . = ALIGN (0x4)
                0x00000000200008a8                __data_end__ = .

.igot.plt       0x00000000200008a8        0x0 load address 0x000000001000726c
 .igot.plt      0x00000000200008a8        0x0 /Applications/ARM/bin/../lib/gcc/arm-none-eabi/10.3.1/thumb/v6-m/nofp/crtbegin.o

.uninitialized_data
                0x00000000200008a8        0x0 load address 0x000000001000726c
                0x00000000200008a8                . = ALIGN (0x4)
 *(.uninitialized_data*)

.scratch_x      0x0000000020040000        0x0 load address 0x000000001000726c
                0x0000000020040000                __scratch_x_start__ = .
 *(.scratch_x.*)
                0x0000000020040000                . = ALIGN (0x4)
                0x0000000020040000                __scratch_x_end__ = .
                0x000000001000726c                __scratch_x_source__ = LOADADDR (.scratch_x)

.scratch_y      0x0000000020041000        0x0 load address 0x000000001000726c
                0x0000000020041000                __scratch_y_start__ = .
 *(.scratch_y.*)
                0x0000000020041000                . = ALIGN (0x4)
                0x0000000020041000                __scratch_y_end__ = .
                0x000000001000726c                __scratch_y_source__ = LOADADDR (.scratch_y)

.bss            0x00000000200008a8      0x818
                0x00000000200008a8                . = ALIGN (0x4)
                0x00000000200008a8                __bss_start__ = .
 *(SORT_BY_ALIGNMENT(SORT_BY_NAME(.bss*)))
 .bss.default_alarm_pool_entries
                0x00000000200008a8      0x100 minerMaster/CMakeFiles/minerMaster.dir/__/libraries/pico-sdk/src/common/pico_time/time.c.obj
 .bss           0x00000000200009a8       0x1c /Applications/ARM/bin/../lib/gcc/arm-none-eabi/10.3.1/thumb/v6-m/nofp/crtbegin.o
 .bss.Wire      0x00000000200009c4      0x10c minerMaster/CMakeFiles/minerMaster.dir/__/utils/Wire.cpp.obj
                0x00000000200009c4                Wire
 .bss.Wire1     0x0000000020000ad0      0x10c minerMaster/CMakeFiles/minerMaster.dir/__/utils/Wire.cpp.obj
                0x0000000020000ad0                Wire1
 .bss.alarm_callbacks
                0x0000000020000bdc       0x10 minerMaster/CMakeFiles/minerMaster.dir/__/libraries/pico-sdk/src/rp2_common/hardware_timer/timer.c.obj
 .bss.boot2_copyout
                0x0000000020000bec      0x100 minerMaster/CMakeFiles/minerMaster.dir/__/libraries/pico-sdk/src/rp2_common/hardware_flash/flash.c.obj
 .bss.configured_freq
                0x0000000020000cec       0x28 minerMaster/CMakeFiles/minerMaster.dir/__/libraries/pico-sdk/src/rp2_common/hardware_clocks/clocks.c.obj
 .bss.default_alarm_pool_entry_ids_high
                0x0000000020000d14       0x10 minerMaster/CMakeFiles/minerMaster.dir/__/libraries/pico-sdk/src/common/pico_time/time.c.obj
 .bss.default_alarm_pool_heap_nodes
                0x0000000020000d24       0x30 minerMaster/CMakeFiles/minerMaster.dir/__/libraries/pico-sdk/src/common/pico_time/time.c.obj
 .bss.drivers   0x0000000020000d54        0x4 minerMaster/CMakeFiles/minerMaster.dir/__/libraries/pico-sdk/src/rp2_common/pico_stdio/stdio.c.obj
 .bss.ducoSlave
                0x0000000020000d58        0xa minerMaster/CMakeFiles/minerMaster.dir/minerMaster.cpp.obj
                0x0000000020000d58                ducoSlave
 *fill*         0x0000000020000d62        0x2 
 .bss.filter    0x0000000020000d64        0x4 minerMaster/CMakeFiles/minerMaster.dir/__/libraries/pico-sdk/src/rp2_common/pico_stdio/stdio.c.obj
 .bss.i2c_slaves
                0x0000000020000d68       0x18 minerMaster/CMakeFiles/minerMaster.dir/__/i2c_slave/i2c_slave.c.obj
 .bss.pools     0x0000000020000d80       0x10 minerMaster/CMakeFiles/minerMaster.dir/__/libraries/pico-sdk/src/common/pico_time/time.c.obj
 .bss.receiveBuffer
                0x0000000020000d90      0x104 minerMaster/CMakeFiles/minerMaster.dir/minerMaster.cpp.obj
                0x0000000020000d90                receiveBuffer
 .bss.retrieved_id
                0x0000000020000e94        0x8 minerMaster/CMakeFiles/minerMaster.dir/__/libraries/pico-sdk/src/rp2_common/pico_unique_id/unique_id.c.obj
 .bss.sd_table  0x0000000020000e9c      0x100 minerMaster/CMakeFiles/minerMaster.dir/__/libraries/pico-sdk/src/rp2_common/pico_double/double_init_rom.c.obj
                0x0000000020000e9c                sd_table
 .bss.sf_clz_func
                0x0000000020000f9c        0x4 minerMaster/CMakeFiles/minerMaster.dir/__/libraries/pico-sdk/src/rp2_common/pico_double/double_init_rom.c.obj
                0x0000000020000f9c                sf_clz_func
 .bss.sf_table  0x0000000020000fa0      0x100 minerMaster/CMakeFiles/minerMaster.dir/__/libraries/pico-sdk/src/rp2_common/pico_float/float_init_rom.c.obj
                0x0000000020000fa0                sf_table
 .bss.sleep_notifier
                0x00000000200010a0        0x4 minerMaster/CMakeFiles/minerMaster.dir/__/libraries/pico-sdk/src/common/pico_time/time.c.obj
 .bss.target_hi
                0x00000000200010a4       0x10 minerMaster/CMakeFiles/minerMaster.dir/__/libraries/pico-sdk/src/rp2_common/hardware_timer/timer.c.obj
 .bss.uart_char_to_line_feed
                0x00000000200010b4        0x4 minerMaster/CMakeFiles/minerMaster.dir/__/libraries/pico-sdk/src/rp2_common/hardware_uart/uart.c.obj
                0x00000000200010b4                uart_char_to_line_feed
 .bss.uart_instance
                0x00000000200010b8        0x4 minerMaster/CMakeFiles/minerMaster.dir/__/libraries/pico-sdk/src/rp2_common/pico_stdio_uart/stdio_uart.c.obj
 .bss.boot2_copyout_valid
                0x00000000200010bc        0x1 minerMaster/CMakeFiles/minerMaster.dir/__/libraries/pico-sdk/src/rp2_common/hardware_flash/flash.c.obj
 .bss.claimed   0x00000000200010bd        0x1 minerMaster/CMakeFiles/minerMaster.dir/__/libraries/pico-sdk/src/rp2_common/hardware_timer/timer.c.obj
 .bss.irq_hander_chain_free_slot_head
                0x00000000200010be        0x1 minerMaster/CMakeFiles/minerMaster.dir/__/libraries/pico-sdk/src/rp2_common/hardware_irq/irq.c.obj
 .bss.timer_callbacks_pending
                0x00000000200010bf        0x1 minerMaster/CMakeFiles/minerMaster.dir/__/libraries/pico-sdk/src/rp2_common/hardware_timer/timer.c.obj
 *(COMMON)
                0x00000000200010c0                . = ALIGN (0x4)
                0x00000000200010c0                __bss_end__ = .

.heap           0x00000000200010c0      0x800
                0x00000000200010c0                __end__ = .
                0x00000000200010c0                end = __end__
 *(.heap*)
 .heap          0x00000000200010c0      0x800 minerMaster/CMakeFiles/minerMaster.dir/__/libraries/pico-sdk/src/rp2_common/pico_standard_link/crt0.S.obj
                0x00000000200018c0                __HeapLimit = .

.stack1_dummy   0x0000000020040000        0x0
 *(.stack1*)

.stack_dummy    0x0000000020041000      0x800
 *(.stack*)
 .stack         0x0000000020041000      0x800 minerMaster/CMakeFiles/minerMaster.dir/__/libraries/pico-sdk/src/rp2_common/pico_standard_link/crt0.S.obj

.flash_end      0x000000001000726c        0x0
                0x000000001000726c                __flash_binary_end = .
                0x0000000020040000                __StackLimit = (ORIGIN (RAM) + LENGTH (RAM))
                0x0000000020041000                __StackOneTop = (ORIGIN (SCRATCH_X) + LENGTH (SCRATCH_X))
                0x0000000020042000                __StackTop = (ORIGIN (SCRATCH_Y) + LENGTH (SCRATCH_Y))
                0x0000000020041000                __StackOneBottom = (__StackOneTop - SIZEOF (.stack1_dummy))
                0x0000000020041800                __StackBottom = (__StackTop - SIZEOF (.stack_dummy))
                0x0000000020042000                PROVIDE (__stack = __StackTop)
                0x0000000000000001                ASSERT ((__StackLimit >= __HeapLimit), region RAM overflowed)
                0x0000000000000001                ASSERT (((__binary_info_header_end - __logical_binary_start) <= 0x100), Binary info must be in first 256 bytes of the binary)
LOAD minerMaster/CMakeFiles/minerMaster.dir/minerMaster.cpp.obj
LOAD minerMaster/CMakeFiles/minerMaster.dir/__/i2c_slave/i2c_slave.c.obj
LOAD minerMaster/CMakeFiles/minerMaster.dir/__/libraries/pico-sdk/src/rp2_common/hardware_i2c/i2c.c.obj
LOAD minerMaster/CMakeFiles/minerMaster.dir/__/libraries/pico-sdk/src/rp2_common/hardware_claim/claim.c.obj
LOAD minerMaster/CMakeFiles/minerMaster.dir/__/libraries/pico-sdk/src/rp2_common/pico_platform/platform.c.obj
LOAD minerMaster/CMakeFiles/minerMaster.dir/__/libraries/pico-sdk/src/rp2_common/hardware_sync/sync.c.obj
LOAD minerMaster/CMakeFiles/minerMaster.dir/__/libraries/pico-sdk/src/rp2_common/hardware_irq/irq.c.obj
LOAD minerMaster/CMakeFiles/minerMaster.dir/__/libraries/pico-sdk/src/rp2_common/hardware_irq/irq_handler_chain.S.obj
LOAD minerMaster/CMakeFiles/minerMaster.dir/__/libraries/pico-sdk/src/common/pico_sync/sem.c.obj
LOAD minerMaster/CMakeFiles/minerMaster.dir/__/libraries/pico-sdk/src/common/pico_sync/lock_core.c.obj
LOAD minerMaster/CMakeFiles/minerMaster.dir/__/libraries/pico-sdk/src/common/pico_time/time.c.obj
LOAD minerMaster/CMakeFiles/minerMaster.dir/__/libraries/pico-sdk/src/common/pico_time/timeout_helper.c.obj
LOAD minerMaster/CMakeFiles/minerMaster.dir/__/libraries/pico-sdk/src/rp2_common/hardware_timer/timer.c.obj
LOAD minerMaster/CMakeFiles/minerMaster.dir/__/libraries/pico-sdk/src/common/pico_util/datetime.c.obj
LOAD minerMaster/CMakeFiles/minerMaster.dir/__/libraries/pico-sdk/src/common/pico_util/pheap.c.obj
LOAD minerMaster/CMakeFiles/minerMaster.dir/__/libraries/pico-sdk/src/common/pico_util/queue.c.obj
LOAD minerMaster/CMakeFiles/minerMaster.dir/__/libraries/pico-sdk/src/common/pico_sync/mutex.c.obj
LOAD minerMaster/CMakeFiles/minerMaster.dir/__/libraries/pico-sdk/src/common/pico_sync/critical_section.c.obj
LOAD minerMaster/CMakeFiles/minerMaster.dir/__/libraries/pico-sdk/src/rp2_common/pico_stdlib/stdlib.c.obj
LOAD minerMaster/CMakeFiles/minerMaster.dir/__/libraries/pico-sdk/src/rp2_common/hardware_gpio/gpio.c.obj
LOAD minerMaster/CMakeFiles/minerMaster.dir/__/libraries/pico-sdk/src/rp2_common/hardware_uart/uart.c.obj
LOAD minerMaster/CMakeFiles/minerMaster.dir/__/libraries/pico-sdk/src/rp2_common/hardware_divider/divider.S.obj
LOAD minerMaster/CMakeFiles/minerMaster.dir/__/libraries/pico-sdk/src/rp2_common/pico_runtime/runtime.c.obj
LOAD minerMaster/CMakeFiles/minerMaster.dir/__/libraries/pico-sdk/src/rp2_common/hardware_clocks/clocks.c.obj
LOAD minerMaster/CMakeFiles/minerMaster.dir/__/libraries/pico-sdk/src/rp2_common/hardware_pll/pll.c.obj
LOAD minerMaster/CMakeFiles/minerMaster.dir/__/libraries/pico-sdk/src/rp2_common/hardware_vreg/vreg.c.obj
LOAD minerMaster/CMakeFiles/minerMaster.dir/__/libraries/pico-sdk/src/rp2_common/hardware_watchdog/watchdog.c.obj
LOAD minerMaster/CMakeFiles/minerMaster.dir/__/libraries/pico-sdk/src/rp2_common/hardware_xosc/xosc.c.obj
LOAD minerMaster/CMakeFiles/minerMaster.dir/__/libraries/pico-sdk/src/rp2_common/pico_printf/printf.c.obj
LOAD minerMaster/CMakeFiles/minerMaster.dir/__/libraries/pico-sdk/src/rp2_common/pico_bit_ops/bit_ops_aeabi.S.obj
LOAD minerMaster/CMakeFiles/minerMaster.dir/__/libraries/pico-sdk/src/rp2_common/pico_bootrom/bootrom.c.obj
LOAD minerMaster/CMakeFiles/minerMaster.dir/__/libraries/pico-sdk/src/rp2_common/pico_divider/divider.S.obj
LOAD minerMaster/CMakeFiles/minerMaster.dir/__/libraries/pico-sdk/src/rp2_common/pico_double/double_aeabi.S.obj
LOAD minerMaster/CMakeFiles/minerMaster.dir/__/libraries/pico-sdk/src/rp2_common/pico_double/double_init_rom.c.obj
LOAD minerMaster/CMakeFiles/minerMaster.dir/__/libraries/pico-sdk/src/rp2_common/pico_double/double_math.c.obj
LOAD minerMaster/CMakeFiles/minerMaster.dir/__/libraries/pico-sdk/src/rp2_common/pico_double/double_v1_rom_shim.S.obj
LOAD minerMaster/CMakeFiles/minerMaster.dir/__/libraries/pico-sdk/src/rp2_common/pico_int64_ops/pico_int64_ops_aeabi.S.obj
LOAD minerMaster/CMakeFiles/minerMaster.dir/__/libraries/pico-sdk/src/rp2_common/pico_float/float_aeabi.S.obj
LOAD minerMaster/CMakeFiles/minerMaster.dir/__/libraries/pico-sdk/src/rp2_common/pico_float/float_init_rom.c.obj
LOAD minerMaster/CMakeFiles/minerMaster.dir/__/libraries/pico-sdk/src/rp2_common/pico_float/float_math.c.obj
LOAD minerMaster/CMakeFiles/minerMaster.dir/__/libraries/pico-sdk/src/rp2_common/pico_float/float_v1_rom_shim.S.obj
LOAD minerMaster/CMakeFiles/minerMaster.dir/__/libraries/pico-sdk/src/rp2_common/pico_malloc/pico_malloc.c.obj
LOAD minerMaster/CMakeFiles/minerMaster.dir/__/libraries/pico-sdk/src/rp2_common/pico_mem_ops/mem_ops_aeabi.S.obj
LOAD minerMaster/CMakeFiles/minerMaster.dir/__/libraries/pico-sdk/src/rp2_common/pico_standard_link/crt0.S.obj
LOAD minerMaster/CMakeFiles/minerMaster.dir/__/libraries/pico-sdk/src/rp2_common/pico_standard_link/new_delete.cpp.obj
LOAD minerMaster/CMakeFiles/minerMaster.dir/__/libraries/pico-sdk/src/rp2_common/pico_standard_link/binary_info.c.obj
LOAD minerMaster/CMakeFiles/minerMaster.dir/__/libraries/pico-sdk/src/rp2_common/pico_stdio/stdio.c.obj
LOAD minerMaster/CMakeFiles/minerMaster.dir/__/libraries/pico-sdk/src/rp2_common/pico_stdio_uart/stdio_uart.c.obj
LOAD minerMaster/CMakeFiles/minerMaster.dir/__/libraries/pico-sdk/src/rp2_common/pico_unique_id/unique_id.c.obj
LOAD minerMaster/CMakeFiles/minerMaster.dir/__/libraries/pico-sdk/src/rp2_common/hardware_flash/flash.c.obj
LOAD minerMaster/CMakeFiles/minerMaster.dir/__/utils/Wire.cpp.obj
LOAD minerMaster/CMakeFiles/minerMaster.dir/__/utils/charbuffer.cpp.obj
LOAD minerMaster/CMakeFiles/minerMaster.dir/__/utils/hwSetupUtils.c.obj
LOAD libraries/mbedtls/library/libmbedcrypto.a
LOAD libraries/mbedtls/library/libmbedx509.a
LOAD libraries/mbedtls/library/libmbedtls.a
LOAD /var/folders/7z/r4r2qbgd4bb_p1x_wcg8qx4c0000gn/T//ccPRnQk4.o
LOAD libraries/mbedtls/library/libmbedx509.a
LOAD libraries/mbedtls/library/libmbedcrypto.a
LOAD /Applications/ARM/bin/../lib/gcc/arm-none-eabi/10.3.1/../../../../arm-none-eabi/lib/thumb/v6-m/nofp/libstdc++.a
LOAD /Applications/ARM/bin/../lib/gcc/arm-none-eabi/10.3.1/../../../../arm-none-eabi/lib/thumb/v6-m/nofp/libm.a
START GROUP
LOAD /Applications/ARM/bin/../lib/gcc/arm-none-eabi/10.3.1/thumb/v6-m/nofp/libgcc.a
LOAD /Applications/ARM/bin/../lib/gcc/arm-none-eabi/10.3.1/../../../../arm-none-eabi/lib/thumb/v6-m/nofp/libg.a
LOAD /Applications/ARM/bin/../lib/gcc/arm-none-eabi/10.3.1/../../../../arm-none-eabi/lib/thumb/v6-m/nofp/libc.a
END GROUP
START GROUP
LOAD /Applications/ARM/bin/../lib/gcc/arm-none-eabi/10.3.1/thumb/v6-m/nofp/libgcc.a
LOAD /Applications/ARM/bin/../lib/gcc/arm-none-eabi/10.3.1/../../../../arm-none-eabi/lib/thumb/v6-m/nofp/libc.a
LOAD /Applications/ARM/bin/../lib/gcc/arm-none-eabi/10.3.1/../../../../arm-none-eabi/lib/thumb/v6-m/nofp/libnosys.a
END GROUP
LOAD /Applications/ARM/bin/../lib/gcc/arm-none-eabi/10.3.1/thumb/v6-m/nofp/crtend.o
LOAD /Applications/ARM/bin/../lib/gcc/arm-none-eabi/10.3.1/thumb/v6-m/nofp/crtn.o
OUTPUT(minerMaster/minerMaster.elf elf32-littlearm)
LOAD linker stubs

.ARM.attributes
                0x0000000000000000       0x28
 .ARM.attributes
                0x0000000000000000       0x1e /Applications/ARM/bin/../lib/gcc/arm-none-eabi/10.3.1/thumb/v6-m/nofp/crti.o
 .ARM.attributes
                0x000000000000001e       0x2c /Applications/ARM/bin/../lib/gcc/arm-none-eabi/10.3.1/thumb/v6-m/nofp/crtbegin.o
 .ARM.attributes
                0x000000000000004a       0x2c minerMaster/CMakeFiles/minerMaster.dir/minerMaster.cpp.obj
 .ARM.attributes
                0x0000000000000076       0x2c minerMaster/CMakeFiles/minerMaster.dir/__/i2c_slave/i2c_slave.c.obj
 .ARM.attributes
                0x00000000000000a2       0x2c minerMaster/CMakeFiles/minerMaster.dir/__/libraries/pico-sdk/src/rp2_common/hardware_i2c/i2c.c.obj
 .ARM.attributes
                0x00000000000000ce       0x2c minerMaster/CMakeFiles/minerMaster.dir/__/libraries/pico-sdk/src/rp2_common/hardware_claim/claim.c.obj
 .ARM.attributes
                0x00000000000000fa       0x2c minerMaster/CMakeFiles/minerMaster.dir/__/libraries/pico-sdk/src/rp2_common/pico_platform/platform.c.obj
 .ARM.attributes
                0x0000000000000126       0x2c minerMaster/CMakeFiles/minerMaster.dir/__/libraries/pico-sdk/src/rp2_common/hardware_sync/sync.c.obj
 .ARM.attributes
                0x0000000000000152       0x2c minerMaster/CMakeFiles/minerMaster.dir/__/libraries/pico-sdk/src/rp2_common/hardware_irq/irq.c.obj
 .ARM.attributes
                0x000000000000017e       0x22 minerMaster/CMakeFiles/minerMaster.dir/__/libraries/pico-sdk/src/rp2_common/hardware_irq/irq_handler_chain.S.obj
 .ARM.attributes
                0x00000000000001a0       0x2c minerMaster/CMakeFiles/minerMaster.dir/__/libraries/pico-sdk/src/common/pico_sync/lock_core.c.obj
 .ARM.attributes
                0x00000000000001cc       0x2c minerMaster/CMakeFiles/minerMaster.dir/__/libraries/pico-sdk/src/common/pico_time/time.c.obj
 .ARM.attributes
                0x00000000000001f8       0x2c minerMaster/CMakeFiles/minerMaster.dir/__/libraries/pico-sdk/src/rp2_common/hardware_timer/timer.c.obj
 .ARM.attributes
                0x0000000000000224       0x2c minerMaster/CMakeFiles/minerMaster.dir/__/libraries/pico-sdk/src/common/pico_util/pheap.c.obj
 .ARM.attributes
                0x0000000000000250       0x2c minerMaster/CMakeFiles/minerMaster.dir/__/libraries/pico-sdk/src/common/pico_sync/mutex.c.obj
 .ARM.attributes
                0x000000000000027c       0x2c minerMaster/CMakeFiles/minerMaster.dir/__/libraries/pico-sdk/src/rp2_common/hardware_gpio/gpio.c.obj
 .ARM.attributes
                0x00000000000002a8       0x2c minerMaster/CMakeFiles/minerMaster.dir/__/libraries/pico-sdk/src/rp2_common/hardware_uart/uart.c.obj
 .ARM.attributes
                0x00000000000002d4       0x2c minerMaster/CMakeFiles/minerMaster.dir/__/libraries/pico-sdk/src/rp2_common/pico_runtime/runtime.c.obj
 .ARM.attributes
                0x0000000000000300       0x2c minerMaster/CMakeFiles/minerMaster.dir/__/libraries/pico-sdk/src/rp2_common/hardware_clocks/clocks.c.obj
 .ARM.attributes
                0x000000000000032c       0x2c minerMaster/CMakeFiles/minerMaster.dir/__/libraries/pico-sdk/src/rp2_common/hardware_pll/pll.c.obj
 .ARM.attributes
                0x0000000000000358       0x2c minerMaster/CMakeFiles/minerMaster.dir/__/libraries/pico-sdk/src/rp2_common/hardware_watchdog/watchdog.c.obj
 .ARM.attributes
                0x0000000000000384       0x2c minerMaster/CMakeFiles/minerMaster.dir/__/libraries/pico-sdk/src/rp2_common/hardware_xosc/xosc.c.obj
 .ARM.attributes
                0x00000000000003b0       0x2c minerMaster/CMakeFiles/minerMaster.dir/__/libraries/pico-sdk/src/rp2_common/pico_printf/printf.c.obj
 .ARM.attributes
                0x00000000000003dc       0x22 minerMaster/CMakeFiles/minerMaster.dir/__/libraries/pico-sdk/src/rp2_common/pico_bit_ops/bit_ops_aeabi.S.obj
 .ARM.attributes