Archive member included to satisfy reference by file (symbol)

libraries/mbedtls/library/libmbedcrypto.a(sha1.c.obj)
                              minerMaster/CMakeFiles/minerMaster.dir/__/utils/duinoCoinUtils.cpp.obj (mbedtls_sha1_init)
libraries/mbedtls/library/libmbedcrypto.a(platform_util.c.obj)
                              libraries/mbedtls/library/libmbedcrypto.a(sha1.c.obj) (mbedtls_platform_zeroize)
/Applications/ARM/bin/../lib/gcc/arm-none-eabi/10.3.1/thumb/v6-m/nofp/libgcc.a(_dvmd_tls.o)
                              minerMaster/CMakeFiles/minerMaster.dir/__/libraries/pico-sdk/src/rp2_common/pico_divider/divider.S.obj (__aeabi_idiv0)
/Applications/ARM/bin/../lib/gcc/arm-none-eabi/10.3.1/../../../../arm-none-eabi/lib/thumb/v6-m/nofp/libg.a(lib_a-calloc.o)
                              minerMaster/CMakeFiles/minerMaster.dir/__/libraries/pico-sdk/src/rp2_common/pico_malloc/pico_malloc.c.obj (calloc)
/Applications/ARM/bin/../lib/gcc/arm-none-eabi/10.3.1/../../../../arm-none-eabi/lib/thumb/v6-m/nofp/libg.a(lib_a-callocr.o)
                              /Applications/ARM/bin/../lib/gcc/arm-none-eabi/10.3.1/../../../../arm-none-eabi/lib/thumb/v6-m/nofp/libg.a(lib_a-calloc.o) (_calloc_r)
/Applications/ARM/bin/../lib/gcc/arm-none-eabi/10.3.1/../../../../arm-none-eabi/lib/thumb/v6-m/nofp/libg.a(lib_a-errno.o)
                              /Applications/ARM/bin/../lib/gcc/arm-none-eabi/10.3.1/../../../../arm-none-eabi/lib/thumb/v6-m/nofp/libg.a(lib_a-callocr.o) (__errno)
/Applications/ARM/bin/../lib/gcc/arm-none-eabi/10.3.1/../../../../arm-none-eabi/lib/thumb/v6-m/nofp/libg.a(lib_a-impure.o)
                              /Applications/ARM/bin/../lib/gcc/arm-none-eabi/10.3.1/../../../../arm-none-eabi/lib/thumb/v6-m/nofp/libg.a(lib_a-calloc.o) (_impure_ptr)
/Applications/ARM/bin/../lib/gcc/arm-none-eabi/10.3.1/../../../../arm-none-eabi/lib/thumb/v6-m/nofp/libg.a(lib_a-init.o)
                              /Applications/ARM/bin/../lib/gcc/arm-none-eabi/10.3.1/../../../../arm-none-eabi/lib/thumb/v6-m/nofp/crt0.o (__libc_init_array)
/Applications/ARM/bin/../lib/gcc/arm-none-eabi/10.3.1/../../../../arm-none-eabi/lib/thumb/v6-m/nofp/libg.a(lib_a-malloc.o)
                              minerMaster/CMakeFiles/minerMaster.dir/__/libraries/pico-sdk/src/rp2_common/pico_malloc/pico_malloc.c.obj (malloc)
/Applications/ARM/bin/../lib/gcc/arm-none-eabi/10.3.1/../../../../arm-none-eabi/lib/thumb/v6-m/nofp/libg.a(lib_a-mallocr.o)
                              /Applications/ARM/bin/../lib/gcc/arm-none-eabi/10.3.1/../../../../arm-none-eabi/lib/thumb/v6-m/nofp/libg.a(lib_a-callocr.o) (_malloc_r)
/Applications/ARM/bin/../lib/gcc/arm-none-eabi/10.3.1/../../../../arm-none-eabi/lib/thumb/v6-m/nofp/libg.a(lib_a-memcmp.o)
                              minerMaster/CMakeFiles/minerMaster.dir/__/utils/duinoCoinUtils.cpp.obj (memcmp)
/Applications/ARM/bin/../lib/gcc/arm-none-eabi/10.3.1/../../../../arm-none-eabi/lib/thumb/v6-m/nofp/libg.a(lib_a-memmove.o)
                              minerMaster/CMakeFiles/minerMaster.dir/__/utils/charbuffer.cpp.obj (memmove)
/Applications/ARM/bin/../lib/gcc/arm-none-eabi/10.3.1/../../../../arm-none-eabi/lib/thumb/v6-m/nofp/libg.a(lib_a-mlock.o)
                              /Applications/ARM/bin/../lib/gcc/arm-none-eabi/10.3.1/../../../../arm-none-eabi/lib/thumb/v6-m/nofp/libg.a(lib_a-mallocr.o) (__malloc_lock)
/Applications/ARM/bin/../lib/gcc/arm-none-eabi/10.3.1/../../../../arm-none-eabi/lib/thumb/v6-m/nofp/libg.a(lib_a-realloc.o)
                              minerMaster/CMakeFiles/minerMaster.dir/__/libraries/pico-sdk/src/rp2_common/pico_malloc/pico_malloc.c.obj (realloc)
/Applications/ARM/bin/../lib/gcc/arm-none-eabi/10.3.1/../../../../arm-none-eabi/lib/thumb/v6-m/nofp/libg.a(lib_a-reallocr.o)
                              /Applications/ARM/bin/../lib/gcc/arm-none-eabi/10.3.1/../../../../arm-none-eabi/lib/thumb/v6-m/nofp/libg.a(lib_a-realloc.o) (_realloc_r)
/Applications/ARM/bin/../lib/gcc/arm-none-eabi/10.3.1/../../../../arm-none-eabi/lib/thumb/v6-m/nofp/libg.a(lib_a-sbrkr.o)
                              /Applications/ARM/bin/../lib/gcc/arm-none-eabi/10.3.1/../../../../arm-none-eabi/lib/thumb/v6-m/nofp/libg.a(lib_a-mallocr.o) (_sbrk_r)
/Applications/ARM/bin/../lib/gcc/arm-none-eabi/10.3.1/../../../../arm-none-eabi/lib/thumb/v6-m/nofp/libg.a(lib_a-strchr.o)
                              minerMaster/CMakeFiles/minerMaster.dir/__/utils/charbuffer.cpp.obj (strchr)
/Applications/ARM/bin/../lib/gcc/arm-none-eabi/10.3.1/../../../../arm-none-eabi/lib/thumb/v6-m/nofp/libg.a(lib_a-strlen-stub.o)
                              minerMaster/CMakeFiles/minerMaster.dir/minerMaster.cpp.obj (strlen)
/Applications/ARM/bin/../lib/gcc/arm-none-eabi/10.3.1/../../../../arm-none-eabi/lib/thumb/v6-m/nofp/libg.a(lib_a-toupper.o)
                              minerMaster/CMakeFiles/minerMaster.dir/__/utils/duinoCoinUtils.cpp.obj (toupper)
[...]
Memory Configuration

Name             Origin             Length             Attributes
FLASH            0x0000000010000000 0x0000000000200000 xr
RAM              0x0000000020000000 0x0000000000040000 xrw
SCRATCH_X        0x0000000020040000 0x0000000000001000 xrw
SCRATCH_Y        0x0000000020041000 0x0000000000001000 xrw
*default*        0x0000000000000000 0xffffffffffffffff

Linker script and memory map

LOAD /Applications/ARM/bin/../lib/gcc/arm-none-eabi/10.3.1/thumb/v6-m/nofp/crti.o
LOAD /Applications/ARM/bin/../lib/gcc/arm-none-eabi/10.3.1/thumb/v6-m/nofp/crtbegin.o
LOAD /Applications/ARM/bin/../lib/gcc/arm-none-eabi/10.3.1/../../../../arm-none-eabi/lib/thumb/v6-m/nofp/crt0.o

.flash_begin    0x0000000010000000        0x0
                0x0000000010000000                __flash_binary_start = .

.boot2          0x0000000010000000      0x100
                0x0000000010000000                __boot2_start__ = .
 *(.boot2)
 .boot2         0x0000000010000000      0x100 /var/folders/7z/r4r2qbgd4bb_p1x_wcg8qx4c0000gn/T//ccYmkfHe.o
                0x0000000010000100                __boot2_end__ = .
                0x0000000000000001                ASSERT (((__boot2_end__ - __boot2_start__) == 0x100), ERROR: Pico second stage bootloader must be 256 bytes in size)

.text           0x0000000010000100     0x4b78
                0x0000000010000100                __logical_binary_start = .
 *(.vectors)
 .vectors       0x0000000010000100       0xd4 minerMaster/CMakeFiles/minerMaster.dir/__/libraries/pico-sdk/src/rp2_common/pico_standard_link/crt0.S.obj
                0x0000000010000100                __VECTOR_TABLE
                0x0000000010000100                __vectors
                0x00000000100001c0                __default_isrs_start
                0x00000000100001c0                isr_invalid
                0x00000000100001c2                isr_nmi
                0x00000000100001c4                isr_hardfault
                0x00000000100001c6                isr_svcall
                0x00000000100001c8                isr_pendsv
                0x00000000100001ca                isr_systick
                0x00000000100001cc                isr_irq28
                0x00000000100001cc                isr_irq19
                0x00000000100001cc                isr_irq0
                0x00000000100001cc                isr_irq6
                0x00000000100001cc                isr_irq22
                0x00000000100001cc                isr_irq17
                0x00000000100001cc                isr_irq14
                0x00000000100001cc                isr_irq2
                0x00000000100001cc                isr_irq10
                0x00000000100001cc                isr_irq8
                0x00000000100001cc                isr_irq24
                0x00000000100001cc                isr_irq1
                0x00000000100001cc                isr_irq7
                0x00000000100001cc                isr_irq21
                0x00000000100001cc                isr_irq20
                0x00000000100001cc                isr_irq15
                0x00000000100001cc                isr_irq25
                0x00000000100001cc                isr_irq4
                0x00000000100001cc                isr_irq16
                0x00000000100001cc                isr_irq29
                0x00000000100001cc                isr_irq26
                0x00000000100001cc                __default_isrs_end
                0x00000000100001cc                isr_irq3
                0x00000000100001cc                isr_irq9
                0x00000000100001cc                __unhandled_user_irq
                0x00000000100001cc                isr_irq13
                0x00000000100001cc                isr_irq27
                0x00000000100001cc                isr_irq31
                0x00000000100001cc                isr_irq5
                0x00000000100001cc                isr_irq11
                0x00000000100001cc                isr_irq23
                0x00000000100001cc                isr_irq18
                0x00000000100001cc                isr_irq30
                0x00000000100001cc                isr_irq12
                0x00000000100001d2                unhandled_user_irq_num_in_r0
 *(.binary_info_header)
 .binary_info_header
                0x00000000100001d4       0x14 minerMaster/CMakeFiles/minerMaster.dir/__/libraries/pico-sdk/src/rp2_common/pico_standard_link/crt0.S.obj
                0x00000000100001e8                __binary_info_header_end = .
 *(.reset)
 .reset         0x00000000100001e8       0xa8 minerMaster/CMakeFiles/minerMaster.dir/__/libraries/pico-sdk/src/rp2_common/pico_standard_link/crt0.S.obj
                0x00000000100001e8                _entry_point
                0x0000000010000266                __get_current_exception
 .reset         0x0000000010000290       0x30 minerMaster/CMakeFiles/minerMaster.dir/__/libraries/pico-sdk/src/rp2_common/pico_standard_link/binary_info.c.obj
 *(.init)
 .init          0x00000000100002c0        0x4 /Applications/ARM/bin/../lib/gcc/arm-none-eabi/10.3.1/thumb/v6-m/nofp/crti.o
                0x00000000100002c0                _init
 *(EXCLUDE_FILE(*libm.a: *libc.a:*lib_a-mem*.o *libgcc.a:) .text*)
 .text          0x00000000100002c4       0x48 /Applications/ARM/bin/../lib/gcc/arm-none-eabi/10.3.1/thumb/v6-m/nofp/crtbegin.o
 .text._Z12hardwareInitv
                0x000000001000030c       0x84 minerMaster/CMakeFiles/minerMaster.dir/hwSetupUtils.cpp.obj
                0x000000001000030c                hardwareInit()
 .text._Z16onBoardLedTogglev
                0x0000000010000390       0x22 minerMaster/CMakeFiles/minerMaster.dir/hwSetupUtils.cpp.obj
                0x0000000010000390                onBoardLedToggle()
 *fill*         0x00000000100003b2        0x2 
 .text._Z41__static_initialization_and_destruction_0ii
                0x00000000100003b4       0x30 minerMaster/CMakeFiles/minerMaster.dir/minerMaster.cpp.obj
 .text._ZL16slave_on_requestv
                0x00000000100003e4       0x34 minerMaster/CMakeFiles/minerMaster.dir/minerMaster.cpp.obj
 .text._ZL16slave_on_receivei
                0x0000000010000418      0x108 minerMaster/CMakeFiles/minerMaster.dir/minerMaster.cpp.obj
 .text.main     0x0000000010000520       0x88 minerMaster/CMakeFiles/minerMaster.dir/minerMaster.cpp.obj
                0x0000000010000520                main
 .text._GLOBAL__sub_I_main
                0x00000000100005a8       0x10 minerMaster/CMakeFiles/minerMaster.dir/minerMaster.cpp.obj
 .text.gpio_set_function
                0x00000000100005b8       0x30 minerMaster/CMakeFiles/minerMaster.dir/__/libraries/pico-sdk/src/rp2_common/hardware_gpio/gpio.c.obj
                0x00000000100005b8                gpio_set_function
 .text.gpio_set_pulls
                0x00000000100005e8       0x34 minerMaster/CMakeFiles/minerMaster.dir/__/libraries/pico-sdk/src/rp2_common/hardware_gpio/gpio.c.obj
                0x00000000100005e8                gpio_set_pulls
 .text.gpio_init
                0x000000001000061c       0x16 minerMaster/CMakeFiles/minerMaster.dir/__/libraries/pico-sdk/src/rp2_common/hardware_gpio/gpio.c.obj
                0x000000001000061c                gpio_init
 *fill*         0x0000000010000632        0x2 
 .text.hw_claim_lock
                0x0000000010000634       0x18 minerMaster/CMakeFiles/minerMaster.dir/__/libraries/pico-sdk/src/rp2_common/hardware_claim/claim.c.obj
                0x0000000010000634                hw_claim_lock
 .text.hw_claim_unlock
                0x000000001000064c       0x14 minerMaster/CMakeFiles/minerMaster.dir/__/libraries/pico-sdk/src/rp2_common/hardware_claim/claim.c.obj
                0x000000001000064c                hw_claim_unlock
 .text.hw_claim_or_assert
                0x0000000010000660       0x32 minerMaster/CMakeFiles/minerMaster.dir/__/libraries/pico-sdk/src/rp2_common/hardware_claim/claim.c.obj
                0x0000000010000660                hw_claim_or_assert
 *fill*         0x0000000010000692        0x2 
 .text.running_on_fpga
                0x0000000010000694       0x14 minerMaster/CMakeFiles/minerMaster.dir/__/libraries/pico-sdk/src/rp2_common/pico_platform/platform.c.obj
                0x0000000010000694                running_on_fpga
 .text.spin_locks_reset
                0x00000000100006a8       0x20 minerMaster/CMakeFiles/minerMaster.dir/__/libraries/pico-sdk/src/rp2_common/hardware_sync/sync.c.obj
                0x00000000100006a8                spin_locks_reset
 .text.next_striped_spin_lock_num
                0x00000000100006c8       0x1c minerMaster/CMakeFiles/minerMaster.dir/__/libraries/pico-sdk/src/rp2_common/hardware_sync/sync.c.obj
                0x00000000100006c8                next_striped_spin_lock_num
 .text.set_raw_irq_handler_and_unlock
                0x00000000100006e4       0x28 minerMaster/CMakeFiles/minerMaster.dir/__/libraries/pico-sdk/src/rp2_common/hardware_irq/irq.c.obj
 .text.make_branch
                0x000000001000070c       0x48 minerMaster/CMakeFiles/minerMaster.dir/__/libraries/pico-sdk/src/rp2_common/hardware_irq/irq.c.obj
 .text.insert_branch_and_link
                0x0000000010000754       0x40 minerMaster/CMakeFiles/minerMaster.dir/__/libraries/pico-sdk/src/rp2_common/hardware_irq/irq.c.obj
 .text.irq_is_enabled
                0x0000000010000794       0x18 minerMaster/CMakeFiles/minerMaster.dir/__/libraries/pico-sdk/src/rp2_common/hardware_irq/irq.c.obj
                0x0000000010000794                irq_is_enabled
 .text.irq_set_mask_enabled
                0x00000000100007ac       0x20 minerMaster/CMakeFiles/minerMaster.dir/__/libraries/pico-sdk/src/rp2_common/hardware_irq/irq.c.obj
                0x00000000100007ac                irq_set_mask_enabled
 .text.irq_set_enabled
                0x00000000100007cc        0xe minerMaster/CMakeFiles/minerMaster.dir/__/libraries/pico-sdk/src/rp2_common/hardware_irq/irq.c.obj
                0x00000000100007cc                irq_set_enabled
 *fill*         0x00000000100007da        0x2 
 .text.irq_get_vtable_handler
                0x00000000100007dc       0x10 minerMaster/CMakeFiles/minerMaster.dir/__/libraries/pico-sdk/src/rp2_common/hardware_irq/irq.c.obj
                0x00000000100007dc                irq_get_vtable_handler
 .text.irq_set_exclusive_handler
                0x00000000100007ec       0x54 minerMaster/CMakeFiles/minerMaster.dir/__/libraries/pico-sdk/src/rp2_common/hardware_irq/irq.c.obj
                0x00000000100007ec                irq_set_exclusive_handler
 .text.irq_remove_handler
                0x0000000010000840      0x1a8 minerMaster/CMakeFiles/minerMaster.dir/__/libraries/pico-sdk/src/rp2_common/hardware_irq/irq.c.obj
                0x0000000010000840                irq_remove_handler
 .text.irq_add_tail_to_free_list
                0x00000000100009e8       0xf0 minerMaster/CMakeFiles/minerMaster.dir/__/libraries/pico-sdk/src/rp2_common/hardware_irq/irq.c.obj
                0x00000000100009e8                irq_add_tail_to_free_list
 .text.irq_init_priorities
                0x0000000010000ad8       0x1c minerMaster/CMakeFiles/minerMaster.dir/__/libraries/pico-sdk/src/rp2_common/hardware_irq/irq.c.obj
                0x0000000010000ad8                irq_init_priorities
 .text.lock_init
                0x0000000010000af4       0x10 minerMaster/CMakeFiles/minerMaster.dir/__/libraries/pico-sdk/src/common/pico_sync/lock_core.c.obj
                0x0000000010000af4                lock_init
 .text.alarm_pool_post_alloc_init
                0x0000000010000b04       0x40 minerMaster/CMakeFiles/minerMaster.dir/__/libraries/pico-sdk/src/common/pico_time/time.c.obj
 .text.sleep_until_callback
                0x0000000010000b44       0x30 minerMaster/CMakeFiles/minerMaster.dir/__/libraries/pico-sdk/src/common/pico_time/time.c.obj
 .text.timer_pool_entry_comparator
                0x0000000010000b74       0x7c minerMaster/CMakeFiles/minerMaster.dir/__/libraries/pico-sdk/src/common/pico_time/time.c.obj
                0x0000000010000b74                timer_pool_entry_comparator
 .text.ph_add_child_node
                0x0000000010000bf0       0xa4 minerMaster/CMakeFiles/minerMaster.dir/__/libraries/pico-sdk/src/common/pico_time/time.c.obj
 .text.ph_merge_nodes
                0x0000000010000c94       0x3e minerMaster/CMakeFiles/minerMaster.dir/__/libraries/pico-sdk/src/common/pico_time/time.c.obj
 *fill*         0x0000000010000cd2        0x2 
 .text.add_alarm_under_lock
                0x0000000010000cd4      0x174 minerMaster/CMakeFiles/minerMaster.dir/__/libraries/pico-sdk/src/common/pico_time/time.c.obj
 .text.alarm_pool_alarm_callback
                0x0000000010000e48      0x328 minerMaster/CMakeFiles/minerMaster.dir/__/libraries/pico-sdk/src/common/pico_time/time.c.obj
 .text.alarm_pool_init_default
                0x0000000010001170       0x38 minerMaster/CMakeFiles/minerMaster.dir/__/libraries/pico-sdk/src/common/pico_time/time.c.obj
                0x0000000010001170                alarm_pool_init_default
 .text.alarm_pool_get_default
                0x00000000100011a8       0x2c minerMaster/CMakeFiles/minerMaster.dir/__/libraries/pico-sdk/src/common/pico_time/time.c.obj
                0x00000000100011a8                alarm_pool_get_default
 .text.alarm_pool_add_alarm_at
                0x00000000100011d4      0x170 minerMaster/CMakeFiles/minerMaster.dir/__/libraries/pico-sdk/src/common/pico_time/time.c.obj
                0x00000000100011d4                alarm_pool_add_alarm_at
 .text.sleep_until
                0x0000000010001344       0xfc minerMaster/CMakeFiles/minerMaster.dir/__/libraries/pico-sdk/src/common/pico_time/time.c.obj
                0x0000000010001344                sleep_until
 .text.sleep_us
                0x0000000010001440       0x58 minerMaster/CMakeFiles/minerMaster.dir/__/libraries/pico-sdk/src/common/pico_time/time.c.obj
                0x0000000010001440                sleep_us
 .text.sleep_ms
                0x0000000010001498       0x14 minerMaster/CMakeFiles/minerMaster.dir/__/libraries/pico-sdk/src/common/pico_time/time.c.obj
                0x0000000010001498                sleep_ms
 .text.hardware_alarm_irq_handler
                0x00000000100014ac       0x8c minerMaster/CMakeFiles/minerMaster.dir/__/libraries/pico-sdk/src/rp2_common/hardware_timer/timer.c.obj
 .text.hardware_alarm_claim
                0x0000000010001538       0x18 minerMaster/CMakeFiles/minerMaster.dir/__/libraries/pico-sdk/src/rp2_common/hardware_timer/timer.c.obj
                0x0000000010001538                hardware_alarm_claim
 .text.time_us_64
                0x0000000010001550       0x18 minerMaster/CMakeFiles/minerMaster.dir/__/libraries/pico-sdk/src/rp2_common/hardware_timer/timer.c.obj
                0x0000000010001550                time_us_64
 .text.busy_wait_until
                0x0000000010001568       0x28 minerMaster/CMakeFiles/minerMaster.dir/__/libraries/pico-sdk/src/rp2_common/hardware_timer/timer.c.obj
                0x0000000010001568                busy_wait_until
 .text.hardware_alarm_set_callback
                0x0000000010001590       0x90 minerMaster/CMakeFiles/minerMaster.dir/__/libraries/pico-sdk/src/rp2_common/hardware_timer/timer.c.obj
                0x0000000010001590                hardware_alarm_set_callback
 .text.hardware_alarm_set_target
                0x0000000010001620       0xe8 minerMaster/CMakeFiles/minerMaster.dir/__/libraries/pico-sdk/src/rp2_common/hardware_timer/timer.c.obj
                0x0000000010001620                hardware_alarm_set_target
 .text.hardware_alarm_cancel
                0x0000000010001708       0x40 minerMaster/CMakeFiles/minerMaster.dir/__/libraries/pico-sdk/src/rp2_common/hardware_timer/timer.c.obj
                0x0000000010001708                hardware_alarm_cancel
 .text.ph_add_child_node
                0x0000000010001748       0xa4 minerMaster/CMakeFiles/minerMaster.dir/__/libraries/pico-sdk/src/common/pico_util/pheap.c.obj
 .text.ph_merge_nodes
                0x00000000100017ec       0x3e minerMaster/CMakeFiles/minerMaster.dir/__/libraries/pico-sdk/src/common/pico_util/pheap.c.obj
 *fill*         0x000000001000182a        0x2 
 .text.ph_clear
                0x000000001000182c       0x70 minerMaster/CMakeFiles/minerMaster.dir/__/libraries/pico-sdk/src/common/pico_util/pheap.c.obj
                0x000000001000182c                ph_clear
 .text.ph_post_alloc_init
                0x000000001000189c        0xe minerMaster/CMakeFiles/minerMaster.dir/__/libraries/pico-sdk/src/common/pico_util/pheap.c.obj
                0x000000001000189c                ph_post_alloc_init
 *fill*         0x00000000100018aa        0x2 
 .text.ph_merge_two_pass
                0x00000000100018ac       0xa8 minerMaster/CMakeFiles/minerMaster.dir/__/libraries/pico-sdk/src/common/pico_util/pheap.c.obj
                0x00000000100018ac                ph_merge_two_pass
 .text.ph_remove_any_head
                0x0000000010001954      0x108 minerMaster/CMakeFiles/minerMaster.dir/__/libraries/pico-sdk/src/common/pico_util/pheap.c.obj
 .text.ph_remove_head
                0x0000000010001a5c       0x14 minerMaster/CMakeFiles/minerMaster.dir/__/libraries/pico-sdk/src/common/pico_util/pheap.c.obj
                0x0000000010001a5c                ph_remove_head
 .text.ph_remove_and_free_node
                0x0000000010001a70       0xf8 minerMaster/CMakeFiles/minerMaster.dir/__/libraries/pico-sdk/src/common/pico_util/pheap.c.obj
                0x0000000010001a70                ph_remove_and_free_node
 .text.mutex_init
                0x0000000010001b68       0x1a minerMaster/CMakeFiles/minerMaster.dir/__/libraries/pico-sdk/src/common/pico_sync/mutex.c.obj
                0x0000000010001b68                mutex_init
 .text.recursive_mutex_init
                0x0000000010001b82       0x1e minerMaster/CMakeFiles/minerMaster.dir/__/libraries/pico-sdk/src/common/pico_sync/mutex.c.obj
                0x0000000010001b82                recursive_mutex_init
 .text.uart_set_baudrate
                0x0000000010001ba0       0x5c minerMaster/CMakeFiles/minerMaster.dir/__/libraries/pico-sdk/src/rp2_common/hardware_uart/uart.c.obj
                0x0000000010001ba0                uart_set_baudrate
 .text.uart_set_translate_crlf
                0x0000000010001bfc       0x28 minerMaster/CMakeFiles/minerMaster.dir/__/libraries/pico-sdk/src/rp2_common/hardware_uart/uart.c.obj
                0x0000000010001bfc                uart_set_translate_crlf
 .text.uart_init
                0x0000000010001c24       0x80 minerMaster/CMakeFiles/minerMaster.dir/__/libraries/pico-sdk/src/rp2_common/hardware_uart/uart.c.obj
                0x0000000010001c24                uart_init
 .text._exit    0x0000000010001ca4        0x4 minerMaster/CMakeFiles/minerMaster.dir/__/libraries/pico-sdk/src/rp2_common/pico_runtime/runtime.c.obj
                0x0000000010001ca4                _exit
 .text.exit     0x0000000010001ca8        0x6 minerMaster/CMakeFiles/minerMaster.dir/__/libraries/pico-sdk/src/rp2_common/pico_runtime/runtime.c.obj
                0x0000000010001ca8                exit
 *fill*         0x0000000010001cae        0x2 
 .text.__assert_func
                0x0000000010001cb0       0x3c minerMaster/CMakeFiles/minerMaster.dir/__/libraries/pico-sdk/src/rp2_common/pico_runtime/runtime.c.obj
                0x0000000010001cb0                __assert_func
 .text.runtime_init
                0x0000000010001cec       0xf8 minerMaster/CMakeFiles/minerMaster.dir/__/libraries/pico-sdk/src/rp2_common/pico_runtime/runtime.c.obj
                0x0000000010001cec                runtime_init
 .text.panic    0x0000000010001de4       0x30 minerMaster/CMakeFiles/minerMaster.dir/__/libraries/pico-sdk/src/rp2_common/pico_runtime/runtime.c.obj
                0x0000000010001de4                panic
 .text.clock_configure
                0x0000000010001e14      0x104 minerMaster/CMakeFiles/minerMaster.dir/__/libraries/pico-sdk/src/rp2_common/hardware_clocks/clocks.c.obj
                0x0000000010001e14                clock_configure
 .text.clocks_init
                0x0000000010001f18      0x100 minerMaster/CMakeFiles/minerMaster.dir/__/libraries/pico-sdk/src/rp2_common/hardware_clocks/clocks.c.obj
                0x0000000010001f18                clocks_init
 .text.clock_get_hz
                0x0000000010002018        0xc minerMaster/CMakeFiles/minerMaster.dir/__/libraries/pico-sdk/src/rp2_common/hardware_clocks/clocks.c.obj
                0x0000000010002018                clock_get_hz
 .text.pll_init
                0x0000000010002024      0x140 minerMaster/CMakeFiles/minerMaster.dir/__/libraries/pico-sdk/src/rp2_common/hardware_pll/pll.c.obj
                0x0000000010002024                pll_init
 .text.watchdog_start_tick
                0x0000000010002164       0x10 minerMaster/CMakeFiles/minerMaster.dir/__/libraries/pico-sdk/src/rp2_common/hardware_watchdog/watchdog.c.obj
                0x0000000010002164                watchdog_start_tick
 .text.xosc_init
                0x0000000010002174       0x28 minerMaster/CMakeFiles/minerMaster.dir/__/libraries/pico-sdk/src/rp2_common/hardware_xosc/xosc.c.obj
                0x0000000010002174                xosc_init
 .text._out_null
                0x000000001000219c        0x2 minerMaster/CMakeFiles/minerMaster.dir/__/libraries/pico-sdk/src/rp2_common/pico_printf/printf.c.obj
 .text._out_fct
                0x000000001000219e        0xe minerMaster/CMakeFiles/minerMaster.dir/__/libraries/pico-sdk/src/rp2_common/pico_printf/printf.c.obj
 .text._atoi    0x00000000100021ac       0x24 minerMaster/CMakeFiles/minerMaster.dir/__/libraries/pico-sdk/src/rp2_common/pico_printf/printf.c.obj
 .text._out_rev
                0x00000000100021d0       0xae minerMaster/CMakeFiles/minerMaster.dir/__/libraries/pico-sdk/src/rp2_common/pico_printf/printf.c.obj
 .text._ntoa_format
                0x000000001000227e      0x112 minerMaster/CMakeFiles/minerMaster.dir/__/libraries/pico-sdk/src/rp2_common/pico_printf/printf.c.obj
 .text._ntoa_long
                0x0000000010002390       0xbc minerMaster/CMakeFiles/minerMaster.dir/__/libraries/pico-sdk/src/rp2_common/pico_printf/printf.c.obj
 .text._ntoa_long_long
                0x000000001000244c       0xe2 minerMaster/CMakeFiles/minerMaster.dir/__/libraries/pico-sdk/src/rp2_common/pico_printf/printf.c.obj
 *fill*         0x000000001000252e        0x2 
 .text._etoa    0x0000000010002530      0x414 minerMaster/CMakeFiles/minerMaster.dir/__/libraries/pico-sdk/src/rp2_common/pico_printf/printf.c.obj
 .text._ftoa    0x0000000010002944      0x354 minerMaster/CMakeFiles/minerMaster.dir/__/libraries/pico-sdk/src/rp2_common/pico_printf/printf.c.obj
 .text._vsnprintf
                0x0000000010002c98      0x624 minerMaster/CMakeFiles/minerMaster.dir/__/libraries/pico-sdk/src/rp2_common/pico_printf/printf.c.obj
 .text.vfctprintf
                0x00000000100032bc       0x20 minerMaster/CMakeFiles/minerMaster.dir/__/libraries/pico-sdk/src/rp2_common/pico_printf/printf.c.obj
                0x00000000100032bc                vfctprintf
 .text          0x00000000100032dc       0x10 minerMaster/CMakeFiles/minerMaster.dir/__/libraries/pico-sdk/src/rp2_common/pico_bit_ops/bit_ops_aeabi.S.obj
 .text.rom_func_lookup
                0x00000000100032ec       0x10 minerMaster/CMakeFiles/minerMaster.dir/__/libraries/pico-sdk/src/rp2_common/pico_bootrom/bootrom.c.obj
                0x00000000100032ec                rom_func_lookup
 .text.rom_data_lookup
                0x00000000100032fc       0x10 minerMaster/CMakeFiles/minerMaster.dir/__/libraries/pico-sdk/src/rp2_common/pico_bootrom/bootrom.c.obj
                0x00000000100032fc                rom_data_lookup
 .text.rom_funcs_lookup
                0x000000001000330c       0x36 minerMaster/CMakeFiles/minerMaster.dir/__/libraries/pico-sdk/src/rp2_common/pico_bootrom/bootrom.c.obj
                0x000000001000330c                rom_funcs_lookup
 *fill*         0x0000000010003342        0x2 
 .text.__wrap___aeabi_idiv
                0x0000000010003344       0x50 minerMaster/CMakeFiles/minerMaster.dir/__/libraries/pico-sdk/src/rp2_common/pico_divider/divider.S.obj
                0x0000000010003344                __wrap___aeabi_idivmod
                0x0000000010003344                divmod_s32s32
                0x0000000010003344                div_s32s32
                0x0000000010003344                __wrap___aeabi_idiv
                0x000000001000334c                divmod_s32s32_unsafe
                0x0000000010003378                divmod_s32s32_savestate
 .text.__wrap___aeabi_uidiv
                0x0000000010003394       0x4c minerMaster/CMakeFiles/minerMaster.dir/__/libraries/pico-sdk/src/rp2_common/pico_divider/divider.S.obj
                0x0000000010003394                __wrap___aeabi_uidiv
                0x0000000010003394                __wrap___aeabi_uidivmod
                0x0000000010003394                div_u32u32
                0x0000000010003394                divmod_u32u32
                0x000000001000339c                divmod_u32u32_unsafe
                0x00000000100033c4                divmod_u32u32_savestate
 .text.__wrap___aeabi_ldiv
                0x00000000100033e0      0x434 minerMaster/CMakeFiles/minerMaster.dir/__/libraries/pico-sdk/src/rp2_common/pico_divider/divider.S.obj
                0x00000000100033e0                __wrap___aeabi_ldivmod
                0x00000000100033e0                div_s64s64
                0x00000000100033e0                divmod_s64s64
                0x0000000010003418                divmod_u64u64
                0x0000000010003418                div_u64u64
                0x0000000010003418                __wrap___aeabi_uldivmod
                0x0000000010003428                divmod_u64u64_savestate
                0x0000000010003450                divmod_s64s64_unsafe
                0x00000000100034d8                divmod_u64u64_unsafe
 .text.__wrap___aeabi_darithmetic
                0x0000000010003814       0x80 minerMaster/CMakeFiles/minerMaster.dir/__/libraries/pico-sdk/src/rp2_common/pico_double/double_aeabi.S.obj
                0x0000000010003814                __wrap___aeabi_drsub
                0x000000001000381a                __wrap___aeabi_dsub
                0x000000001000382c                __wrap___aeabi_dadd
                0x000000001000383e                __wrap___aeabi_ddiv
                0x000000001000387a                __wrap___aeabi_dmul
 .text.__wrap___aeabi_cdcmple
                0x0000000010003894       0x6c minerMaster/CMakeFiles/minerMaster.dir/__/libraries/pico-sdk/src/rp2_common/pico_double/double_aeabi.S.obj
                0x0000000010003894                __wrap___aeabi_cdrcmple
                0x00000000100038a4                __wrap___aeabi_cdcmple
                0x00000000100038a4                __wrap___aeabi_cdcmpeq
 .text.__wrap___aeabi_dcmplt
                0x0000000010003900        0xc minerMaster/CMakeFiles/minerMaster.dir/__/libraries/pico-sdk/src/rp2_common/pico_double/double_aeabi.S.obj
                0x0000000010003900                __wrap___aeabi_dcmplt
 .text.__wrap___aeabi_dcmple
                0x000000001000390c       0x10 minerMaster/CMakeFiles/minerMaster.dir/__/libraries/pico-sdk/src/rp2_common/pico_double/double_aeabi.S.obj
                0x000000001000390c                __wrap___aeabi_dcmple
 .text.__wrap___aeabi_dcmpge
                0x000000001000391c       0x10 minerMaster/CMakeFiles/minerMaster.dir/__/libraries/pico-sdk/src/rp2_common/pico_double/double_aeabi.S.obj
                0x000000001000391c                __wrap___aeabi_dcmpge
 .text.__wrap___aeabi_dcmpgt
                0x000000001000392c        0xa minerMaster/CMakeFiles/minerMaster.dir/__/libraries/pico-sdk/src/rp2_common/pico_double/double_aeabi.S.obj
                0x000000001000392c                __wrap___aeabi_dcmpgt
 .text.__wrap___aeabi_dcmpun
                0x0000000010003936       0x1c minerMaster/CMakeFiles/minerMaster.dir/__/libraries/pico-sdk/src/rp2_common/pico_double/double_aeabi.S.obj
                0x0000000010003936                __wrap___aeabi_dcmpun
 *fill*         0x0000000010003952        0x2 
 .text.__wrap___aeabi_i2d
                0x0000000010003954       0x38 minerMaster/CMakeFiles/minerMaster.dir/__/libraries/pico-sdk/src/rp2_common/pico_double/double_aeabi.S.obj
                0x0000000010003954                __wrap___aeabi_ui2d
                0x000000001000395c                __wrap___aeabi_i2d
 .text.__wrap___aeabi_d2iz
                0x000000001000398c       0x48 minerMaster/CMakeFiles/minerMaster.dir/__/libraries/pico-sdk/src/rp2_common/pico_double/double_aeabi.S.obj
                0x000000001000398c                __wrap___aeabi_d2iz
                0x000000001000398c                double2int_z
 .text.__wrap___aeabi_d2uiz
                0x00000000100039d4       0x18 minerMaster/CMakeFiles/minerMaster.dir/__/libraries/pico-sdk/src/rp2_common/pico_double/double_aeabi.S.obj
                0x00000000100039d4                double2uint
                0x00000000100039d4                __wrap___aeabi_d2uiz
 .text.__aeabi_double_init
                0x00000000100039ec       0xc8 minerMaster/CMakeFiles/minerMaster.dir/__/libraries/pico-sdk/src/rp2_common/pico_double/double_init_rom.c.obj
                0x00000000100039ec                __aeabi_double_init
 .text.double_table_shim_on_use_helper
                0x0000000010003ab4       0x34 minerMaster/CMakeFiles/minerMaster.dir/__/libraries/pico-sdk/src/rp2_common/pico_double/double_v1_rom_shim.S.obj
                0x0000000010003ab4                double_table_shim_on_use_helper
 .text.__wrap___aeabi_dsub
                0x0000000010003ae8       0x10 minerMaster/CMakeFiles/minerMaster.dir/__/libraries/pico-sdk/src/rp2_common/pico_double/double_v1_rom_shim.S.obj
                0x0000000010003ae8                drsub_shim
                0x0000000010003aee                dsub_shim
 .text.dadd_shim
                0x0000000010003af8      0x15c minerMaster/CMakeFiles/minerMaster.dir/__/libraries/pico-sdk/src/rp2_common/pico_double/double_v1_rom_shim.S.obj
                0x0000000010003af8                dadd_shim
 .text.dmul_shim
                0x0000000010003c54      0x15c minerMaster/CMakeFiles/minerMaster.dir/__/libraries/pico-sdk/src/rp2_common/pico_double/double_v1_rom_shim.S.obj
                0x0000000010003c54                dmul_shim
 .text.ddiv_shim
                0x0000000010003db0      0x1b0 minerMaster/CMakeFiles/minerMaster.dir/__/libraries/pico-sdk/src/rp2_common/pico_double/double_v1_rom_shim.S.obj
                0x0000000010003db0                ddiv_shim
 .text.double2uint_shim
                0x0000000010003f60        0xe minerMaster/CMakeFiles/minerMaster.dir/__/libraries/pico-sdk/src/rp2_common/pico_double/double_v1_rom_shim.S.obj
                0x0000000010003f60                double2uint_shim
                0x0000000010003f62                double2ufix_shim
 *fill*         0x0000000010003f6e        0x2 
 .text.double2uint64_shim
                0x0000000010003f70       0x70 minerMaster/CMakeFiles/minerMaster.dir/__/libraries/pico-sdk/src/rp2_common/pico_double/double_v1_rom_shim.S.obj
                0x0000000010003f70                double2uint64_shim
                0x0000000010003f72                double2ufix64_shim
                0x0000000010003f92                d2fix_a
 .text.dunpacks
                0x0000000010003fe0       0x3c minerMaster/CMakeFiles/minerMaster.dir/__/libraries/pico-sdk/src/rp2_common/pico_double/double_v1_rom_shim.S.obj
                0x0000000010003fe0                dunpacks
 .text.__aeabi_lmul
                0x000000001000401c       0x32 minerMaster/CMakeFiles/minerMaster.dir/__/libraries/pico-sdk/src/rp2_common/pico_int64_ops/pico_int64_ops_aeabi.S.obj
                0x000000001000401c                __wrap___aeabi_lmul
 *fill*         0x000000001000404e        0x2 
 .text.__aeabi_float_init
                0x0000000010004050       0xfc minerMaster/CMakeFiles/minerMaster.dir/__/libraries/pico-sdk/src/rp2_common/pico_float/float_init_rom.c.obj
                0x0000000010004050                __aeabi_float_init
 .text.float_table_shim_on_use_helper
                0x000000001000414c       0x34 minerMaster/CMakeFiles/minerMaster.dir/__/libraries/pico-sdk/src/rp2_common/pico_float/float_v1_rom_shim.S.obj
                0x000000001000414c                float_table_shim_on_use_helper
 .text          0x0000000010004180       0x10 minerMaster/CMakeFiles/minerMaster.dir/__/libraries/pico-sdk/src/rp2_common/pico_mem_ops/mem_ops_aeabi.S.obj
                0x0000000010004180                __aeabi_mem_init
 .text.memset   0x0000000010004190        0xc minerMaster/CMakeFiles/minerMaster.dir/__/libraries/pico-sdk/src/rp2_common/pico_mem_ops/mem_ops_aeabi.S.obj
                0x0000000010004190                __wrap_memset
 .text.memcpy   0x000000001000419c        0xc minerMaster/CMakeFiles/minerMaster.dir/__/libraries/pico-sdk/src/rp2_common/pico_mem_ops/mem_ops_aeabi.S.obj
                0x000000001000419c                __wrap___aeabi_memcpy
                0x000000001000419c                __wrap_memcpy
 .text.stdio_out_chars_no_crlf
                0x00000000100041a8        0xe minerMaster/CMakeFiles/minerMaster.dir/__/libraries/pico-sdk/src/rp2_common/pico_stdio/stdio.c.obj
 *fill*         0x00000000100041b6        0x2 
 .text.stdio_out_chars_crlf
                0x00000000100041b8       0x80 minerMaster/CMakeFiles/minerMaster.dir/__/libraries/pico-sdk/src/rp2_common/pico_stdio/stdio.c.obj
 .text.stdio_stack_buffer_flush
                0x0000000010004238       0x44 minerMaster/CMakeFiles/minerMaster.dir/__/libraries/pico-sdk/src/rp2_common/pico_stdio/stdio.c.obj
 .text.stdio_buffered_printer
                0x000000001000427c       0x20 minerMaster/CMakeFiles/minerMaster.dir/__/libraries/pico-sdk/src/rp2_common/pico_stdio/stdio.c.obj
 .text.stdout_serialize_begin
                0x000000001000429c       0x30 minerMaster/CMakeFiles/minerMaster.dir/__/libraries/pico-sdk/src/rp2_common/pico_stdio/stdio.c.obj
                0x000000001000429c                stdout_serialize_begin
 .text.stdout_serialize_end
                0x00000000100042cc       0x10 minerMaster/CMakeFiles/minerMaster.dir/__/libraries/pico-sdk/src/rp2_common/pico_stdio/stdio.c.obj
                0x00000000100042cc                stdout_serialize_end
 .text.stdio_put_string
                0x00000000100042dc       0x98 minerMaster/CMakeFiles/minerMaster.dir/__/libraries/pico-sdk/src/rp2_common/pico_stdio/stdio.c.obj
 .text.stdio_set_driver_enabled
                0x0000000010004374       0x2c minerMaster/CMakeFiles/minerMaster.dir/__/libraries/pico-sdk/src/rp2_common/pico_stdio/stdio.c.obj
                0x0000000010004374                stdio_set_driver_enabled
 .text.stdio_flush
                0x00000000100043a0       0x20 minerMaster/CMakeFiles/minerMaster.dir/__/libraries/pico-sdk/src/rp2_common/pico_stdio/stdio.c.obj
                0x00000000100043a0                stdio_flush
 .text.__wrap_puts
                0x00000000100043c0       0x1e minerMaster/CMakeFiles/minerMaster.dir/__/libraries/pico-sdk/src/rp2_common/pico_stdio/stdio.c.obj
                0x00000000100043c0                __wrap_puts
 *fill*         0x00000000100043de        0x2 
 .text.__wrap_vprintf
                0x00000000100043e0       0x44 minerMaster/CMakeFiles/minerMaster.dir/__/libraries/pico-sdk/src/rp2_common/pico_stdio/stdio.c.obj
                0x00000000100043e0                __wrap_vprintf
 .text.__wrap_printf
                0x0000000010004424       0x18 minerMaster/CMakeFiles/minerMaster.dir/__/libraries/pico-sdk/src/rp2_common/pico_stdio/stdio.c.obj
                0x0000000010004424                __wrap_printf
 .text.stdio_init_all
                0x000000001000443c        0x8 minerMaster/CMakeFiles/minerMaster.dir/__/libraries/pico-sdk/src/rp2_common/pico_stdio/stdio.c.obj
                0x000000001000443c                stdio_init_all
 .text.stdio_uart_out_chars
                0x0000000010004444       0x74 minerMaster/CMakeFiles/minerMaster.dir/__/libraries/pico-sdk/src/rp2_common/pico_stdio_uart/stdio_uart.c.obj
 .text.stdio_uart_in_chars
                0x00000000100044b8       0x58 minerMaster/CMakeFiles/minerMaster.dir/__/libraries/pico-sdk/src/rp2_common/pico_stdio_uart/stdio_uart.c.obj
                0x00000000100044b8                stdio_uart_in_chars
 .text.stdio_uart_init_full
                0x0000000010004510       0x3c minerMaster/CMakeFiles/minerMaster.dir/__/libraries/pico-sdk/src/rp2_common/pico_stdio_uart/stdio_uart.c.obj
                0x0000000010004510                stdio_uart_init_full
 .text.stdio_uart_init
                0x000000001000454c       0x28 minerMaster/CMakeFiles/minerMaster.dir/__/libraries/pico-sdk/src/rp2_common/pico_stdio_uart/stdio_uart.c.obj
                0x000000001000454c                stdio_uart_init
 .text._retrieve_unique_id_on_boot
                0x0000000010004574       0x10 minerMaster/CMakeFiles/minerMaster.dir/__/libraries/pico-sdk/src/rp2_common/pico_unique_id/unique_id.c.obj
 .text.flash_get_unique_id
                0x0000000010004584       0x46 minerMaster/CMakeFiles/minerMaster.dir/__/libraries/pico-sdk/src/rp2_common/hardware_flash/flash.c.obj
                0x0000000010004584                flash_get_unique_id
 *fill*         0x00000000100045ca        0x2 
 .text.i2c_slave_deinit
                0x00000000100045cc       0xa8 minerMaster/CMakeFiles/minerMaster.dir/__/i2c_slave/i2c_slave.c.obj
                0x00000000100045cc                i2c_slave_deinit
 .text.i2c_write_blocking_internal
                0x0000000010004674      0x140 minerMaster/CMakeFiles/minerMaster.dir/__/libraries/pico-sdk/src/rp2_common/hardware_i2c/i2c.c.obj
 .text.i2c_set_baudrate
                0x00000000100047b4       0xf0 minerMaster/CMakeFiles/minerMaster.dir/__/libraries/pico-sdk/src/rp2_common/hardware_i2c/i2c.c.obj
                0x00000000100047b4                i2c_set_baudrate
 .text.i2c_init
                0x00000000100048a4       0x58 minerMaster/CMakeFiles/minerMaster.dir/__/libraries/pico-sdk/src/rp2_common/hardware_i2c/i2c.c.obj
                0x00000000100048a4                i2c_init
 .text.i2c_set_slave_mode
                0x00000000100048fc       0x48 minerMaster/CMakeFiles/minerMaster.dir/__/libraries/pico-sdk/src/rp2_common/hardware_i2c/i2c.c.obj
                0x00000000100048fc                i2c_set_slave_mode
 .text.i2c_write_blocking
                0x0000000010004944       0x18 minerMaster/CMakeFiles/minerMaster.dir/__/libraries/pico-sdk/src/rp2_common/hardware_i2c/i2c.c.obj
                0x0000000010004944                i2c_write_blocking
 .text._ZN7TwoWireC2Ev
                0x000000001000495c       0x18 minerMaster/CMakeFiles/minerMaster.dir/__/utils/Wire.cpp.obj
                0x000000001000495c                TwoWire::TwoWire()
                0x000000001000495c                TwoWire::TwoWire()
 .text._Z41__static_initialization_and_destruction_0ii
                0x0000000010004974       0x28 minerMaster/CMakeFiles/minerMaster.dir/__/utils/Wire.cpp.obj
 .text._ZNK7TwoWire3i2cEv
                0x000000001000499c       0x44 minerMaster/CMakeFiles/minerMaster.dir/__/utils/Wire.cpp.obj
                0x000000001000499c                TwoWire::i2c() const
 .text._ZN7TwoWire5beginEv
                0x00000000100049e0       0x48 minerMaster/CMakeFiles/minerMaster.dir/__/utils/Wire.cpp.obj
                0x00000000100049e0                TwoWire::begin()
 .text._ZN7TwoWire17beginTransmissionEh
                0x0000000010004a28       0x5c minerMaster/CMakeFiles/minerMaster.dir/__/utils/Wire.cpp.obj
                0x0000000010004a28                TwoWire::beginTransmission(unsigned char)
 .text._ZN7TwoWire15endTransmissionEb
                0x0000000010004a84       0x98 minerMaster/CMakeFiles/minerMaster.dir/__/utils/Wire.cpp.obj
                0x0000000010004a84                TwoWire::endTransmission(bool)
 .text._ZN7TwoWire5writeEh
                0x0000000010004b1c       0x80 minerMaster/CMakeFiles/minerMaster.dir/__/utils/Wire.cpp.obj
                0x0000000010004b1c                TwoWire::write(unsigned char)
 .text._ZN7TwoWire9onReceiveEPFviE
                0x0000000010004b9c        0x4 minerMaster/CMakeFiles/minerMaster.dir/__/utils/Wire.cpp.obj
                0x0000000010004b9c                TwoWire::onReceive(void (*)(int))
 .text._ZN7TwoWire9onRequestEPFvvE
                0x0000000010004ba0        0x4 minerMaster/CMakeFiles/minerMaster.dir/__/utils/Wire.cpp.obj
                0x0000000010004ba0                TwoWire::onRequest(void (*)())
 .text._GLOBAL__sub_I_Wire
                0x0000000010004ba4       0x10 minerMaster/CMakeFiles/minerMaster.dir/__/utils/Wire.cpp.obj
 .text.strlen   0x0000000010004bb4       0x5c /Applications/ARM/bin/../lib/gcc/arm-none-eabi/10.3.1/../../../../arm-none-eabi/lib/thumb/v6-m/nofp/libg.a(lib_a-strlen-stub.o)
                0x0000000010004bb4                strlen
 *(.fini)
 .fini          0x0000000010004c10        0x4 /Applications/ARM/bin/../lib/gcc/arm-none-eabi/10.3.1/thumb/v6-m/nofp/crti.o
                0x0000000010004c10                _fini
 *fill*         0x0000000010004c14        0x4 
 .fini.__stub   0x0000000010004c18       0x60 linker stubs
 *crtbegin.o(.ctors)
 *crtbegin?.o(.ctors)
 *(EXCLUDE_FILE(*crtend.o *crtend?.o) .ctors)
 *(SORT_BY_NAME(.ctors.*))
 *(.ctors)
 *crtbegin.o(.dtors)
 *crtbegin?.o(.dtors)
 *(EXCLUDE_FILE(*crtend.o *crtend?.o) .dtors)
 *(SORT_BY_NAME(.dtors.*))
 *(.dtors)
 *(.eh_frame*)
 .eh_frame      0x0000000010004c78        0x0 /Applications/ARM/bin/../lib/gcc/arm-none-eabi/10.3.1/thumb/v6-m/nofp/crtbegin.o
                0x0000000010004c78                . = ALIGN (0x4)

.glue_7         0x0000000010004c78        0x0
 .glue_7        0x0000000010004c78        0x0 linker stubs

.glue_7t        0x0000000010004c78        0x0
 .glue_7t       0x0000000010004c78        0x0 linker stubs

.vfp11_veneer   0x0000000010004c78        0x0
 .vfp11_veneer  0x0000000010004c78        0x0 linker stubs

.v4_bx          0x0000000010004c78        0x0
 .v4_bx         0x0000000010004c78        0x0 linker stubs

.iplt           0x0000000010004c78        0x0
 .iplt          0x0000000010004c78        0x0 /Applications/ARM/bin/../lib/gcc/arm-none-eabi/10.3.1/thumb/v6-m/nofp/crtbegin.o

.rodata         0x0000000010004c78     0x1a00
 *(EXCLUDE_FILE(*libm.a: *libc.a:*lib_a-mem*.o *libgcc.a:) .rodata*)
 .rodata._ZL16slave_on_receivei.str1.4
                0x0000000010004c78      0x154 minerMaster/CMakeFiles/minerMaster.dir/minerMaster.cpp.obj
 .rodata.main.str1.4
                0x0000000010004dcc       0x65 minerMaster/CMakeFiles/minerMaster.dir/minerMaster.cpp.obj
 *fill*         0x0000000010004e31        0x3 
 .rodata.str1.4
                0x0000000010004e34       0x56 minerMaster/CMakeFiles/minerMaster.dir/minerMaster.cpp.obj
 *fill*         0x0000000010004e8a        0x2 
 .rodata._ZZ4mainE7__bi_45
                0x0000000010004e8c        0xc minerMaster/CMakeFiles/minerMaster.dir/minerMaster.cpp.obj
 .rodata._ZZ4mainE7__bi_46
                0x0000000010004e98        0xc minerMaster/CMakeFiles/minerMaster.dir/minerMaster.cpp.obj
 .rodata.make_branch.str1.4
                0x0000000010004ea4       0xac minerMaster/CMakeFiles/minerMaster.dir/__/libraries/pico-sdk/src/rp2_common/hardware_irq/irq.c.obj
 .rodata.insert_branch_and_link.str1.4
                0x0000000010004f50       0x10 minerMaster/CMakeFiles/minerMaster.dir/__/libraries/pico-sdk/src/rp2_common/hardware_irq/irq.c.obj
 .rodata.irq_set_exclusive_handler.str1.4
                0x0000000010004f60       0x36 minerMaster/CMakeFiles/minerMaster.dir/__/libraries/pico-sdk/src/rp2_common/hardware_irq/irq.c.obj
 *fill*         0x0000000010004f96        0x2 
 .rodata.irq_add_shared_handler.str1.4
                0x0000000010004f98       0xd9 minerMaster/CMakeFiles/minerMaster.dir/__/libraries/pico-sdk/src/rp2_common/hardware_irq/irq.c.obj
 *fill*         0x0000000010005071        0x3 
 .rodata.irq_remove_handler.str1.4
                0x0000000010005074       0x2a minerMaster/CMakeFiles/minerMaster.dir/__/libraries/pico-sdk/src/rp2_common/hardware_irq/irq.c.obj
 *fill*         0x000000001000509e        0x2 
 .rodata.irq_add_tail_to_free_list.str1.4
                0x00000000100050a0       0x3a minerMaster/CMakeFiles/minerMaster.dir/__/libraries/pico-sdk/src/rp2_common/hardware_irq/irq.c.obj
 *fill*         0x00000000100050da        0x2 
 .rodata.__func__.0
                0x00000000100050dc       0x1a minerMaster/CMakeFiles/minerMaster.dir/__/libraries/pico-sdk/src/rp2_common/hardware_irq/irq.c.obj
 *fill*         0x00000000100050f6        0x2 
 .rodata.__func__.1
                0x00000000100050f8       0x17 minerMaster/CMakeFiles/minerMaster.dir/__/libraries/pico-sdk/src/rp2_common/hardware_irq/irq.c.obj
 *fill*         0x000000001000510f        0x1 
 .rodata.__func__.2
                0x0000000010005110       0x13 minerMaster/CMakeFiles/minerMaster.dir/__/libraries/pico-sdk/src/rp2_common/hardware_irq/irq.c.obj
 *fill*         0x0000000010005123        0x1 
 .rodata.__func__.3
                0x0000000010005124        0xc minerMaster/CMakeFiles/minerMaster.dir/__/libraries/pico-sdk/src/rp2_common/hardware_irq/irq.c.obj
 .rodata.__func__.4
                0x0000000010005130        0xf minerMaster/CMakeFiles/minerMaster.dir/__/libraries/pico-sdk/src/rp2_common/hardware_irq/irq.c.obj
 *fill*         0x000000001000513f        0x1 
 .rodata.__func__.6
                0x0000000010005140       0x1a minerMaster/CMakeFiles/minerMaster.dir/__/libraries/pico-sdk/src/rp2_common/hardware_irq/irq.c.obj
 *fill*         0x000000001000515a        0x2 
 .rodata.repeating_timer_callback.str1.4
                0x000000001000515c       0x8a minerMaster/CMakeFiles/minerMaster.dir/__/libraries/pico-sdk/src/common/pico_time/time.c.obj
 *fill*         0x00000000100051e6        0x2 
 .rodata.alarm_pool_dump_key.str1.4
                0x00000000100051e8       0x33 minerMaster/CMakeFiles/minerMaster.dir/__/libraries/pico-sdk/src/common/pico_time/time.c.obj
 *fill*         0x000000001000521b        0x1 
 .rodata.ph_add_child_node.str1.4
                0x000000001000521c       0xd6 minerMaster/CMakeFiles/minerMaster.dir/__/libraries/pico-sdk/src/common/pico_time/time.c.obj
 *fill*         0x00000000100052f2        0x2 
 .rodata.add_alarm_under_lock.str1.4
                0x00000000100052f4       0x28 minerMaster/CMakeFiles/minerMaster.dir/__/libraries/pico-sdk/src/common/pico_time/time.c.obj
                                         0x2b (size before relaxing)
 .rodata.alarm_pool_alarm_callback.str1.4
                0x000000001000531c      0x122 minerMaster/CMakeFiles/minerMaster.dir/__/libraries/pico-sdk/src/common/pico_time/time.c.obj
 *fill*         0x000000001000543e        0x2 
 .rodata.alarm_pool_get_default.str1.4
                0x0000000010005440       0x21 minerMaster/CMakeFiles/minerMaster.dir/__/libraries/pico-sdk/src/common/pico_time/time.c.obj
 *fill*         0x0000000010005461        0x3 
 .rodata.sleep_until.str1.4
                0x0000000010005464       0x4d minerMaster/CMakeFiles/minerMaster.dir/__/libraries/pico-sdk/src/common/pico_time/time.c.obj
 *fill*         0x00000000100054b1        0x3 
 .rodata.__func__.10
                0x00000000100054b4       0x15 minerMaster/CMakeFiles/minerMaster.dir/__/libraries/pico-sdk/src/common/pico_time/time.c.obj
 *fill*         0x00000000100054c9        0x3 
 .rodata.__func__.11
                0x00000000100054cc       0x1a minerMaster/CMakeFiles/minerMaster.dir/__/libraries/pico-sdk/src/common/pico_time/time.c.obj
 *fill*         0x00000000100054e6        0x2 
 .rodata.__func__.12
                0x00000000100054e8        0xa minerMaster/CMakeFiles/minerMaster.dir/__/libraries/pico-sdk/src/common/pico_time/time.c.obj
 *fill*         0x00000000100054f2        0x2 
 .rodata.__func__.3
                0x00000000100054f4       0x17 minerMaster/CMakeFiles/minerMaster.dir/__/libraries/pico-sdk/src/common/pico_time/time.c.obj
 *fill*         0x000000001000550b        0x1 
 .rodata.__func__.4
                0x000000001000550c       0x12 minerMaster/CMakeFiles/minerMaster.dir/__/libraries/pico-sdk/src/common/pico_time/time.c.obj
 *fill*         0x000000001000551e        0x2 
 .rodata.__func__.5
                0x0000000010005520        0xd minerMaster/CMakeFiles/minerMaster.dir/__/libraries/pico-sdk/src/common/pico_time/time.c.obj
 *fill*         0x000000001000552d        0x3 
 .rodata.__func__.6
                0x0000000010005530       0x12 minerMaster/CMakeFiles/minerMaster.dir/__/libraries/pico-sdk/src/common/pico_time/time.c.obj
 *fill*         0x0000000010005542        0x2 
 .rodata.__func__.7
                0x0000000010005544        0xf minerMaster/CMakeFiles/minerMaster.dir/__/libraries/pico-sdk/src/common/pico_time/time.c.obj
 *fill*         0x0000000010005553        0x1 
 .rodata.__func__.8
                0x0000000010005554        0xc minerMaster/CMakeFiles/minerMaster.dir/__/libraries/pico-sdk/src/common/pico_time/time.c.obj
 .rodata.__func__.9
                0x0000000010005560       0x15 minerMaster/CMakeFiles/minerMaster.dir/__/libraries/pico-sdk/src/common/pico_time/time.c.obj
 *fill*         0x0000000010005575        0x3 
 .rodata.hardware_alarm_claim.str1.4
                0x0000000010005578       0x22 minerMaster/CMakeFiles/minerMaster.dir/__/libraries/pico-sdk/src/rp2_common/hardware_timer/timer.c.obj
 *fill*         0x000000001000559a        0x2 
 .rodata.hardware_alarm_set_target.str1.4
                0x000000001000559c       0xa4 minerMaster/CMakeFiles/minerMaster.dir/__/libraries/pico-sdk/src/rp2_common/hardware_timer/timer.c.obj
 .rodata.__func__.0
                0x0000000010005640       0x1a minerMaster/CMakeFiles/minerMaster.dir/__/libraries/pico-sdk/src/rp2_common/hardware_timer/timer.c.obj
 .rodata.ph_add_child_node.str1.4
                0x000000001000565a       0xd6 minerMaster/CMakeFiles/minerMaster.dir/__/libraries/pico-sdk/src/common/pico_util/pheap.c.obj
 *fill*         0x000000001000565a        0x2 
 .rodata.ph_remove_any_head.str1.4
                0x000000001000565c       0xcc minerMaster/CMakeFiles/minerMaster.dir/__/libraries/pico-sdk/src/common/pico_util/pheap.c.obj
 .rodata.ph_remove_and_free_node.str1.4
                0x0000000010005728       0x1e minerMaster/CMakeFiles/minerMaster.dir/__/libraries/pico-sdk/src/common/pico_util/pheap.c.obj
                                         0x26 (size before relaxing)
 *fill*         0x0000000010005746        0x2 
 .rodata.__func__.0
                0x0000000010005748       0x18 minerMaster/CMakeFiles/minerMaster.dir/__/libraries/pico-sdk/src/common/pico_util/pheap.c.obj
 .rodata.__func__.1
                0x0000000010005760       0x13 minerMaster/CMakeFiles/minerMaster.dir/__/libraries/pico-sdk/src/common/pico_util/pheap.c.obj
 *fill*         0x0000000010005773        0x1 
 .rodata.__func__.2
                0x0000000010005774       0x12 minerMaster/CMakeFiles/minerMaster.dir/__/libraries/pico-sdk/src/common/pico_util/pheap.c.obj
 *fill*         0x0000000010005786        0x2 
 .rodata.__func__.3
                0x0000000010005788        0xc minerMaster/CMakeFiles/minerMaster.dir/__/libraries/pico-sdk/src/common/pico_util/pheap.c.obj
 .rodata.str1.4
                0x0000000010005794       0xc9 minerMaster/CMakeFiles/minerMaster.dir/__/libraries/pico-sdk/src/common/pico_sync/mutex.c.obj
                                        0x169 (size before relaxing)
 *fill*         0x000000001000585d        0x3 
 .rodata.__func__.1
                0x0000000010005860        0xb minerMaster/CMakeFiles/minerMaster.dir/__/libraries/pico-sdk/src/common/pico_sync/mutex.c.obj
 *fill*         0x000000001000586b        0x1 
 .rodata.__assert_func.str1.4
                0x000000001000586c       0x3f minerMaster/CMakeFiles/minerMaster.dir/__/libraries/pico-sdk/src/rp2_common/pico_runtime/runtime.c.obj
                                         0x43 (size before relaxing)
 *fill*         0x00000000100058ab        0x1 
 .rodata.runtime_init.str1.4
                0x00000000100058ac       0xa0 minerMaster/CMakeFiles/minerMaster.dir/__/libraries/pico-sdk/src/rp2_common/pico_runtime/runtime.c.obj
 .rodata.panic.str1.4
                0x000000001000594c       0x12 minerMaster/CMakeFiles/minerMaster.dir/__/libraries/pico-sdk/src/rp2_common/pico_runtime/runtime.c.obj
 *fill*         0x000000001000595e        0x2 
 .rodata.__func__.1
                0x0000000010005960        0xd minerMaster/CMakeFiles/minerMaster.dir/__/libraries/pico-sdk/src/rp2_common/pico_runtime/runtime.c.obj
 *fill*         0x000000001000596d        0x3 
 .rodata.clock_configure.str1.4
                0x0000000010005970       0x96 minerMaster/CMakeFiles/minerMaster.dir/__/libraries/pico-sdk/src/rp2_common/hardware_clocks/clocks.c.obj
 *fill*         0x0000000010005a06        0x2 
 .rodata.__func__.1
                0x0000000010005a08       0x10 minerMaster/CMakeFiles/minerMaster.dir/__/libraries/pico-sdk/src/rp2_common/hardware_clocks/clocks.c.obj
 .rodata.pll_init.str1.4
                0x0000000010005a18      0x177 minerMaster/CMakeFiles/minerMaster.dir/__/libraries/pico-sdk/src/rp2_common/hardware_pll/pll.c.obj
 *fill*         0x0000000010005b8f        0x1 
 .rodata.__func__.0
                0x0000000010005b90        0x9 minerMaster/CMakeFiles/minerMaster.dir/__/libraries/pico-sdk/src/rp2_common/hardware_pll/pll.c.obj
 *fill*         0x0000000010005b99        0x3 
 .rodata._ftoa.str1.4
                0x0000000010005b9c       0x15 minerMaster/CMakeFiles/minerMaster.dir/__/libraries/pico-sdk/src/rp2_common/pico_printf/printf.c.obj
 *fill*         0x0000000010005bb1        0x3 
 .rodata._vsnprintf
                0x0000000010005bb4      0x1e0 minerMaster/CMakeFiles/minerMaster.dir/__/libraries/pico-sdk/src/rp2_common/pico_printf/printf.c.obj
 *fill*         0x0000000010005d94        0x4 
 .rodata.pow10.0
                0x0000000010005d98       0x50 minerMaster/CMakeFiles/minerMaster.dir/__/libraries/pico-sdk/src/rp2_common/pico_printf/printf.c.obj
 .rodata.__aeabi_double_init.str1.4
                0x0000000010005de8       0xe7 minerMaster/CMakeFiles/minerMaster.dir/__/libraries/pico-sdk/src/rp2_common/pico_double/double_init_rom.c.obj
 *fill*         0x0000000010005ecf        0x1 
 .rodata.__func__.0
                0x0000000010005ed0       0x14 minerMaster/CMakeFiles/minerMaster.dir/__/libraries/pico-sdk/src/rp2_common/pico_double/double_init_rom.c.obj
 .rodata.__aeabi_float_init.str1.4
                0x0000000010005ee4       0xb9 minerMaster/CMakeFiles/minerMaster.dir/__/libraries/pico-sdk/src/rp2_common/pico_float/float_init_rom.c.obj
                                         0xbd (size before relaxing)
 *fill*         0x0000000010005f9d        0x3 
 .rodata.__func__.0
                0x0000000010005fa0       0x13 minerMaster/CMakeFiles/minerMaster.dir/__/libraries/pico-sdk/src/rp2_common/pico_float/float_init_rom.c.obj
 *fill*         0x0000000010005fb3        0x1 
 .rodata.str1.4
                0x0000000010005fb4       0x40 minerMaster/CMakeFiles/minerMaster.dir/__/libraries/pico-sdk/src/rp2_common/pico_standard_link/binary_info.c.obj
 .rodata.__bi_44
                0x0000000010005ff4        0xc minerMaster/CMakeFiles/minerMaster.dir/__/libraries/pico-sdk/src/rp2_common/pico_standard_link/binary_info.c.obj
 .rodata.__bi_75
                0x0000000010006000        0xc minerMaster/CMakeFiles/minerMaster.dir/__/libraries/pico-sdk/src/rp2_common/pico_standard_link/binary_info.c.obj
 .rodata.__bi_81
                0x000000001000600c        0xc minerMaster/CMakeFiles/minerMaster.dir/__/libraries/pico-sdk/src/rp2_common/pico_standard_link/binary_info.c.obj
 .rodata.crlf_str.3
                0x0000000010006018        0x2 minerMaster/CMakeFiles/minerMaster.dir/__/libraries/pico-sdk/src/rp2_common/pico_stdio/stdio.c.obj
 *fill*         0x000000001000601a        0x2 
 .rodata.str1.4
                0x000000001000601c       0x2c minerMaster/CMakeFiles/minerMaster.dir/__/libraries/pico-sdk/src/rp2_common/pico_stdio_uart/stdio_uart.c.obj
 .rodata.__bi_28.4
                0x0000000010006048        0xc minerMaster/CMakeFiles/minerMaster.dir/__/libraries/pico-sdk/src/rp2_common/pico_stdio_uart/stdio_uart.c.obj
 .rodata.__bi_29.5
                0x0000000010006054        0x8 minerMaster/CMakeFiles/minerMaster.dir/__/libraries/pico-sdk/src/rp2_common/pico_stdio_uart/stdio_uart.c.obj
 .rodata.str1.4
                0x000000001000605c      0x196 minerMaster/CMakeFiles/minerMaster.dir/__/libraries/pico-sdk/src/rp2_common/hardware_flash/flash.c.obj
 *fill*         0x00000000100061f2        0x2 
 .rodata.__func__.0
                0x00000000100061f4        0xd minerMaster/CMakeFiles/minerMaster.dir/__/libraries/pico-sdk/src/rp2_common/hardware_flash/flash.c.obj
 *fill*         0x0000000010006201        0x3 
 .rodata.i2c_slave_init.str1.4
                0x0000000010006204       0x8c minerMaster/CMakeFiles/minerMaster.dir/__/i2c_slave/i2c_slave.c.obj
 .rodata.i2c_slave_deinit.str1.4
                0x0000000010006290       0x12 minerMaster/CMakeFiles/minerMaster.dir/__/i2c_slave/i2c_slave.c.obj
 *fill*         0x00000000100062a2        0x2 
 .rodata.__func__.0
                0x00000000100062a4       0x11 minerMaster/CMakeFiles/minerMaster.dir/__/i2c_slave/i2c_slave.c.obj
 *fill*         0x00000000100062b5        0x3 
 .rodata.i2c_set_baudrate.str1.4
                0x00000000100062b8       0x9c minerMaster/CMakeFiles/minerMaster.dir/__/libraries/pico-sdk/src/rp2_common/hardware_i2c/i2c.c.obj
 .rodata.__func__.0
                0x0000000010006354       0x11 minerMaster/CMakeFiles/minerMaster.dir/__/libraries/pico-sdk/src/rp2_common/hardware_i2c/i2c.c.obj
 *fill*         0x0000000010006365        0x3 
 .rodata.str1.4
                0x0000000010006368      0x196 minerMaster/CMakeFiles/minerMaster.dir/__/utils/Wire.cpp.obj
 *fill*         0x00000000100064fe        0x2 
 .rodata._ZNK7TwoWire3i2cEv.str1.4
                0x0000000010006500       0x41 minerMaster/CMakeFiles/minerMaster.dir/__/utils/Wire.cpp.obj
 *fill*         0x0000000010006541        0x3 
 .rodata._ZN7TwoWire5beginEv.str1.4
                0x0000000010006544       0x16 minerMaster/CMakeFiles/minerMaster.dir/__/utils/Wire.cpp.obj
                                         0x32 (size before relaxing)
 *fill*         0x000000001000655a        0x2 
 .rodata._ZN7TwoWire17beginTransmissionEh.str1.4
                0x000000001000655c       0x52 minerMaster/CMakeFiles/minerMaster.dir/__/utils/Wire.cpp.obj
 *fill*         0x00000000100065ae        0x2 
 .rodata._ZN7TwoWire15endTransmissionEb.str1.4
                0x00000000100065b0       0x51 minerMaster/CMakeFiles/minerMaster.dir/__/utils/Wire.cpp.obj
 *fill*         0x0000000010006601        0x3 
 .rodata._ZN7TwoWire5writeEh.str1.4
                0x0000000010006604       0x72 minerMaster/CMakeFiles/minerMaster.dir/__/utils/Wire.cpp.obj
                                         0x86 (size before relaxing)
                0x0000000010006678                . = ALIGN (0x4)
 *fill*         0x0000000010006676        0x2 
 *(SORT_BY_ALIGNMENT(SORT_BY_NAME(.flashdata*)))
                0x0000000010006678                . = ALIGN (0x4)

.rel.dyn        0x0000000010006678        0x0
 .rel.iplt      0x0000000010006678        0x0 /Applications/ARM/bin/../lib/gcc/arm-none-eabi/10.3.1/thumb/v6-m/nofp/crtbegin.o

.ARM.extab
 *(.ARM.extab* .gnu.linkonce.armextab.*)
                0x0000000010006678                __exidx_start = .

.ARM.exidx
 *(.ARM.exidx* .gnu.linkonce.armexidx.*)
                0x0000000010006678                __exidx_end = .
                0x0000000010006678                . = ALIGN (0x4)
                0x0000000010006678                __binary_info_start = .

.binary_info    0x0000000010006678       0x2c
 *(.binary_info.keep.*)
 .binary_info.keep.__bi_ptr45
                0x0000000010006678        0x4 minerMaster/CMakeFiles/minerMaster.dir/minerMaster.cpp.obj
 .binary_info.keep.__bi_ptr46
                0x000000001000667c        0x4 minerMaster/CMakeFiles/minerMaster.dir/minerMaster.cpp.obj
 .binary_info.keep.__bi_ptr22
                0x0000000010006680        0x4 minerMaster/CMakeFiles/minerMaster.dir/__/libraries/pico-sdk/src/rp2_common/pico_standard_link/binary_info.c.obj
 .binary_info.keep.__bi_ptr30
                0x0000000010006684        0x4 minerMaster/CMakeFiles/minerMaster.dir/__/libraries/pico-sdk/src/rp2_common/pico_standard_link/binary_info.c.obj
 .binary_info.keep.__bi_ptr38
                0x0000000010006688        0x4 minerMaster/CMakeFiles/minerMaster.dir/__/libraries/pico-sdk/src/rp2_common/pico_standard_link/binary_info.c.obj
 .binary_info.keep.__bi_ptr44
                0x000000001000668c        0x4 minerMaster/CMakeFiles/minerMaster.dir/__/libraries/pico-sdk/src/rp2_common/pico_standard_link/binary_info.c.obj
 .binary_info.keep.__bi_ptr50
                0x0000000010006690        0x4 minerMaster/CMakeFiles/minerMaster.dir/__/libraries/pico-sdk/src/rp2_common/pico_standard_link/binary_info.c.obj
 .binary_info.keep.__bi_ptr75
                0x0000000010006694        0x4 minerMaster/CMakeFiles/minerMaster.dir/__/libraries/pico-sdk/src/rp2_common/pico_standard_link/binary_info.c.obj
 .binary_info.keep.__bi_ptr81
                0x0000000010006698        0x4 minerMaster/CMakeFiles/minerMaster.dir/__/libraries/pico-sdk/src/rp2_common/pico_standard_link/binary_info.c.obj
 *(.binary_info.*)
 .binary_info.__bi_ptr28
                0x000000001000669c        0x4 minerMaster/CMakeFiles/minerMaster.dir/__/libraries/pico-sdk/src/rp2_common/pico_stdio_uart/stdio_uart.c.obj
 .binary_info.__bi_ptr29
                0x00000000100066a0        0x4 minerMaster/CMakeFiles/minerMaster.dir/__/libraries/pico-sdk/src/rp2_common/pico_stdio_uart/stdio_uart.c.obj
                0x00000000100066a4                __binary_info_end = .
                0x00000000100066a4                . = ALIGN (0x4)
                0x00000000100066a4                __etext = .

.ram_vector_table
                0x0000000020000000       0xc0
 *(.ram_vector_table)
 .ram_vector_table
                0x0000000020000000       0xc0 minerMaster/CMakeFiles/minerMaster.dir/__/libraries/pico-sdk/src/rp2_common/pico_runtime/runtime.c.obj
                0x0000000020000000                ram_vector_table

.data           0x00000000200000c0      0x3bc load address 0x00000000100066a4
                0x00000000200000c0                __data_start__ = .
 *(vtable)
 *(.time_critical*)
 .time_critical.mutex_enter_blocking
                0x00000000200000c0       0x48 minerMaster/CMakeFiles/minerMaster.dir/__/libraries/pico-sdk/src/common/pico_sync/mutex.c.obj
                0x00000000200000c0                mutex_enter_blocking
 .time_critical.mutex_try_enter
                0x0000000020000108       0x46 minerMaster/CMakeFiles/minerMaster.dir/__/libraries/pico-sdk/src/common/pico_sync/mutex.c.obj
                0x0000000020000108                mutex_try_enter
 *fill*         0x000000002000014e        0x2 
 .time_critical.mutex_exit
                0x0000000020000150       0x4c minerMaster/CMakeFiles/minerMaster.dir/__/libraries/pico-sdk/src/common/pico_sync/mutex.c.obj
                0x0000000020000150                mutex_exit
 .time_critical.flash_init_boot2_copyout
                0x000000002000019c       0x30 minerMaster/CMakeFiles/minerMaster.dir/__/libraries/pico-sdk/src/rp2_common/hardware_flash/flash.c.obj
 .time_critical.flash_enable_xip_via_boot2
                0x00000000200001cc       0x10 minerMaster/CMakeFiles/minerMaster.dir/__/libraries/pico-sdk/src/rp2_common/hardware_flash/flash.c.obj
 .time_critical.flash_cs_force
                0x00000000200001dc       0x28 minerMaster/CMakeFiles/minerMaster.dir/__/libraries/pico-sdk/src/rp2_common/hardware_flash/flash.c.obj
 .time_critical.flash_do_cmd
                0x0000000020000204       0xd8 minerMaster/CMakeFiles/minerMaster.dir/__/libraries/pico-sdk/src/rp2_common/hardware_flash/flash.c.obj
                0x0000000020000204                flash_do_cmd
 .time_critical.i2c_slave_irq_handler
                0x00000000200002dc       0x80 minerMaster/CMakeFiles/minerMaster.dir/__/i2c_slave/i2c_slave.c.obj
 .time_critical.i2c0_slave_irq_handler
                0x000000002000035c       0x10 minerMaster/CMakeFiles/minerMaster.dir/__/i2c_slave/i2c_slave.c.obj
 .time_critical.i2c1_slave_irq_handler
                0x000000002000036c       0x10 minerMaster/CMakeFiles/minerMaster.dir/__/i2c_slave/i2c_slave.c.obj
 *(.text*)
 .text          0x000000002000037c        0x4 /Applications/ARM/bin/../lib/gcc/arm-none-eabi/10.3.1/thumb/v6-m/nofp/libgcc.a(_dvmd_tls.o)
                0x000000002000037c                __aeabi_ldiv0
                0x000000002000037c                __aeabi_idiv0
 .text.__stub   0x0000000020000380       0x10 linker stubs
                0x0000000020000390                . = ALIGN (0x4)
 *(.rodata*)
                0x0000000020000390                . = ALIGN (0x4)
 *(.data*)
 .data.striped_spin_lock_num
                0x0000000020000390        0x1 minerMaster/CMakeFiles/minerMaster.dir/__/libraries/pico-sdk/src/rp2_common/hardware_sync/sync.c.obj
 *fill*         0x0000000020000391        0x3 
 .data          0x0000000020000394       0x48 minerMaster/CMakeFiles/minerMaster.dir/__/libraries/pico-sdk/src/rp2_common/hardware_irq/irq_handler_chain.S.obj
                0x0000000020000394                irq_handler_chain_slots
                0x00000000200003c4                irq_handler_chain_first_slot
                0x00000000200003ce                irq_handler_chain_remove_tail
 .data.default_alarm_pool
                0x00000000200003dc       0x18 minerMaster/CMakeFiles/minerMaster.dir/__/libraries/pico-sdk/src/common/pico_time/time.c.obj
 .data.default_alarm_pool_heap
                0x00000000200003f4       0x10 minerMaster/CMakeFiles/minerMaster.dir/__/libraries/pico-sdk/src/common/pico_time/time.c.obj
 *fill*         0x0000000020000404        0xc 
 .data.aeabi_bits_funcs
                0x0000000020000410       0x10 minerMaster/CMakeFiles/minerMaster.dir/__/libraries/pico-sdk/src/rp2_common/pico_bit_ops/bit_ops_aeabi.S.obj
                0x0000000020000410                aeabi_bits_funcs
                0x0000000020000420                aeabi_bits_funcs_end
 .data.aeabi_mem_funcs
                0x0000000020000420       0x10 minerMaster/CMakeFiles/minerMaster.dir/__/libraries/pico-sdk/src/rp2_common/pico_mem_ops/mem_ops_aeabi.S.obj
                0x0000000020000420                aeabi_mem_funcs
                0x0000000020000430                aeabi_mem_funcs_end
 .data.stdio_uart
                0x0000000020000430       0x14 minerMaster/CMakeFiles/minerMaster.dir/__/libraries/pico-sdk/src/rp2_common/pico_stdio_uart/stdio_uart.c.obj
                0x0000000020000430                stdio_uart
 .data.i2c0_inst
                0x0000000020000444        0x8 minerMaster/CMakeFiles/minerMaster.dir/__/libraries/pico-sdk/src/rp2_common/hardware_i2c/i2c.c.obj
                0x0000000020000444                i2c0_inst
 .data.i2c1_inst
                0x000000002000044c        0x8 minerMaster/CMakeFiles/minerMaster.dir/__/libraries/pico-sdk/src/rp2_common/hardware_i2c/i2c.c.obj
                0x000000002000044c                i2c1_inst
                0x0000000020000454                . = ALIGN (0x4)
 *(.after_data.*)
                0x0000000020000454                . = ALIGN (0x4)
                0x0000000020000454                PROVIDE (__mutex_array_start = .)
 *(SORT_BY_NAME(.mutex_array.*))
 *(.mutex_array)
 .mutex_array   0x0000000020000454        0x8 minerMaster/CMakeFiles/minerMaster.dir/__/libraries/pico-sdk/src/rp2_common/pico_stdio/stdio.c.obj
                0x000000002000045c                PROVIDE (__mutex_array_end = .)
                0x000000002000045c                . = ALIGN (0x4)
                0x000000002000045c                PROVIDE (__preinit_array_start = .)
 *(SORT_BY_NAME(.preinit_array.*))
 .preinit_array.00001
                0x000000002000045c        0x4 minerMaster/CMakeFiles/minerMaster.dir/__/libraries/pico-sdk/src/rp2_common/pico_mem_ops/mem_ops_aeabi.S.obj
 .preinit_array.00010
                0x0000000020000460        0x4 minerMaster/CMakeFiles/minerMaster.dir/__/libraries/pico-sdk/src/rp2_common/pico_bit_ops/bit_ops_aeabi.S.obj
 .preinit_array.00020
                0x0000000020000464        0x4 minerMaster/CMakeFiles/minerMaster.dir/__/libraries/pico-sdk/src/rp2_common/pico_double/double_aeabi.S.obj
 .preinit_array.00020
                0x0000000020000468        0x4 minerMaster/CMakeFiles/minerMaster.dir/__/libraries/pico-sdk/src/rp2_common/pico_float/float_aeabi.S.obj
 *(.preinit_array)
                0x000000002000046c                PROVIDE (__preinit_array_end = .)
                0x000000002000046c                . = ALIGN (0x4)
                0x000000002000046c                PROVIDE (__init_array_start = .)
 *(SORT_BY_NAME(.init_array.*))
 *(.init_array)
 .init_array    0x000000002000046c        0x4 /Applications/ARM/bin/../lib/gcc/arm-none-eabi/10.3.1/thumb/v6-m/nofp/crtbegin.o
 .init_array    0x0000000020000470        0x4 minerMaster/CMakeFiles/minerMaster.dir/minerMaster.cpp.obj
 .init_array    0x0000000020000474        0x4 minerMaster/CMakeFiles/minerMaster.dir/__/libraries/pico-sdk/src/rp2_common/pico_unique_id/unique_id.c.obj
 .init_array    0x0000000020000478        0x4 minerMaster/CMakeFiles/minerMaster.dir/__/utils/Wire.cpp.obj
                0x000000002000047c                PROVIDE (__init_array_end = .)
                0x000000002000047c                . = ALIGN (0x4)
                [!provide]                        PROVIDE (__fini_array_start = .)
 *(SORT_BY_NAME(.fini_array.*))
 *(.fini_array)
                [!provide]                        PROVIDE (__fini_array_end = .)
 *(.jcr)
                0x000000002000047c                . = ALIGN (0x4)
                0x000000002000047c                __data_end__ = .

.igot.plt       0x000000002000047c        0x0 load address 0x0000000010006a60
 .igot.plt      0x000000002000047c        0x0 /Applications/ARM/bin/../lib/gcc/arm-none-eabi/10.3.1/thumb/v6-m/nofp/crtbegin.o

.uninitialized_data
                0x000000002000047c        0x0 load address 0x0000000010006a60
                0x000000002000047c                . = ALIGN (0x4)
 *(.uninitialized_data*)

.scratch_x      0x0000000020040000        0x0 load address 0x0000000010006a60
                0x0000000020040000                __scratch_x_start__ = .
 *(.scratch_x.*)
                0x0000000020040000                . = ALIGN (0x4)
                0x0000000020040000                __scratch_x_end__ = .
                0x0000000010006a60                __scratch_x_source__ = LOADADDR (.scratch_x)

.scratch_y      0x0000000020041000        0x0 load address 0x0000000010006a60
                0x0000000020041000                __scratch_y_start__ = .
 *(.scratch_y.*)
                0x0000000020041000                . = ALIGN (0x4)
                0x0000000020041000                __scratch_y_end__ = .
                0x0000000010006a60                __scratch_y_source__ = LOADADDR (.scratch_y)

.bss            0x0000000020000480      0x918
                0x0000000020000480                . = ALIGN (0x4)
                0x0000000020000480                __bss_start__ = .
 *(SORT_BY_ALIGNMENT(SORT_BY_NAME(.bss*)))
 .bss.default_alarm_pool_entries
                0x0000000020000480      0x100 minerMaster/CMakeFiles/minerMaster.dir/__/libraries/pico-sdk/src/common/pico_time/time.c.obj
 .bss           0x0000000020000580       0x1c /Applications/ARM/bin/../lib/gcc/arm-none-eabi/10.3.1/thumb/v6-m/nofp/crtbegin.o
 .bss.Wire      0x000000002000059c      0x10c minerMaster/CMakeFiles/minerMaster.dir/__/utils/Wire.cpp.obj
                0x000000002000059c                Wire
 .bss.Wire1     0x00000000200006a8      0x10c minerMaster/CMakeFiles/minerMaster.dir/__/utils/Wire.cpp.obj
                0x00000000200006a8                Wire1
 .bss._ZL13receiveBuffer
                0x00000000200007b4      0x108 minerMaster/CMakeFiles/minerMaster.dir/minerMaster.cpp.obj
 .bss._ZL13requestBuffer
                0x00000000200008bc      0x108 minerMaster/CMakeFiles/minerMaster.dir/minerMaster.cpp.obj
 .bss.alarm_callbacks
                0x00000000200009c4       0x10 minerMaster/CMakeFiles/minerMaster.dir/__/libraries/pico-sdk/src/rp2_common/hardware_timer/timer.c.obj
 .bss.boot2_copyout
                0x00000000200009d4      0x100 minerMaster/CMakeFiles/minerMaster.dir/__/libraries/pico-sdk/src/rp2_common/hardware_flash/flash.c.obj
 .bss.configured_freq
                0x0000000020000ad4       0x28 minerMaster/CMakeFiles/minerMaster.dir/__/libraries/pico-sdk/src/rp2_common/hardware_clocks/clocks.c.obj
 .bss.default_alarm_pool_entry_ids_high
                0x0000000020000afc       0x10 minerMaster/CMakeFiles/minerMaster.dir/__/libraries/pico-sdk/src/common/pico_time/time.c.obj
 .bss.default_alarm_pool_heap_nodes
                0x0000000020000b0c       0x30 minerMaster/CMakeFiles/minerMaster.dir/__/libraries/pico-sdk/src/common/pico_time/time.c.obj
 .bss.drivers   0x0000000020000b3c        0x4 minerMaster/CMakeFiles/minerMaster.dir/__/libraries/pico-sdk/src/rp2_common/pico_stdio/stdio.c.obj
 .bss.filter    0x0000000020000b40        0x4 minerMaster/CMakeFiles/minerMaster.dir/__/libraries/pico-sdk/src/rp2_common/pico_stdio/stdio.c.obj
 .bss.i2c_slaves
                0x0000000020000b44       0x18 minerMaster/CMakeFiles/minerMaster.dir/__/i2c_slave/i2c_slave.c.obj
 .bss.pools     0x0000000020000b5c       0x10 minerMaster/CMakeFiles/minerMaster.dir/__/libraries/pico-sdk/src/common/pico_time/time.c.obj
 .bss.retrieved_id
                0x0000000020000b6c        0x8 minerMaster/CMakeFiles/minerMaster.dir/__/libraries/pico-sdk/src/rp2_common/pico_unique_id/unique_id.c.obj
 .bss.sd_table  0x0000000020000b74      0x100 minerMaster/CMakeFiles/minerMaster.dir/__/libraries/pico-sdk/src/rp2_common/pico_double/double_init_rom.c.obj
                0x0000000020000b74                sd_table
 .bss.sf_clz_func
                0x0000000020000c74        0x4 minerMaster/CMakeFiles/minerMaster.dir/__/libraries/pico-sdk/src/rp2_common/pico_double/double_init_rom.c.obj
                0x0000000020000c74                sf_clz_func
 .bss.sf_table  0x0000000020000c78      0x100 minerMaster/CMakeFiles/minerMaster.dir/__/libraries/pico-sdk/src/rp2_common/pico_float/float_init_rom.c.obj
                0x0000000020000c78                sf_table
 .bss.sleep_notifier
                0x0000000020000d78        0x4 minerMaster/CMakeFiles/minerMaster.dir/__/libraries/pico-sdk/src/common/pico_time/time.c.obj
 .bss.target_hi
                0x0000000020000d7c       0x10 minerMaster/CMakeFiles/minerMaster.dir/__/libraries/pico-sdk/src/rp2_common/hardware_timer/timer.c.obj
 .bss.uart_char_to_line_feed
                0x0000000020000d8c        0x4 minerMaster/CMakeFiles/minerMaster.dir/__/libraries/pico-sdk/src/rp2_common/hardware_uart/uart.c.obj
                0x0000000020000d8c                uart_char_to_line_feed
 .bss.uart_instance
                0x0000000020000d90        0x4 minerMaster/CMakeFiles/minerMaster.dir/__/libraries/pico-sdk/src/rp2_common/pico_stdio_uart/stdio_uart.c.obj
 .bss.boot2_copyout_valid
                0x0000000020000d94        0x1 minerMaster/CMakeFiles/minerMaster.dir/__/libraries/pico-sdk/src/rp2_common/hardware_flash/flash.c.obj
 .bss.claimed   0x0000000020000d95        0x1 minerMaster/CMakeFiles/minerMaster.dir/__/libraries/pico-sdk/src/rp2_common/hardware_timer/timer.c.obj
 .bss.irq_hander_chain_free_slot_head
                0x0000000020000d96        0x1 minerMaster/CMakeFiles/minerMaster.dir/__/libraries/pico-sdk/src/rp2_common/hardware_irq/irq.c.obj
 .bss.timer_callbacks_pending
                0x0000000020000d97        0x1 minerMaster/CMakeFiles/minerMaster.dir/__/libraries/pico-sdk/src/rp2_common/hardware_timer/timer.c.obj
 *(COMMON)
                0x0000000020000d98                . = ALIGN (0x4)
                0x0000000020000d98                __bss_end__ = .

.heap           0x0000000020000d98      0x800
                0x0000000020000d98                __end__ = .
                0x0000000020000d98                end = __end__
 *(.heap*)
 .heap          0x0000000020000d98      0x800 minerMaster/CMakeFiles/minerMaster.dir/__/libraries/pico-sdk/src/rp2_common/pico_standard_link/crt0.S.obj
                0x0000000020001598                __HeapLimit = .

.stack1_dummy   0x0000000020040000        0x0
 *(.stack1*)

.stack_dummy    0x0000000020041000      0x800
 *(.stack*)
 .stack         0x0000000020041000      0x800 minerMaster/CMakeFiles/minerMaster.dir/__/libraries/pico-sdk/src/rp2_common/pico_standard_link/crt0.S.obj

.flash_end      0x0000000010006a60        0x0
                0x0000000010006a60                __flash_binary_end = .
                0x0000000020040000                __StackLimit = (ORIGIN (RAM) + LENGTH (RAM))
                0x0000000020041000                __StackOneTop = (ORIGIN (SCRATCH_X) + LENGTH (SCRATCH_X))
                0x0000000020042000                __StackTop = (ORIGIN (SCRATCH_Y) + LENGTH (SCRATCH_Y))
                0x0000000020041000                __StackOneBottom = (__StackOneTop - SIZEOF (.stack1_dummy))
                0x0000000020041800                __StackBottom = (__StackTop - SIZEOF (.stack_dummy))
                0x0000000020042000                PROVIDE (__stack = __StackTop)
                0x0000000000000001                ASSERT ((__StackLimit >= __HeapLimit), region RAM overflowed)
                0x0000000000000001                ASSERT (((__binary_info_header_end - __logical_binary_start) <= 0x100), Binary info must be in first 256 bytes of the binary)
LOAD minerMaster/CMakeFiles/minerMaster.dir/hwSetupUtils.cpp.obj
LOAD minerMaster/CMakeFiles/minerMaster.dir/minerMaster.cpp.obj
LOAD minerMaster/CMakeFiles/minerMaster.dir/__/libraries/pico-sdk/src/rp2_common/pico_stdlib/stdlib.c.obj
LOAD minerMaster/CMakeFiles/minerMaster.dir/__/libraries/pico-sdk/src/rp2_common/hardware_gpio/gpio.c.obj
LOAD minerMaster/CMakeFiles/minerMaster.dir/__/libraries/pico-sdk/src/rp2_common/hardware_claim/claim.c.obj
LOAD minerMaster/CMakeFiles/minerMaster.dir/__/libraries/pico-sdk/src/rp2_common/pico_platform/platform.c.obj
LOAD minerMaster/CMakeFiles/minerMaster.dir/__/libraries/pico-sdk/src/rp2_common/hardware_sync/sync.c.obj
LOAD minerMaster/CMakeFiles/minerMaster.dir/__/libraries/pico-sdk/src/rp2_common/hardware_irq/irq.c.obj
LOAD minerMaster/CMakeFiles/minerMaster.dir/__/libraries/pico-sdk/src/rp2_common/hardware_irq/irq_handler_chain.S.obj
LOAD minerMaster/CMakeFiles/minerMaster.dir/__/libraries/pico-sdk/src/common/pico_sync/sem.c.obj
LOAD minerMaster/CMakeFiles/minerMaster.dir/__/libraries/pico-sdk/src/common/pico_sync/lock_core.c.obj
LOAD minerMaster/CMakeFiles/minerMaster.dir/__/libraries/pico-sdk/src/common/pico_time/time.c.obj
LOAD minerMaster/CMakeFiles/minerMaster.dir/__/libraries/pico-sdk/src/common/pico_time/timeout_helper.c.obj
LOAD minerMaster/CMakeFiles/minerMaster.dir/__/libraries/pico-sdk/src/rp2_common/hardware_timer/timer.c.obj
LOAD minerMaster/CMakeFiles/minerMaster.dir/__/libraries/pico-sdk/src/common/pico_util/datetime.c.obj
LOAD minerMaster/CMakeFiles/minerMaster.dir/__/libraries/pico-sdk/src/common/pico_util/pheap.c.obj
LOAD minerMaster/CMakeFiles/minerMaster.dir/__/libraries/pico-sdk/src/common/pico_util/queue.c.obj
LOAD minerMaster/CMakeFiles/minerMaster.dir/__/libraries/pico-sdk/src/common/pico_sync/mutex.c.obj
LOAD minerMaster/CMakeFiles/minerMaster.dir/__/libraries/pico-sdk/src/common/pico_sync/critical_section.c.obj
LOAD minerMaster/CMakeFiles/minerMaster.dir/__/libraries/pico-sdk/src/rp2_common/hardware_uart/uart.c.obj
LOAD minerMaster/CMakeFiles/minerMaster.dir/__/libraries/pico-sdk/src/rp2_common/hardware_divider/divider.S.obj
LOAD minerMaster/CMakeFiles/minerMaster.dir/__/libraries/pico-sdk/src/rp2_common/pico_runtime/runtime.c.obj
LOAD minerMaster/CMakeFiles/minerMaster.dir/__/libraries/pico-sdk/src/rp2_common/hardware_clocks/clocks.c.obj
LOAD minerMaster/CMakeFiles/minerMaster.dir/__/libraries/pico-sdk/src/rp2_common/hardware_pll/pll.c.obj
LOAD minerMaster/CMakeFiles/minerMaster.dir/__/libraries/pico-sdk/src/rp2_common/hardware_vreg/vreg.c.obj
LOAD minerMaster/CMakeFiles/minerMaster.dir/__/libraries/pico-sdk/src/rp2_common/hardware_watchdog/watchdog.c.obj
LOAD minerMaster/CMakeFiles/minerMaster.dir/__/libraries/pico-sdk/src/rp2_common/hardware_xosc/xosc.c.obj
LOAD minerMaster/CMakeFiles/minerMaster.dir/__/libraries/pico-sdk/src/rp2_common/pico_printf/printf.c.obj
LOAD minerMaster/CMakeFiles/minerMaster.dir/__/libraries/pico-sdk/src/rp2_common/pico_bit_ops/bit_ops_aeabi.S.obj
LOAD minerMaster/CMakeFiles/minerMaster.dir/__/libraries/pico-sdk/src/rp2_common/pico_bootrom/bootrom.c.obj
LOAD minerMaster/CMakeFiles/minerMaster.dir/__/libraries/pico-sdk/src/rp2_common/pico_divider/divider.S.obj
LOAD minerMaster/CMakeFiles/minerMaster.dir/__/libraries/pico-sdk/src/rp2_common/pico_double/double_aeabi.S.obj
LOAD minerMaster/CMakeFiles/minerMaster.dir/__/libraries/pico-sdk/src/rp2_common/pico_double/double_init_rom.c.obj
LOAD minerMaster/CMakeFiles/minerMaster.dir/__/libraries/pico-sdk/src/rp2_common/pico_double/double_math.c.obj
LOAD minerMaster/CMakeFiles/minerMaster.dir/__/libraries/pico-sdk/src/rp2_common/pico_double/double_v1_rom_shim.S.obj
LOAD minerMaster/CMakeFiles/minerMaster.dir/__/libraries/pico-sdk/src/rp2_common/pico_int64_ops/pico_int64_ops_aeabi.S.obj
LOAD minerMaster/CMakeFiles/minerMaster.dir/__/libraries/pico-sdk/src/rp2_common/pico_float/float_aeabi.S.obj
LOAD minerMaster/CMakeFiles/minerMaster.dir/__/libraries/pico-sdk/src/rp2_common/pico_float/float_init_rom.c.obj
LOAD minerMaster/CMakeFiles/minerMaster.dir/__/libraries/pico-sdk/src/rp2_common/pico_float/float_math.c.obj
LOAD minerMaster/CMakeFiles/minerMaster.dir/__/libraries/pico-sdk/src/rp2_common/pico_float/float_v1_rom_shim.S.obj
LOAD minerMaster/CMakeFiles/minerMaster.dir/__/libraries/pico-sdk/src/rp2_common/pico_malloc/pico_malloc.c.obj
LOAD minerMaster/CMakeFiles/minerMaster.dir/__/libraries/pico-sdk/src/rp2_common/pico_mem_ops/mem_ops_aeabi.S.obj
LOAD minerMaster/CMakeFiles/minerMaster.dir/__/libraries/pico-sdk/src/rp2_common/pico_standard_link/crt0.S.obj
LOAD minerMaster/CMakeFiles/minerMaster.dir/__/libraries/pico-sdk/src/rp2_common/pico_standard_link/new_delete.cpp.obj
LOAD minerMaster/CMakeFiles/minerMaster.dir/__/libraries/pico-sdk/src/rp2_common/pico_standard_link/binary_info.c.obj
LOAD minerMaster/CMakeFiles/minerMaster.dir/__/libraries/pico-sdk/src/rp2_common/pico_stdio/stdio.c.obj
LOAD minerMaster/CMakeFiles/minerMaster.dir/__/libraries/pico-sdk/src/rp2_common/pico_stdio_uart/stdio_uart.c.obj
LOAD minerMaster/CMakeFiles/minerMaster.dir/__/libraries/pico-sdk/src/rp2_common/pico_unique_id/unique_id.c.obj
LOAD minerMaster/CMakeFiles/minerMaster.dir/__/libraries/pico-sdk/src/rp2_common/hardware_flash/flash.c.obj
LOAD minerMaster/CMakeFiles/minerMaster.dir/__/i2c_slave/i2c_slave.c.obj
LOAD minerMaster/CMakeFiles/minerMaster.dir/__/libraries/pico-sdk/src/rp2_common/hardware_i2c/i2c.c.obj
LOAD minerMaster/CMakeFiles/minerMaster.dir/__/utils/Wire.cpp.obj
LOAD minerMaster/CMakeFiles/minerMaster.dir/__/utils/charbuffer.cpp.obj
LOAD minerMaster/CMakeFiles/minerMaster.dir/__/utils/duinoCoinUtils.cpp.obj
LOAD libraries/mbedtls/library/libmbedcrypto.a
LOAD libraries/mbedtls/library/libmbedx509.a
LOAD /var/folders/7z/r4r2qbgd4bb_p1x_wcg8qx4c0000gn/T//ccYmkfHe.o
LOAD libraries/mbedtls/library/libmbedcrypto.a
LOAD /Applications/ARM/bin/../lib/gcc/arm-none-eabi/10.3.1/../../../../arm-none-eabi/lib/thumb/v6-m/nofp/libstdc++.a
LOAD /Applications/ARM/bin/../lib/gcc/arm-none-eabi/10.3.1/../../../../arm-none-eabi/lib/thumb/v6-m/nofp/libm.a
START GROUP
LOAD /Applications/ARM/bin/../lib/gcc/arm-none-eabi/10.3.1/thumb/v6-m/nofp/libgcc.a
LOAD /Applications/ARM/bin/../lib/gcc/arm-none-eabi/10.3.1/../../../../arm-none-eabi/lib/thumb/v6-m/nofp/libg.a
LOAD /Applications/ARM/bin/../lib/gcc/arm-none-eabi/10.3.1/../../../../arm-none-eabi/lib/thumb/v6-m/nofp/libc.a
END GROUP
START GROUP
LOAD /Applications/ARM/bin/../lib/gcc/arm-none-eabi/10.3.1/thumb/v6-m/nofp/libgcc.a
LOAD /Applications/ARM/bin/../lib/gcc/arm-none-eabi/10.3.1/../../../../arm-none-eabi/lib/thumb/v6-m/nofp/libc.a
LOAD /Applications/ARM/bin/../lib/gcc/arm-none-eabi/10.3.1/../../../../arm-none-eabi/lib/thumb/v6-m/nofp/libnosys.a
END GROUP
LOAD /Applications/ARM/bin/../lib/gcc/arm-none-eabi/10.3.1/thumb/v6-m/nofp/crtend.o
LOAD /Applications/ARM/bin/../lib/gcc/arm-none-eabi/10.3.1/thumb/v6-m/nofp/crtn.o
OUTPUT(minerMaster/minerMaster.elf elf32-littlearm)
LOAD linker stubs

.ARM.attributes
                0x0000000000000000       0x28
 .ARM.attributes
                0x0000000000000000       0x1e /Applications/ARM/bin/../lib/gcc/arm-none-eabi/10.3.1/thumb/v6-m/nofp/crti.o
 .ARM.attributes
                0x000000000000001e       0x2c /Applications/ARM/bin/../lib/gcc/arm-none-eabi/10.3.1/thumb/v6-m/nofp/crtbegin.o
 .ARM.attributes
                0x000000000000004a       0x2c minerMaster/CMakeFiles/minerMaster.dir/hwSetupUtils.cpp.obj
 .ARM.attributes
                0x0000000000000076       0x2c minerMaster/CMakeFiles/minerMaster.dir/minerMaster.cpp.obj
 .ARM.attributes
                0x00000000000000a2       0x2c minerMaster/CMakeFiles/minerMaster.dir/__/libraries/pico-sdk/src/rp2_common/hardware_gpio/gpio.c.obj
 .ARM.attributes
                0x00000000000000ce       0x2c minerMaster/CMakeFiles/minerMaster.dir/__/libraries/pico-sdk/src/rp2_common/hardware_claim/claim.c.obj
 .ARM.attributes
                0x00000000000000fa       0x2c minerMaster/CMakeFiles/minerMaster.dir/__/libraries/pico-sdk/src/rp2_common/pico_platform/platform.c.obj
 .ARM.attributes
                0x0000000000000126       0x2c minerMaster/CMakeFiles/minerMaster.dir/__/libraries/pico-sdk/src/rp2_common/hardware_sync/sync.c.obj
 .ARM.attributes
                0x0000000000000152       0x2c minerMaster/CMakeFiles/minerMaster.dir/__/libraries/pico-sdk/src/rp2_common/hardware_irq/irq.c.obj
 .ARM.attributes
                0x000000000000017e       0x22 minerMaster/CMakeFiles/minerMaster.dir/__/libraries/pico-sdk/src/rp2_common/hardware_irq/irq_handler_chain.S.obj
 .ARM.attributes
                0x00000000000001a0       0x2c minerMaster/CMakeFiles/minerMaster.dir/__/libraries/pico-sdk/src/common/pico_sync/lock_core.c.obj
 .ARM.attributes
                0x00000000000001cc       0x2c minerMaster/CMakeFiles/minerMaster.dir/__/libraries/pico-sdk/src/common/pico_time/time.c.obj
 .ARM.attributes
                0x00000000000001f8       0x2c minerMaster/CMakeFiles/minerMaster.dir/__/libraries/pico-sdk/src/rp2_common/hardware_timer/timer.c.obj
 .ARM.attributes
                0x0000000000000224       0x2c minerMaster/CMakeFiles/minerMaster.dir/__/libraries/pico-sdk/src/common/pico_util/pheap.c.obj
 .ARM.attributes
                0x0000000000000250       0x2c minerMaster/CMakeFiles/minerMaster.dir/__/libraries/pico-sdk/src/common/pico_sync/mutex.c.obj
 .ARM.attributes
                0x000000000000027c       0x2c minerMaster/CMakeFiles/minerMaster.dir/__/libraries/pico-sdk/src/rp2_common/hardware_uart/uart.c.obj
 .ARM.attributes
                0x00000000000002a8       0x2c minerMaster/CMakeFiles/minerMaster.dir/__/libraries/pico-sdk/src/rp2_common/pico_runtime/runtime.c.obj
 .ARM.attributes
                0x00000000000002d4       0x2c minerMaster/CMakeFiles/minerMaster.dir/__/libraries/pico-sdk/src/rp2_common/hardware_clocks/clocks.c.obj
 .ARM.attributes
                0x0000000000000300       0x2c minerMaster/CMakeFiles/minerMaster.dir/__/libraries/pico-sdk/src/rp2_common/hardware_pll/pll.c.obj
 .ARM.attributes
                0x000000000000032c       0x2c minerMaster/CMakeFiles/minerMaster.dir/__/libraries/pico-sdk/src/rp2_common/hardware_watchdog/watchdog.c.obj
 .ARM.attributes
                0x0000000000000358       0x2c minerMaster/CMakeFiles/minerMaster.dir/__/libraries/pico-sdk/src/rp2_common/hardware_xosc/xosc.c.obj
 .ARM.attributes
                0x0000000000000384       0x2c minerMaster/CMakeFiles/minerMaster.dir/__/libraries/pico-sdk/src/rp2_common/pico_printf/printf.c.obj
 .ARM.attributes
                0x00000000000003b0       0x22 minerMaster/CMakeFiles/minerMaster.dir/__/libraries/pico-sdk/src/rp2_common/pico_bit_ops/bit_ops_aeabi.S.obj
 .ARM.attributes
                0x00000000000003d2       0x2c minerMaster/CMakeFiles/minerMaster.dir/__/libraries/pico-sdk/src/rp2_common/pico_bootrom/bootrom.c.obj
 .ARM.attributes
                0x00000000000003fe       0x22 minerMaster/CMakeFiles/minerMaster.dir/__/libraries/pico-sdk/src/rp2_common/pico_divider/divider.S.obj
 .ARM.attributes
                0x0000000000000420       0x22 minerMaster/CMakeFiles/minerMaster.dir/__/libraries/pico-sdk/src/rp2_common/pico_double/double_aeabi.S.obj
 .ARM.attributes
                0x0000000000000442       0x2c minerMaster/CMakeFiles/minerMaster.dir/__/libraries/pico-sdk/src/rp2_common/pico_double/double_init_rom.c.obj
 .ARM.attributes
                0x000000000000046e       0x22 minerMaster/CMakeFiles/minerMaster.dir/__/libraries/pico-sdk/src/rp2_common/pico_double/double_v1_rom_shim.S.obj
 .ARM.attributes
                0x0000000000000490       0x22 minerMaster/CMakeFiles/minerMaster.dir/__/libraries/pico-sdk/src/rp2_common/pico_int64_ops/pico_int64_ops_aeabi.S.obj
 .ARM.attributes
                0x00000000000004b2       0x22 minerMaster/CMakeFiles/minerMaster.dir/__/libraries/pico-sdk/src/rp2_common/pico_float/float_aeabi.S.obj
 .ARM.attributes
                0x00000000000004d4       0x2c minerMaster/CMakeFiles/minerMaster.dir/__/libraries/pico-sdk/src/rp2_common/pico_float/float_init_rom.c.obj
 .ARM.attributes
                0x0000000000000500       0x22 minerMaster/CMakeFiles/minerMaster.dir/__/libraries/pico-sdk/src/rp2_common/pico_float/float_v1_rom_shim.S.obj
 .ARM.attributes
                0x0000000000000522       0x22 minerMaster/CMakeFiles/minerMaster.dir/__/libraries/pico-sdk/src/rp2_common/pico_mem_ops/mem_ops_aeabi.S.obj
 .ARM.attributes
                0x0000000000000544       0x22 minerMaster/CMakeFiles/minerMaster.dir/__/libraries/pico-sdk/src/rp2_common/pico_standard_link/crt0.S.obj
 .ARM.attributes
                0x0000000000000566       0x2c minerMaster/CMakeFiles/minerMaster.dir/__/libraries/pico-sdk/src/rp2_common/pico_standard_link/binary_info.c.obj
 .ARM.attributes
                0x0000000000000592       0x2c minerMaster/CMakeFiles/minerMaster.dir/__/libraries/pico-sdk/src/rp2_common/pico_stdio/stdio.c.obj
 .ARM.attributes
                0x00000000000005be       0x2c minerMaster/CMakeFiles/minerMaster.dir/__/libraries/pico-sdk/src/rp2_common/pico_stdio_uart/stdio_uart.c.obj
 .ARM.attributes
                0x00000000000005ea       0x2c minerMaster/CMakeFiles/minerMaster.dir/__/libraries/pico-sdk/src/rp2_common/pico_unique_id/unique_id.c.obj
 .ARM.attributes
                0x0000000000000616       0x2c minerMaster/CMakeFiles/minerMaster.dir/__/libraries/pico-sdk/src/rp2_common/hardware_flash/flash.c.obj
 .ARM.attributes
                0x0000000000000642       0x2c minerMaster/CMakeFiles/minerMaster.dir/__/i2c_slave/i2c_slave.c.obj
 .ARM.attributes
                0x000000000000066e       0x2c minerMaster/CMakeFiles/minerMaster.dir/__/libraries/pico-sdk/src/rp2_common/hardware_i2c/i2c.c.obj
 .ARM.attributes
                0x000000000000069a       0x2c minerMaster/CMakeFiles/minerMaster.dir/__/utils/Wire.cpp.obj
 .ARM.attributes
                0x00000000000006c6       0x22 /var/folders/7z/r4r2qbgd4bb_p1x_wcg8qx4c0000gn/T//ccYmkfHe.o
 .ARM.attributes
                0x00000000000006e8       0x1e /Applications/ARM/bin/../lib/gcc/arm-none-eabi/10.3.1/thumb/v6-m/nofp/libgcc.a(_dvmd_tls.o)
 .ARM.attributes
                0x0000000000000706       0x2c /Applications/ARM/bin/../lib/gcc/arm-none-eabi/10.3.1/../../../../arm-none-eabi/lib/thumb/v6-m/nofp/libg.a(lib_a-strlen-stub.o)

.comment        0x0000000000000000       0x49
 .comment       0x0000000000000000       0x49 minerMaster/CMakeFiles/minerMaster.dir/hwSetupUtils.cpp.obj
                                         0x4a (size before relaxing)
 .comment       0x0000000000000049       0x4a minerMaster/CMakeFiles/minerMaster.dir/minerMaster.cpp.obj
 .comment       0x0000000000000049       0x4a minerMaster/CMakeFiles/minerMaster.dir/__/libraries/pico-sdk/src/rp2_common/hardware_gpio/gpio.c.obj
 .comment       0x0000000000000049       0x4a minerMaster/CMakeFiles/minerMaster.dir/__/libraries/pico-sdk/src/rp2_common/hardware_claim/claim.c.obj
 .comment       0x0000000000000049       0x4a minerMaster/CMakeFiles/minerMaster.dir/__/libraries/pico-sdk/src/rp2_common/pico_platform/platform.c.obj
 .comment       0x0000000000000049       0x4a minerMaster/CMakeFiles/minerMaster.dir/__/libraries/pico-sdk/src/rp2_common/hardware_sync/sync.c.obj
 .comment       0x0000000000000049       0x4a minerMaster/CMakeFiles/minerMaster.dir/__/libraries/pico-sdk/src/rp2_common/hardware_irq/irq.c.obj
 .comment       0x0000000000000049       0x4a minerMaster/CMakeFiles/minerMaster.dir/__/libraries/pico-sdk/src/common/pico_sync/lock_core.c.obj
 .comment       0x0000000000000049       0x4a minerMaster/CMakeFiles/minerMaster.dir/__/libraries/pico-sdk/src/common/pico_time/time.c.obj
 .comment       0x0000000000000049       0x4a minerMaster/CMakeFiles/minerMaster.dir/__/libraries/pico-sdk/src/rp2_common/hardware_timer/timer.c.obj
 .comment       0x0000000000000049       0x4a minerMaster/CMakeFiles/minerMaster.dir/__/libraries/pico-sdk/src/common/pico_util/pheap.c.obj
 .comment       0x0000000000000049       0x4a minerMaster/CMakeFiles/minerMaster.dir/__/libraries/pico-sdk/src/common/pico_sync/mutex.c.obj
 .comment       0x0000000000000049       0x4a minerMaster/CMakeFiles/minerMaster.dir/__/libraries/pico-sdk/src/rp2_common/hardware_uart/uart.c.obj
 .comment       0x0000000000000049       0x4a minerMaster/CMakeFiles/minerMaster.dir/__/libraries/pico-sdk/src/rp2_common/pico_runtime/runtime.c.obj
 .comment       0x0000000000000049       0x4a minerMaster/CMakeFiles/minerMaster.dir/__/libraries/pico-sdk/src/rp2_common/hardware_clocks/clocks.c.obj
 .comment       0x0000000000000049       0x4a minerMaster/CMakeFiles/minerMaster.dir/__/libraries/pico-sdk/src/rp2_common/hardware_pll/pll.c.obj